 CapsuleRuntimeDxe

 Timestamp is 65f952a0 (Tue Mar 19 16:53:52 2024)

 Preferred load address is 0000000000000000

 Start         Length     Name                   Class
 0001:00000000 00000114H .text                   CODE
 0001:00000114 000023aeH .text$mn                CODE
 0002:00000000 000010d4H .rdata                  DATA
 0002:000010d4 000001b4H .rdata$voltmd           DATA
 0002:00001288 0000017cH .rdata$zzzdbg           DATA
 0003:00000000 00000088H .data                   DATA
 0003:00000088 00000080H .bss                    DATA
 0004:00000000 00000138H .pdata                  DATA
 0005:00000000 0000011cH .xdata                  DATA

  Address         Publics by Value              Rva+Base               Lib:Object

 0000:00000000       __arm64x_extra_rfe_table   0000000000000000     <absolute>
 0000:00000000       __hybrid_code_map          0000000000000000     <absolute>
 0000:00000000       __x64_code_ranges_to_entry_points 0000000000000000     <absolute>
 0000:00000000       __guard_longjmp_table      0000000000000000     <absolute>
 0000:00000000       __arm64x_extra_rfe_table_size 0000000000000000     <absolute>
 0000:00000000       __x64_code_ranges_to_entry_points_count 0000000000000000     <absolute>
 0000:00000000       __guard_flags              0000000000000000     <absolute>
 0000:00000000       __arm64x_redirection_metadata 0000000000000000     <absolute>
 0000:00000000       __guard_eh_cont_count      0000000000000000     <absolute>
 0000:00000000       __guard_iat_table          0000000000000000     <absolute>
 0000:00000000       __guard_fids_count         0000000000000000     <absolute>
 0000:00000000       __guard_iat_count          0000000000000000     <absolute>
 0000:00000000       __guard_longjmp_count      0000000000000000     <absolute>
 0000:00000000       __dynamic_value_reloc_table 0000000000000000     <absolute>
 0000:00000000       __hybrid_auxiliary_iat     0000000000000000     <absolute>
 0000:00000000       __hybrid_auxiliary_iat_copy 0000000000000000     <absolute>
 0000:00000000       __AbsoluteZero             0000000000000000     <absolute>
 0000:00000000       __guard_check_icall_a64n_fptr 0000000000000000     <absolute>
 0000:00000000       __guard_fids_table         0000000000000000     <absolute>
 0000:00000000       __arm64x_redirection_metadata_count 0000000000000000     <absolute>
 0000:00000000       __enclave_config           0000000000000000     <absolute>
 0000:00000000       __guard_eh_cont_table      0000000000000000     <absolute>
 0000:00000000       __arm64x_native_entrypoint 0000000000000000     <absolute>
 0000:00000000       __hybrid_code_map_count    0000000000000000     <absolute>
 0001:00000000       InternalMemZeroMem         0000000000001000     BaseMemoryLibRepStr:ZeroMem.obj
 0001:00000020       AsmCpuid                   0000000000001020     BaseLib:CpuId.obj
 0001:00000050       InternalMemCopyMem         0000000000001050     BaseMemoryLibRepStr:CopyMem.obj
 0001:00000090       InternalMemSetMem          0000000000001090     BaseMemoryLibRepStr:SetMem.obj
 0001:000000b0       InternalMemSetMem64        00000000000010b0     BaseMemoryLibRepStr:SetMem64.obj
 0001:000000d0       InternalMemSetMem32        00000000000010d0     BaseMemoryLibRepStr:SetMem32.obj
 0001:000000f0       AsmWbinvd                  00000000000010f0     BaseLib:Wbinvd.obj
 0001:00000100       AsmFlushCacheLine          0000000000001100     BaseLib:FlushCacheLine.obj
 0001:00000110       AsmInvd                    0000000000001110     BaseLib:Invd.obj
 0001:00000114       _ModuleEntryPoint          0000000000001114 f   UefiDriverEntryPoint:DriverEntryPoint.obj
 0001:0000013c       ProcessLibraryConstructorList 000000000000113c f   CapsuleRuntimeDxe:AutoGen.obj
 0001:00000470       ProcessLibraryDestructorList 0000000000001470 f   CapsuleRuntimeDxe:AutoGen.obj
 0001:000005ac       ProcessModuleEntryPointList 00000000000015ac f   CapsuleRuntimeDxe:AutoGen.obj
 0001:00000658       UpdateCapsule              0000000000001658 f   CapsuleRuntimeDxe:CapsuleService.obj
 0001:00000740       QueryCapsuleCapabilities   0000000000001740 f   CapsuleRuntimeDxe:CapsuleService.obj
 0001:0000082c       CompareGuid                000000000000182c f   BaseMemoryLibRepStr:MemLibGuid.obj
 0001:00000924       AsciiStrLen                0000000000001924 f   BaseLib:String.obj
 0001:000009a4       StrnLenS                   00000000000019a4 f   BaseLib:SafeString.obj
 0001:00000a10       AsciiSPrint                0000000000001a10 f   BasePrintLib:PrintLib.obj
 0001:00000a3c       BasePrintLibFillBuffer     0000000000001a3c f   BasePrintLib:PrintLibInternal.obj
 0001:00000a70       BasePrintLibValueToString  0000000000001a70 f   BasePrintLib:PrintLibInternal.obj
 0001:00000ae4       BasePrintLibSPrintMarker   0000000000001ae4 f   BasePrintLib:PrintLibInternal.obj
 0001:00001af0       BasePrintLibSPrint         0000000000002af0 f   BasePrintLib:PrintLibInternal.obj
 0001:00001b14       DebugPrint                 0000000000002b14 f   BaseDebugLibSerialPort:DebugLib.obj
 0001:00001b38       DebugPrintMarker           0000000000002b38 f   BaseDebugLibSerialPort:DebugLib.obj
 0001:00001bd0       DebugAssert                0000000000002bd0 f   BaseDebugLibSerialPort:DebugLib.obj
 0001:00001c50       GetHobList                 0000000000002c50 f   DxeHobLib:HobLib.obj
 0001:00001d68       GetNextHob                 0000000000002d68 f   DxeHobLib:HobLib.obj
 0001:00001dc0       PlatformHookSerialPortInitialize 0000000000002dc0 f   PlatformHookLib:PlatformHookLib.obj
 0001:00001e8c       RuntimeLibExitBootServicesEvent 0000000000002e8c f   UefiRuntimeLib:RuntimeLib.obj
 0001:00001e94       RuntimeLibVirtualNotifyEvent 0000000000002e94 f   UefiRuntimeLib:RuntimeLib.obj
 0001:00001ea8       CopyMem                    0000000000002ea8 f   BaseMemoryLibRepStr:CopyMemWrapper.obj
 0001:00001f3c       SerialPortReadRegister     0000000000002f3c f   BaseSerialPortLib16550:BaseSerialPortLib16550.obj
 0001:00001f70       SerialPortWriteRegister    0000000000002f70 f   BaseSerialPortLib16550:BaseSerialPortLib16550.obj
 0001:00001fac       SerialPortInitialize       0000000000002fac f   BaseSerialPortLib16550:BaseSerialPortLib16550.obj
 0001:00002170       SerialPortWrite            0000000000003170 f   BaseSerialPortLib16550:BaseSerialPortLib16550.obj
 0001:000022c0       GetGuidHobDataFromSbl      00000000000032c0 f   SblParseLib:SblParseLib.obj
 0001:0000238c       MmioRead32                 000000000000338c f   BaseIoLibIntrinsic:IoLib.obj
 0001:000023c4       PciExpressRead32           00000000000033c4 f   BasePciExpressLib:PciExpressLib.obj
 0001:00002414       GetPcdProtocol             0000000000003414 f   DxePcdLib:DxePcdLib.obj
 0002:00000000       ??_C@_0CB@DMEJJJHA@?6ASSERT_EFI_ERROR?5?$CIStatus?5?$DN?5?$CFr?$CJ@ 0000000000004000     UefiDriverEntryPoint:DriverEntryPoint.obj
 0002:00000028       ??_C@_0BE@DCHLEIGN@?$CBEFI_ERROR?5?$CIStatus?$CJ@ 0000000000004028     UefiDriverEntryPoint:DriverEntryPoint.obj
 0002:00000040       ??_C@_0BC@JPBOMMCO@CapsuleRuntimeDxe@ 0000000000004040     CapsuleRuntimeDxe:AutoGen.obj
 0002:00000058       ??_C@_0CE@IBFOBMLB@?6ASSERT_RETURN_ERROR?5?$CIStatus?5?$DN?5@ 0000000000004058     CapsuleRuntimeDxe:AutoGen.obj
 0002:00000080       ??_C@_0BH@BACADMEC@?$CBRETURN_ERROR?5?$CIStatus?$CJ@ 0000000000004080     CapsuleRuntimeDxe:AutoGen.obj
 0002:000000a0       ??_C@_0JL@DBOIKEEC@e?3?2code?2adl_n100_code?2uefipldpl@ 00000000000040a0     CapsuleRuntimeDxe:AutoGen.obj
 0002:00000140       ??_C@_0GJ@CLCDPJBC@e?3?2code?2adl_n100_code?2uefipldpl@ 0000000000004140     CapsuleRuntimeDxe:CapsuleService.obj
 0002:000001b0       ??_C@_0BH@IACGKAP@Buffer?5?$CB?$DN?5?$CI?$CIvoid?5?$CK?$CJ?50?$CJ@ 00000000000041b0     BaseMemoryLibRepStr:ZeroMemWrapper.obj
 0002:000001d0       ??_C@_0EP@EKIACOFF@e?3?2code?2adl_n100_code?2uefipldpl@ 00000000000041d0     BaseLib:String.obj
 0002:00000220       ??_C@_0BH@MAAHKCPC@String?5?$CB?$DN?5?$CI?$CIvoid?5?$CK?$CJ?50?$CJ@ 0000000000004220     BaseLib:String.obj
 0002:00000238       ??_C@_0CD@BDCLIGHD@?$CI?$CIUINTN?$CJ?5String?5?$CG?50x00000001?$CJ?5?$DN@ 0000000000004238     BaseLib:String.obj
 0002:00000260       ??_C@_0DI@MDIKFADO@Length?5?$DM?5_gPcd_FixedAtBuild_Pcd@ 0000000000004260     BaseLib:String.obj
 0002:000002a0       ??_C@_0FD@GHHGINGE@e?3?2code?2adl_n100_code?2uefipldpl@ 00000000000042a0     BaseLib:SafeString.obj
 0002:00000300       ??_C@_0FC@OLDIOFBJ@e?3?2code?2adl_n100_code?2uefipldpl@ 0000000000004300     BaseLib:Unaligned.obj
 0002:00000358       ??_C@_0N@KGHEHMDL@Divisor?5?$CB?$DN?50@ 0000000000004358     BaseLib:DivU64x32.obj
 0002:00000370       ??_C@_0FO@GLOLNBHK@e?3?2code?2adl_n100_code?2uefipldpl@ 0000000000004370     BasePrintLib:PrintLibInternal.obj
 0002:000003d0       ??_C@_0BJ@CNKJJNE@?$CIBuffer?5?$CB?$DN?5?$CI?$CIvoid?5?$CK?$CJ?50?$CJ?$CJ@ 00000000000043d0     BasePrintLib:PrintLibInternal.obj
 0002:000003f0       ??_C@_0EB@HDGIDCIO@?$CIBufferSize?5?$DM?$DN?5?$CI_gPcd_FixedAtBu@ 00000000000043f0     BasePrintLib:PrintLibInternal.obj
 0002:00000438       ??_C@_0BJ@PPAKKDJG@?$CIFormat?5?$CB?$DN?5?$CI?$CIvoid?5?$CK?$CJ?50?$CJ?$CJ@ 0000000000004438     BasePrintLib:PrintLibInternal.obj
 0002:00000460       ??_C@_0ED@LPDDCECB@?$CIBufferSize?5?$DM?$DN?5?$CI_gPcd_FixedAtBu@ 0000000000004460     BasePrintLib:PrintLibInternal.obj
 0002:000004b0       ??_C@_0IM@BFJJFLGB@?$CIStrnLenS?5?$CI?$CICHAR16?5?$CK?$CJFormat?0?5?$CI_@ 00000000000044b0     BasePrintLib:PrintLibInternal.obj
 0002:00000540       ??_C@_0ID@PLGJGION@?$CIAsciiStrnLenS?5?$CIFormat?0?5?$CI_gPcd_@ 0000000000004540     BasePrintLib:PrintLibInternal.obj
 0002:000005c8       ??_C@_0O@MLOLIMFM@?$DMnull?5string?$DO@ 00000000000045c8     BasePrintLib:PrintLibInternal.obj
 0002:000005d8       ??_C@_0M@BJJDNPHK@?$DMnull?5guid?$DO@ 00000000000045d8     BasePrintLib:PrintLibInternal.obj
 0002:000005e8       ??_C@_0DB@PMLHLBMO@?$CF08x?9?$CF04x?9?$CF04x?9?$CF02x?$CF02x?9?$CF02x?$CF02@ 00000000000045e8     BasePrintLib:PrintLibInternal.obj
 0002:00000620       ??_C@_0M@LHGBCIKM@?$DMnull?5time?$DO@ 0000000000004620     BasePrintLib:PrintLibInternal.obj
 0002:00000630       ??_C@_0BK@FCPKCIDD@?$CF02d?1?$CF02d?1?$CF04d?5?5?$CF02d?3?$CF02d@ 0000000000004630     BasePrintLib:PrintLibInternal.obj
 0002:0000064c       ??_C@_04JIMNDDED@?$CF08X@  000000000000464c     BasePrintLib:PrintLibInternal.obj
 0002:00000654       ??_C@_02PCIJFNDE@?$AN?6@   0000000000004654     BasePrintLib:PrintLibInternal.obj
 0002:00000658       ??_C@_01LIIJDEN@?$AN@      0000000000004658     BasePrintLib:PrintLibInternal.obj
 0002:00000660       mWarningString             0000000000004660     BasePrintLib:PrintLibInternal.obj
 0002:00000700       mErrorString               0000000000004700     BasePrintLib:PrintLibInternal.obj
 0002:000009c0       mHexStr                    00000000000049c0     BasePrintLib:PrintLibInternal.obj
 0002:000009d0       ??_C@_0BH@LKMBFCBF@Format?5?$CB?$DN?5?$CI?$CIvoid?5?$CK?$CJ?50?$CJ@ 00000000000049d0     BaseDebugLibSerialPort:DebugLib.obj
 0002:000009f0       ??_C@_0GA@HBBJHLGK@e?3?2code?2adl_n100_code?2uefipldpl@ 00000000000049f0     BaseDebugLibSerialPort:DebugLib.obj
 0002:00000a50       ??_C@_0BI@NOCKJDBJ@ASSERT?5?$FL?$CFa?$FN?5?$CFa?$CI?$CFd?$CJ?3?5?$CFa?6@ 0000000000004a50     BaseDebugLibSerialPort:DebugLib.obj
 0002:00000a68       ??_C@_0BN@COECPDCC@gImageHandle?5?$CB?$DN?5?$CI?$CIvoid?5?$CK?$CJ?50?$CJ@ 0000000000004a68     UefiBootServicesTableLib:UefiBootServicesTableLib.obj
 0002:00000a90       ??_C@_0HC@EIFDGPFB@e?3?2code?2adl_n100_code?2uefipldpl@ 0000000000004a90     UefiBootServicesTableLib:UefiBootServicesTableLib.obj
 0002:00000b08       ??_C@_0BE@DGNHAHIL@gST?5?$CB?$DN?5?$CI?$CIvoid?5?$CK?$CJ?50?$CJ@ 0000000000004b08     UefiBootServicesTableLib:UefiBootServicesTableLib.obj
 0002:00000b20       ??_C@_0BE@BDFJLGLN@gBS?5?$CB?$DN?5?$CI?$CIvoid?5?$CK?$CJ?50?$CJ@ 0000000000004b20     UefiBootServicesTableLib:UefiBootServicesTableLib.obj
 0002:00000b38       ??_C@_0BE@OBDFIHND@gRT?5?$CB?$DN?5?$CI?$CIvoid?5?$CK?$CJ?50?$CJ@ 0000000000004b38     UefiRuntimeServicesTableLib:UefiRuntimeServicesTableLib.obj
 0002:00000b50       ??_C@_0HI@DCCKLNND@e?3?2code?2adl_n100_code?2uefipldpl@ 0000000000004b50     UefiRuntimeServicesTableLib:UefiRuntimeServicesTableLib.obj
 0002:00000bd0       ??_C@_0FB@KBFNGELC@e?3?2code?2adl_n100_code?2uefipldpl@ 0000000000004bd0     DxeHobLib:HobLib.obj
 0002:00000c28       ??_C@_0BJ@OBFMLLDO@mHobList?5?$CB?$DN?5?$CI?$CIvoid?5?$CK?$CJ?50?$CJ@ 0000000000004c28     DxeHobLib:HobLib.obj
 0002:00000c48       ??_C@_0BJ@NOLLDKJB@HobStart?5?$CB?$DN?5?$CI?$CIvoid?5?$CK?$CJ?50?$CJ@ 0000000000004c48     DxeHobLib:HobLib.obj
 0002:00000c68       ??_C@_0BC@FEDIJHFF@?$CI?$CIBOOLEAN?$CJ?$CI0?$DN?$DN1?$CJ?$CJ@ 0000000000004c68     DxeHobLib:HobLib.obj
 0002:00000c80       ??_C@_0FK@ELPIMHOD@e?3?2code?2adl_n100_code?2uefipldpl@ 0000000000004c80     UefiRuntimeLib:RuntimeLib.obj
 0002:00000ce0       ??_C@_0ED@MKGCMJG@?$CILength?5?9?51?$CJ?5?$DM?$DN?5?$CI0xFFFFFFFFFFFF@ 0000000000004ce0     BaseMemoryLibRepStr:CopyMemWrapper.obj
 0002:00000d30       ??_C@_0GD@KEIKLFBO@e?3?2code?2adl_n100_code?2uefipldpl@ 0000000000004d30     BaseMemoryLibRepStr:CopyMemWrapper.obj
 0002:00000d98       ??_C@_0DO@MAOBOFEG@?$CILength?5?9?51?$CJ?5?$DM?$DN?5?$CI0xFFFFFFFFFFFF@ 0000000000004d98     BaseMemoryLibRepStr:CopyMemWrapper.obj
 0002:00000de0       ??_C@_0FL@HLNNCKBP@e?3?2code?2adl_n100_code?2uefipldpl@ 0000000000004de0     BaseLib:DivU64x32Remainder.obj
 0002:00000e40       ??_C@_0HM@INGECGBC@e?3?2code?2adl_n100_code?2uefipldpl@ 0000000000004e40     SblParseLib:SblParseLib.obj
 0002:00000ec0       ??_C@_0BF@GKGPMHBK@HandoffTable?5?$DN?50x?$CFp?6@ 0000000000004ec0     SblParseLib:SblParseLib.obj
 0002:00000ed8       ??_C@_0BO@JGHCOEDD@?6?6ERROR?5?5the?5hob?5check?5fail?4?6@ 0000000000004ed8     SblParseLib:SblParseLib.obj
 0002:00000ef8       ??_C@_0BI@NCGMODPG@HobList?5?$CB?$DN?5?$CI?$CIvoid?5?$CK?$CJ?50?$CJ@ 0000000000004ef8     SblParseLib:SblParseLib.obj
 0002:00000f10       ??_C@_0FJ@GBGHCPBH@e?3?2code?2adl_n100_code?2uefipldpl@ 0000000000004f10     BaseIoLibIntrinsic:IoLib.obj
 0002:00000f70       ??_C@_0BD@OMMAJMCK@?$CIAddress?5?$CG?53?$CJ?5?$DN?$DN?50@ 0000000000004f70     BaseIoLibIntrinsic:IoLib.obj
 0002:00000f88       ??_C@_0BO@BAKALPJK@?$CI?$CIAddress?$CJ?5?$CG?5?$HO0xfffffff?$CJ?5?$DN?$DN?50@ 0000000000004f88     BasePciExpressLib:PciExpressLib.obj
 0002:00000fb0       ??_C@_0GA@NDAEIBGJ@e?3?2code?2adl_n100_code?2uefipldpl@ 0000000000004fb0     BasePciExpressLib:PciExpressLib.obj
 0002:00001010       ??_C@_0FE@EJOAIEGJ@e?3?2code?2adl_n100_code?2uefipldpl@ 0000000000005010     DxePcdLib:DxePcdLib.obj
 0002:00001068       ??_C@_0BF@OOKDELHM@mPcd?5?$CB?$DN?5?$CI?$CIvoid?5?$CK?$CJ?50?$CJ@ 0000000000005068     DxePcdLib:DxePcdLib.obj
 0002:000010d4       __volatile_metadata        00000000000050d4     <linker-defined>
 0003:00000000       gUefiSerialPortInfoGuid    0000000000006000     CapsuleRuntimeDxe:AutoGen.obj
 0003:00000010       gPcdProtocolGuid           0000000000006010     CapsuleRuntimeDxe:AutoGen.obj
 0003:00000020       _gPcd_BinaryPatch_PcdPciSerialParameters 0000000000006020     CapsuleRuntimeDxe:AutoGen.obj
 0003:00000040       gEfiCapsuleArchProtocolGuid 0000000000006040     CapsuleRuntimeDxe:AutoGen.obj
 0003:00000050       gEfiFmpCapsuleGuid         0000000000006050     CapsuleRuntimeDxe:AutoGen.obj
 0003:00000060       _gPcd_BinaryPatch_PcdSerialLineControl 0000000000006060     CapsuleRuntimeDxe:AutoGen.obj
 0003:00000061       _gPcd_BinaryPatch_PcdSerialUseMmio 0000000000006061     CapsuleRuntimeDxe:AutoGen.obj
 0003:00000064       _gPcd_BinaryPatch_PcdDebugPrintErrorLevel 0000000000006064     CapsuleRuntimeDxe:AutoGen.obj
 0003:00000068       _gPcd_BinaryPatch_PcdDebugPropertyMask 0000000000006068     CapsuleRuntimeDxe:AutoGen.obj
 0003:00000070       gEfiHobListGuid            0000000000006070     CapsuleRuntimeDxe:AutoGen.obj
 0003:00000080       _gPcd_BinaryPatch_PcdSerialFifoControl 0000000000006080     CapsuleRuntimeDxe:AutoGen.obj
 0003:00000084       _gPcd_BinaryPatch_PcdSerialExtendedTxFifoSize 0000000000006084     CapsuleRuntimeDxe:AutoGen.obj
 0003:00000088       _gPcd_BinaryPatch_PcdSerialRegisterBase 0000000000006088     CapsuleRuntimeDxe:AutoGen.obj
 0003:00000090       _gPcd_BinaryPatch_PcdSerialRegisterStride 0000000000006090     CapsuleRuntimeDxe:AutoGen.obj
 0003:00000094       _gPcd_BinaryPatch_PcdSerialDetectCable 0000000000006094     CapsuleRuntimeDxe:AutoGen.obj
 0003:00000095       _gPcd_BinaryPatch_PcdSerialUseHardwareFlowControl 0000000000006095     CapsuleRuntimeDxe:AutoGen.obj
 0003:00000098       _gPcd_BinaryPatch_PcdUartDefaultBaudRate 0000000000006098     CapsuleRuntimeDxe:AutoGen.obj
 0003:000000a0       _gPcd_BinaryPatch_PcdSerialClockRate 00000000000060a0     CapsuleRuntimeDxe:AutoGen.obj
 0003:000000a4       _gPcd_BinaryPatch_PcdSerialBaudRate 00000000000060a4     CapsuleRuntimeDxe:AutoGen.obj
 0003:000000a8       mNewHandle                 00000000000060a8     CapsuleRuntimeDxe:CapsuleService.obj
 0003:000000b0       mMaxSizeNonPopulateCapsule 00000000000060b0     CapsuleRuntimeDxe:CapsuleService.obj
 0003:000000b4       mMaxSizePopulateCapsule    00000000000060b4     CapsuleRuntimeDxe:CapsuleService.obj
 0003:000000b8       gST                        00000000000060b8     UefiBootServicesTableLib:UefiBootServicesTableLib.obj
 0003:000000c0       gBS                        00000000000060c0     UefiBootServicesTableLib:UefiBootServicesTableLib.obj
 0003:000000c8       gImageHandle               00000000000060c8     UefiBootServicesTableLib:UefiBootServicesTableLib.obj
 0003:000000d0       gRT                        00000000000060d0     UefiRuntimeServicesTableLib:UefiRuntimeServicesTableLib.obj
 0003:000000d8       mHobList                   00000000000060d8     DxeHobLib:HobLib.obj
 0003:000000e0       mEfiAtRuntime              00000000000060e0     UefiRuntimeLib:RuntimeLib.obj
 0003:000000e8       mPcd                       00000000000060e8     DxePcdLib:DxePcdLib.obj
 0003:000000f0       mEfiVirtualNotifyEvent     00000000000060f0     <common>
 0003:000000f8       mInternalRT                00000000000060f8     <common>
 0003:00000100       mEfiExitBootServicesEvent  0000000000006100     <common>

 entry point at        0001:00000114

 Static symbols

 0001:0000002f       AsmCpuid.0                 000000000000102f     BaseLib:CpuId.obj
 0001:00000034       AsmCpuid.1                 0000000000001034     BaseLib:CpuId.obj
 0001:0000003b       AsmCpuid.2                 000000000000103b     BaseLib:CpuId.obj
 0001:00000044       AsmCpuid.3                 0000000000001044     BaseLib:CpuId.obj
 0001:0000006a       InternalMemCopyMem.0       000000000000106a     BaseMemoryLibRepStr:CopyMem.obj
 0001:0000007a       @CopyBackward              000000000000107a     BaseMemoryLibRepStr:CopyMem.obj
 0001:00000083       @CopyBytes                 0000000000001083     BaseMemoryLibRepStr:CopyMem.obj
 0005:00000000       $unwind$ProcessModuleEntryPointList 0000000000008000     CapsuleRuntimeDxe:AutoGen.obj
 0005:00000000       $unwind$MmioRead32         0000000000008000     BaseIoLibIntrinsic:IoLib.obj
 0005:00000000       $unwind$PciExpressRead32   0000000000008000     BasePciExpressLib:PciExpressLib.obj
 0005:00000000       $unwind$GetNextHob         0000000000008000     DxeHobLib:HobLib.obj
 0005:00000000       $unwind$_ModuleEntryPoint  0000000000008000     UefiDriverEntryPoint:DriverEntryPoint.obj
 0005:00000008       $unwind$ProcessLibraryConstructorList 0000000000008008     CapsuleRuntimeDxe:AutoGen.obj
 0005:00000018       $unwind$ProcessLibraryDestructorList 0000000000008018     CapsuleRuntimeDxe:AutoGen.obj
 0005:00000024       $unwind$UpdateCapsule      0000000000008024     CapsuleRuntimeDxe:CapsuleService.obj
 0005:0000003c       $unwind$QueryCapsuleCapabilities 000000000000803c     CapsuleRuntimeDxe:CapsuleService.obj
 0005:00000054       $unwind$CompareGuid        0000000000008054     BaseMemoryLibRepStr:MemLibGuid.obj
 0005:00000070       $unwind$StrnLenS           0000000000008070     BaseLib:SafeString.obj
 0005:00000070       $unwind$AsciiStrLen        0000000000008070     BaseLib:String.obj
 0005:00000070       $unwind$CopyMem            0000000000008070     BaseMemoryLibRepStr:CopyMemWrapper.obj
 0005:00000070       $unwind$GetGuidHobDataFromSbl 0000000000008070     SblParseLib:SblParseLib.obj
 0005:0000007c       $unwind$AsciiSPrint        000000000000807c     BasePrintLib:PrintLib.obj
 0005:00000084       $unwind$BasePrintLibValueToString 0000000000008084     BasePrintLib:PrintLibInternal.obj
 0005:00000084       $unwind$GetHobList         0000000000008084     DxeHobLib:HobLib.obj
 0005:00000094       $unwind$BasePrintLibSPrintMarker 0000000000008094     BasePrintLib:PrintLibInternal.obj
 0005:000000b0       $unwind$BasePrintLibSPrint 00000000000080b0     BasePrintLib:PrintLibInternal.obj
 0005:000000b8       $unwind$DebugPrint         00000000000080b8     BaseDebugLibSerialPort:DebugLib.obj
 0005:000000c0       $unwind$DebugPrintMarker   00000000000080c0     BaseDebugLibSerialPort:DebugLib.obj
 0005:000000d4       $unwind$DebugAssert        00000000000080d4     BaseDebugLibSerialPort:DebugLib.obj
 0005:000000dc       $unwind$PlatformHookSerialPortInitialize 00000000000080dc     PlatformHookLib:PlatformHookLib.obj
 0005:000000e4       $unwind$SerialPortInitialize 00000000000080e4     BaseSerialPortLib16550:BaseSerialPortLib16550.obj
 0005:000000fc       $unwind$SerialPortWrite    00000000000080fc     BaseSerialPortLib16550:BaseSerialPortLib16550.obj
 0005:00000114       $unwind$GetPcdProtocol     0000000000008114     DxePcdLib:DxePcdLib.obj
