 AtaAtapiPassThruDxe

 Timestamp is 65f952b1 (Tue Mar 19 16:54:09 2024)

 Preferred load address is 0000000000000000

 Start         Length     Name                   Class
 0001:00000000 000000e4H .text                   CODE
 0001:000000e4 00009942H .text$mn                CODE
 0002:00000000 00002424H .rdata                  DATA
 0002:00002424 00000460H .rdata$voltmd           DATA
 0002:00002884 0000017cH .rdata$zzzdbg           DATA
 0003:00000000 00000390H .data                   DATA
 0003:00000390 00000060H .bss                    DATA
 0004:00000000 000005e8H .pdata                  DATA
 0005:00000000 00000488H .xdata                  DATA

  Address         Publics by Value              Rva+Base               Lib:Object

 0000:00000000       __x64_code_ranges_to_entry_points_count 0000000000000000     <absolute>
 0000:00000000       __arm64x_redirection_metadata 0000000000000000     <absolute>
 0000:00000000       __x64_code_ranges_to_entry_points 0000000000000000     <absolute>
 0000:00000000       __guard_iat_table          0000000000000000     <absolute>
 0000:00000000       __guard_fids_count         0000000000000000     <absolute>
 0000:00000000       __arm64x_extra_rfe_table   0000000000000000     <absolute>
 0000:00000000       __guard_iat_count          0000000000000000     <absolute>
 0000:00000000       __guard_longjmp_count      0000000000000000     <absolute>
 0000:00000000       __dynamic_value_reloc_table 0000000000000000     <absolute>
 0000:00000000       __hybrid_code_map          0000000000000000     <absolute>
 0000:00000000       __arm64x_extra_rfe_table_size 0000000000000000     <absolute>
 0000:00000000       __hybrid_auxiliary_iat     0000000000000000     <absolute>
 0000:00000000       __hybrid_auxiliary_iat_copy 0000000000000000     <absolute>
 0000:00000000       __guard_longjmp_table      0000000000000000     <absolute>
 0000:00000000       __AbsoluteZero             0000000000000000     <absolute>
 0000:00000000       __guard_check_icall_a64n_fptr 0000000000000000     <absolute>
 0000:00000000       __guard_flags              0000000000000000     <absolute>
 0000:00000000       __guard_eh_cont_count      0000000000000000     <absolute>
 0000:00000000       __guard_fids_table         0000000000000000     <absolute>
 0000:00000000       __arm64x_redirection_metadata_count 0000000000000000     <absolute>
 0000:00000000       __enclave_config           0000000000000000     <absolute>
 0000:00000000       __guard_eh_cont_table      0000000000000000     <absolute>
 0000:00000000       __arm64x_native_entrypoint 0000000000000000     <absolute>
 0000:00000000       __hybrid_code_map_count    0000000000000000     <absolute>
 0001:00000000       InternalMemCopyMem         00000000000002c0     BaseMemoryLibRepStr:CopyMem.obj
 0001:00000040       InternalMemZeroMem         0000000000000300     BaseMemoryLibRepStr:ZeroMem.obj
 0001:00000060       InternalMemCompareMem      0000000000000320     BaseMemoryLibRepStr:CompareMem.obj
 0001:00000080       InternalMemSetMem          0000000000000340     BaseMemoryLibRepStr:SetMem.obj
 0001:000000a0       InternalMemSetMem64        0000000000000360     BaseMemoryLibRepStr:SetMem64.obj
 0001:000000c0       InternalMemSetMem32        0000000000000380     BaseMemoryLibRepStr:SetMem32.obj
 0001:000000e0       CpuPause                   00000000000003a0     BaseLib:CpuPause.obj
 0001:000000e4       _ModuleEntryPoint          00000000000003a4 f   UefiDriverEntryPoint:DriverEntryPoint.obj
 0001:00000100       ProcessLibraryConstructorList 00000000000003c0 f   AtaAtapiPassThruDxe:AutoGen.obj
 0001:000002f4       ProcessModuleEntryPointList 00000000000005b4 f   AtaAtapiPassThruDxe:AutoGen.obj
 0001:00000400       AtaPassThruPassThruExecute 00000000000006c0 f   AtaAtapiPassThruDxe:AtaAtapiPassThru.obj
 0001:0000076c       AsyncNonBlockingTransferRoutine 0000000000000a2c f   AtaAtapiPassThruDxe:AtaAtapiPassThru.obj
 0001:00000840       AtaAtapiPassThruSupported  0000000000000b00 f   AtaAtapiPassThruDxe:AtaAtapiPassThru.obj
 0001:00000988       AtaAtapiPassThruStart      0000000000000c48 f   AtaAtapiPassThruDxe:AtaAtapiPassThru.obj
 0001:00000d28       AtaAtapiPassThruStop       0000000000000fe8 f   AtaAtapiPassThruDxe:AtaAtapiPassThru.obj
 0001:00000f9c       SearchDeviceInfoList       000000000000125c f   AtaAtapiPassThruDxe:AtaAtapiPassThru.obj
 0001:0000107c       CreateNewDeviceInfo        000000000000133c f   AtaAtapiPassThruDxe:AtaAtapiPassThru.obj
 0001:00001138       DestroyDeviceInfoList      00000000000013f8 f   AtaAtapiPassThruDxe:AtaAtapiPassThru.obj
 0001:000011e0       DestroyAsynTaskList        00000000000014a0 f   AtaAtapiPassThruDxe:AtaAtapiPassThru.obj
 0001:000012bc       EnumerateAttachedDevice    000000000000157c f   AtaAtapiPassThruDxe:AtaAtapiPassThru.obj
 0001:00001398       AtaPassThruPassThru        0000000000001658 f   AtaAtapiPassThruDxe:AtaAtapiPassThru.obj
 0001:00001650       AtaPassThruGetNextPort     0000000000001910 f   AtaAtapiPassThruDxe:AtaAtapiPassThru.obj
 0001:000017dc       AtaPassThruGetNextDevice   0000000000001a9c f   AtaAtapiPassThruDxe:AtaAtapiPassThru.obj
 0001:00001998       AtaPassThruBuildDevicePath 0000000000001c58 f   AtaAtapiPassThruDxe:AtaAtapiPassThru.obj
 0001:00001aa8       AtaPassThruGetDevice       0000000000001d68 f   AtaAtapiPassThruDxe:AtaAtapiPassThru.obj
 0001:00001bc0       ExtScsiPassThruResetChannel 0000000000001e80 f   AtaAtapiPassThruDxe:AtaAtapiPassThru.obj
 0001:00001bc0       AtaPassThruResetPort       0000000000001e80 f   AtaAtapiPassThruDxe:AtaAtapiPassThru.obj
 0001:00001bc4       AtaPassThruResetDevice     0000000000001e84 f   AtaAtapiPassThruDxe:AtaAtapiPassThru.obj
 0001:00001c4c       AtaPacketRequestSense      0000000000001f0c f   AtaAtapiPassThruDxe:AtaAtapiPassThru.obj
 0001:00001cf0       ExtScsiPassThruPassThru    0000000000001fb0 f   AtaAtapiPassThruDxe:AtaAtapiPassThru.obj
 0001:00001fec       ExtScsiPassThruGetNextTargetLun 00000000000022ac f   AtaAtapiPassThruDxe:AtaAtapiPassThru.obj
 0001:00002204       ExtScsiPassThruBuildDevicePath 00000000000024c4 f   AtaAtapiPassThruDxe:AtaAtapiPassThru.obj
 0001:00002338       ExtScsiPassThruGetTargetLun 00000000000025f8 f   AtaAtapiPassThruDxe:AtaAtapiPassThru.obj
 0001:00002484       ExtScsiPassThruResetTargetLun 0000000000002744 f   AtaAtapiPassThruDxe:AtaAtapiPassThru.obj
 0001:00002508       ExtScsiPassThruGetNextTarget 00000000000027c8 f   AtaAtapiPassThruDxe:AtaAtapiPassThru.obj
 0001:000026ec       AhciReadReg                00000000000029ac f   AtaAtapiPassThruDxe:AhciMode.obj
 0001:00002758       AhciWriteReg               0000000000002a18 f   AtaAtapiPassThruDxe:AhciMode.obj
 0001:000027c0       AhciAndReg                 0000000000002a80 f   AtaAtapiPassThruDxe:AhciMode.obj
 0001:00002824       AhciOrReg                  0000000000002ae4 f   AtaAtapiPassThruDxe:AhciMode.obj
 0001:00002888       AhciWaitMmioSet            0000000000002b48 f   AtaAtapiPassThruDxe:AhciMode.obj
 0001:0000292c       AhciWaitMemSet             0000000000002bec f   AtaAtapiPassThruDxe:AhciMode.obj
 0001:000029a4       AhciDumpPortStatus         0000000000002c64 f   AtaAtapiPassThruDxe:AhciMode.obj
 0001:00002a5c       AhciDisableFisReceive      0000000000002d1c f   AtaAtapiPassThruDxe:AhciMode.obj
 0001:00002adc       AhciBuildCommand           0000000000002d9c f   AtaAtapiPassThruDxe:AhciMode.obj
 0001:00002cb0       AhciBuildCommandFis        0000000000002f70 f   AtaAtapiPassThruDxe:AhciMode.obj
 0001:00002d28       AhciPioTransfer            0000000000002fe8 f   AtaAtapiPassThruDxe:AhciMode.obj
 0001:00002fb0       AhciDmaTransfer            0000000000003270 f   AtaAtapiPassThruDxe:AhciMode.obj
 0001:00003264       AhciNonDataTransfer        0000000000003524 f   AtaAtapiPassThruDxe:AhciMode.obj
 0001:000033c0       AhciStopCommand            0000000000003680 f   AtaAtapiPassThruDxe:AhciMode.obj
 0001:00003430       AhciStartCommand           00000000000036f0 f   AtaAtapiPassThruDxe:AhciMode.obj
 0001:00003580       AhciAtaSmartReturnStatusCheck 0000000000003840 f   AtaAtapiPassThruDxe:AhciMode.obj
 0001:00003668       AhciAtaSmartSupport        0000000000003928 f   AtaAtapiPassThruDxe:AhciMode.obj
 0001:000037ac       AhciIdentify               0000000000003a6c f   AtaAtapiPassThruDxe:AhciMode.obj
 0001:00003888       AhciIdentifyPacket         0000000000003b48 f   AtaAtapiPassThruDxe:AhciMode.obj
 0001:00003958       AhciDeviceSetFeature       0000000000003c18 f   AtaAtapiPassThruDxe:AhciMode.obj
 0001:00003a20       AhciPacketCommandExecute   0000000000003ce0 f   AtaAtapiPassThruDxe:AhciMode.obj
 0001:00003b64       AhciCreateTransferDescriptor 0000000000003e24 f   AtaAtapiPassThruDxe:AhciMode.obj
 0001:00003ea4       AhciReadLogExt             0000000000004164 f   AtaAtapiPassThruDxe:AhciMode.obj
 0001:00003f98       AhciEnableDevSlp           0000000000004258 f   AtaAtapiPassThruDxe:AhciMode.obj
 0001:00004328       AhciSpinUpDisk             00000000000045e8 f   AtaAtapiPassThruDxe:AhciMode.obj
 0001:0000454c       AhciPuisEnable             000000000000480c f   AtaAtapiPassThruDxe:AhciMode.obj
 0001:00004600       AhciModeInitialization     00000000000048c0 f   AtaAtapiPassThruDxe:AhciMode.obj
 0001:00004ca4       IdeReadPortB               0000000000004f64 f   AtaAtapiPassThruDxe:IdeMode.obj
 0001:00004d10       IdeWritePortB              0000000000004fd0 f   AtaAtapiPassThruDxe:IdeMode.obj
 0001:00004d78       IdeWritePortWMultiple      0000000000005038 f   AtaAtapiPassThruDxe:IdeMode.obj
 0001:00004e18       IdeReadPortWMultiple       00000000000050d8 f   AtaAtapiPassThruDxe:IdeMode.obj
 0001:00004eb8       DumpAllIdeRegisters        0000000000005178 f   AtaAtapiPassThruDxe:IdeMode.obj
 0001:00005154       CheckStatusRegister        0000000000005414 f   AtaAtapiPassThruDxe:IdeMode.obj
 0001:000051e0       DRQClear                   00000000000054a0 f   AtaAtapiPassThruDxe:IdeMode.obj
 0001:000052d0       DRQClear2                  0000000000005590 f   AtaAtapiPassThruDxe:IdeMode.obj
 0001:000053c0       DRQReady                   0000000000005680 f   AtaAtapiPassThruDxe:IdeMode.obj
 0001:000054dc       DRQReady2                  000000000000579c f   AtaAtapiPassThruDxe:IdeMode.obj
 0001:000055f8       WaitForBSYClear            00000000000058b8 f   AtaAtapiPassThruDxe:IdeMode.obj
 0001:000056d4       GetIdeRegisterIoAddr       0000000000005994 f   AtaAtapiPassThruDxe:IdeMode.obj
 0001:00005850       AtaIssueCommand            0000000000005b10 f   AtaAtapiPassThruDxe:IdeMode.obj
 0001:00005a14       AtaPioDataInOut            0000000000005cd4 f   AtaAtapiPassThruDxe:IdeMode.obj
 0001:00005b90       AtaNonDataCommandIn        0000000000005e50 f   AtaAtapiPassThruDxe:IdeMode.obj
 0001:00005c40       AtaUdmStatusWait           0000000000005f00 f   AtaAtapiPassThruDxe:IdeMode.obj
 0001:00005d14       AtaUdmaInOut               0000000000005fd4 f   AtaAtapiPassThruDxe:IdeMode.obj
 0001:00006300       AtaPacketReadWrite         00000000000065c0 f   AtaAtapiPassThruDxe:IdeMode.obj
 0001:00006494       AtaPacketCommandExecute    0000000000006754 f   AtaAtapiPassThruDxe:IdeMode.obj
 0001:00006638       SetDeviceTransferMode      00000000000068f8 f   AtaAtapiPassThruDxe:IdeMode.obj
 0001:000066c0       SetDriveParameters         0000000000006980 f   AtaAtapiPassThruDxe:IdeMode.obj
 0001:00006784       IdeAtaSmartReturnStatusCheck 0000000000006a44 f   AtaAtapiPassThruDxe:IdeMode.obj
 0001:00006874       IdeAtaSmartSupport         0000000000006b34 f   AtaAtapiPassThruDxe:IdeMode.obj
 0001:000069d8       AtaIdentify                0000000000006c98 f   AtaAtapiPassThruDxe:IdeMode.obj
 0001:00006a68       AtaIdentifyPacket          0000000000006d28 f   AtaAtapiPassThruDxe:IdeMode.obj
 0001:00006af8       DetectAndConfigIdeDevice   0000000000006db8 f   AtaAtapiPassThruDxe:IdeMode.obj
 0001:00006ebc       IdeModeInitialization      000000000000717c f   AtaAtapiPassThruDxe:IdeMode.obj
 0001:00006fdc       AtaAtapiPassThruComponentNameGetDriverName 000000000000729c f   AtaAtapiPassThruDxe:ComponentName.obj
 0001:00007010       AtaAtapiPassThruComponentNameGetControllerName 00000000000072d0 f   AtaAtapiPassThruDxe:ComponentName.obj
 0001:00007198       InternalBaseLibIsListValid 0000000000007458 f   BaseLib:LinkedList.obj
 0001:00007244       InsertTailList             0000000000007504 f   BaseLib:LinkedList.obj
 0001:000072a0       GetFirstNode               0000000000007560 f   BaseLib:LinkedList.obj
 0001:000072e0       GetNextNode                00000000000075a0 f   BaseLib:LinkedList.obj
 0001:00007320       IsListEmpty                00000000000075e0 f   BaseLib:LinkedList.obj
 0001:00007360       IsNull                     0000000000007620 f   BaseLib:LinkedList.obj
 0001:000073ac       RemoveEntryList            000000000000766c f   BaseLib:LinkedList.obj
 0001:00007400       RShiftU64                  00000000000076c0 f   BaseLib:RShiftU64.obj
 0001:0000744c       CopyMem                    000000000000770c f   BaseMemoryLibRepStr:CopyMemWrapper.obj
 0001:000074f4       ZeroMem                    00000000000077b4 f   BaseMemoryLibRepStr:ZeroMemWrapper.obj
 0001:00007578       CompareMem                 0000000000007838 f   BaseMemoryLibRepStr:CompareMemWrapper.obj
 0001:00007668       SetMem                     0000000000007928 f   BaseMemoryLibRepStr:SetMemWrapper.obj
 0001:000076b4       DebugPrint                 0000000000007974 f   BaseDebugLibSerialPort:DebugLib.obj
 0001:000076d8       DebugPrintMarker           0000000000007998 f   BaseDebugLibSerialPort:DebugLib.obj
 0001:00007770       DebugAssert                0000000000007a30 f   BaseDebugLibSerialPort:DebugLib.obj
 0001:000077f0       PlatformHookSerialPortInitialize 0000000000007ab0 f   PlatformHookLib:PlatformHookLib.obj
 0001:000078c4       InternalAllocateAlignedPages 0000000000007b84 f   UefiMemoryAllocationLib:MemoryAllocationLib.obj
 0001:00007ab0       InternalAllocatePool       0000000000007d70 f   UefiMemoryAllocationLib:MemoryAllocationLib.obj
 0001:00007ae0       InternalAllocateCopyPool   0000000000007da0 f   UefiMemoryAllocationLib:MemoryAllocationLib.obj
 0001:00007b6c       FreePool                   0000000000007e2c f   UefiMemoryAllocationLib:MemoryAllocationLib.obj
 0001:00007bc8       DevicePathNodeLength       0000000000007e88 f   UefiDevicePathLib:DevicePathUtilities.obj
 0001:00007c2c       CompareIso639LanguageCode  0000000000007eec f   UefiLib:UefiLib.obj
 0001:00007ca8       IsLanguageSupported        0000000000007f68 f   UefiLib:UefiLib.obj
 0001:00007d30       LookupUnicodeString2       0000000000007ff0 f   UefiLib:UefiLib.obj
 0001:00007e18       GetHobList                 00000000000080d8 f   DxeHobLib:HobLib.obj
 0001:00007f30       GetNextHob                 00000000000081f0 f   DxeHobLib:HobLib.obj
 0001:00007f88       AcpiTimerLibConstructor    0000000000008248 f   AcpiTimerLib:AcpiTimerLib.obj
 0001:00007ff8       InternalAcpiDelay          00000000000082b8 f   AcpiTimerLib:AcpiTimerLib.obj
 0001:00008070       MicroSecondDelay           0000000000008330 f   AcpiTimerLib:AcpiTimerLib.obj
 0001:000080a8       AsciiStrLen                0000000000008368 f   BaseLib:String.obj
 0001:00008128       AsciiStrnCmp               00000000000083e8 f   BaseLib:String.obj
 0001:00008210       StrnLenS                   00000000000084d0 f   BaseLib:SafeString.obj
 0001:00008270       CompareGuid                0000000000008530 f   BaseMemoryLibRepStr:MemLibGuid.obj
 0001:00008368       IoRead32                   0000000000008628 f   BaseIoLibIntrinsic:IoLibMsc.obj
 0001:000083a8       AsciiSPrint                0000000000008668 f   BasePrintLib:PrintLib.obj
 0001:000083d4       BasePrintLibFillBuffer     0000000000008694 f   BasePrintLib:PrintLibInternal.obj
 0001:00008408       BasePrintLibValueToString  00000000000086c8 f   BasePrintLib:PrintLibInternal.obj
 0001:0000847c       BasePrintLibSPrintMarker   000000000000873c f   BasePrintLib:PrintLibInternal.obj
 0001:0000947c       BasePrintLibSPrint         000000000000973c f   BasePrintLib:PrintLibInternal.obj
 0001:000094a0       SerialPortReadRegister     0000000000009760 f   BaseSerialPortLib16550:BaseSerialPortLib16550.obj
 0001:000094d4       SerialPortWriteRegister    0000000000009794 f   BaseSerialPortLib16550:BaseSerialPortLib16550.obj
 0001:00009510       SerialPortInitialize       00000000000097d0 f   BaseSerialPortLib16550:BaseSerialPortLib16550.obj
 0001:000096d4       SerialPortWrite            0000000000009994 f   BaseSerialPortLib16550:BaseSerialPortLib16550.obj
 0001:00009824       GetGuidHobDataFromSbl      0000000000009ae4 f   SblParseLib:SblParseLib.obj
 0001:000098f0       MmioRead32                 0000000000009bb0 f   BaseIoLibIntrinsic:IoLib.obj
 0001:00009928       PciExpressRead32           0000000000009be8 f   BasePciExpressLib:PciExpressLib.obj
 0001:00009978       GetPcdProtocol             0000000000009c38 f   DxePcdLib:DxePcdLib.obj
 0002:00000000       ??_C@_0CB@DMEJJJHA@?6ASSERT_EFI_ERROR?5?$CIStatus?5?$DN?5?$CFr?$CJ@ 0000000000009d00     UefiDriverEntryPoint:DriverEntryPoint.obj
 0002:00000028       ??_C@_0BE@DCHLEIGN@?$CBEFI_ERROR?5?$CIStatus?$CJ@ 0000000000009d28     UefiDriverEntryPoint:DriverEntryPoint.obj
 0002:00000040       ??_C@_0BE@EBHDAGEC@AtaAtapiPassThruDxe@ 0000000000009d40     AtaAtapiPassThruDxe:AutoGen.obj
 0002:00000058       ??_C@_0CE@IBFOBMLB@?6ASSERT_RETURN_ERROR?5?$CIStatus?5?$DN?5@ 0000000000009d58     AtaAtapiPassThruDxe:AutoGen.obj
 0002:00000080       ??_C@_0BH@BACADMEC@?$CBRETURN_ERROR?5?$CIStatus?$CJ@ 0000000000009d80     AtaAtapiPassThruDxe:AutoGen.obj
 0002:000000a0       ??_C@_0JH@IJGFHHGF@e?3?2code?2adl_n100_code?2uefipldpl@ 0000000000009da0     AtaAtapiPassThruDxe:AutoGen.obj
 0002:00000138       ??_C@_0BF@NDBIKIKC@CR?5has?5Bad?5Signature@ 0000000000009e38     AtaAtapiPassThruDxe:AtaAtapiPassThru.obj
 0002:00000150       ??_C@_0GI@KIIPDJHB@e?3?2code?2adl_n100_code?2uefipldpl@ 0000000000009e50     AtaAtapiPassThruDxe:AtaAtapiPassThru.obj
 0002:000001b8       ??_C@_0CM@DGNDOAGH@?$DN?$DNAtaAtapiPassThru?5Start?$DN?$DN?5Cont@ 0000000000009eb8     AtaAtapiPassThruDxe:AtaAtapiPassThru.obj
 0002:000001e8       ??_C@_0CK@PPBHLAGJ@Open?5Ide_Controller_Init?5Error?0@ 0000000000009ee8     AtaAtapiPassThruDxe:AtaAtapiPassThru.obj
 0002:00000218       ??_C@_0CF@OLDOAHDA@Get?5Pci_Io?5Protocol?5Error?0?5Stat@ 0000000000009f18     AtaAtapiPassThruDxe:AtaAtapiPassThru.obj
 0002:00000240       ??_C@_0CL@DOPFHFJC@?$DN?$DNAtaAtapiPassThru?5Stop?$DN?$DN?5Contr@ 0000000000009f40     AtaAtapiPassThruDxe:AtaAtapiPassThru.obj
 0002:00000270       ??_C@_0BG@BDDIFCPF@PciIo?5?$CB?$DN?5?$CI?$CIvoid?5?$CK?$CJ?50?$CJ@ 0000000000009f70     AtaAtapiPassThruDxe:AhciMode.obj
 0002:00000290       ??_C@_0GA@JIBHHLKC@e?3?2code?2adl_n100_code?2uefipldpl@ 0000000000009f90     AtaAtapiPassThruDxe:AhciMode.obj
 0002:000002f0       ??_C@_0DM@BIALJCJN@The?5S?4M?4A?4R?4T?5threshold?5exceede@ 0000000000009ff0     AtaAtapiPassThruDxe:AhciMode.obj
 0002:00000330       ??_C@_0DI@GJOGFJCJ@The?5S?4M?4A?4R?4T?5threshold?5exceede@ 000000000000a030     AtaAtapiPassThruDxe:AhciMode.obj
 0002:00000370       ??_C@_0EG@BPMDGPHA@S?4M?4A?4R?4T?5feature?5is?5not?5suppor@ 000000000000a070     AtaAtapiPassThruDxe:AhciMode.obj
 0002:000003b8       ??_C@_0DN@OJCBAOBK@Enabled?5S?4M?4A?4R?4T?5feature?5at?5po@ 000000000000a0b8     AtaAtapiPassThruDxe:AhciMode.obj
 0002:000003f8       ??_C@_0BJ@BGCNBJEC@AHCI?5CAPABILITY2?5?$DN?5?$CF08x?6@ 000000000000a0f8     AtaAtapiPassThruDxe:AhciMode.obj
 0002:00000418       ??_C@_0BP@FLHCGBJE@Port?5CMD?1DEVSLP?5?$DN?5?$CF08x?5?1?5?$CF08x?6@ 000000000000a118     AtaAtapiPassThruDxe:AhciMode.obj
 0002:00000438       ??_C@_0DI@NPDAMADO@IDENTIFY?5DEVICE?3?5?$FL77?$FN?5?$DN?5?$CF04x?0?5?$FL@ 000000000000a138     AtaAtapiPassThruDxe:AhciMode.obj
 0002:00000470       ??_C@_0EO@NOBLCLFA@DevSlp?5feature?5is?5not?5supported@ 000000000000a170     AtaAtapiPassThruDxe:AhciMode.obj
 0002:000004c0       ??_C@_0EF@LGHLHJPH@DevSlp?5set?5feature?5for?5device?5a@ 000000000000a1c0     AtaAtapiPassThruDxe:AhciMode.obj
 0002:00000508       ??_C@_0DE@ILCHDKEG@Read?5Log?5Ext?5at?5port?5?$FL?$CFd?$FN?5PortM@ 000000000000a208     AtaAtapiPassThruDxe:AhciMode.obj
 0002:00000540       ??_C@_0DB@MEGMMEMN@DevSlpTiming?3?5Supported?$CI?$CFd?$CJ?0?5De@ 000000000000a240     AtaAtapiPassThruDxe:AhciMode.obj
 0002:00000580       ??_C@_0FI@MKNPLLNE@Enabled?5DevSlp?5feature?5at?5port?5@ 000000000000a280     AtaAtapiPassThruDxe:AhciMode.obj
 0002:000005e0       ??_C@_0EO@NMNMFMJK@CMD_PUIS_SET_DEVICE_SPINUP?5for?5@ 000000000000a2e0     AtaAtapiPassThruDxe:AhciMode.obj
 0002:00000630       ??_C@_0DA@EBGMGAFO@IdentifyData?9?$DOAtaData?4specific_@ 000000000000a330     AtaAtapiPassThruDxe:AhciMode.obj
 0002:00000660       ??_C@_0DO@DNBPELFA@Read?5LBA?50?5for?5device?5at?5port?5?$FL@ 000000000000a360     AtaAtapiPassThruDxe:AhciMode.obj
 0002:000006a0       ??_C@_0ED@DGKNNPKI@Read?5IDD?5failed?5for?5device?5at?5p@ 000000000000a3a0     AtaAtapiPassThruDxe:AhciMode.obj
 0002:000006f0       ??_C@_0EH@IBMCBEOD@IDENTIFY?5DEVICE?3?5?$FL0?$FN?5?$DN?5?$CF016x?0?5?$FL@ 000000000000a3f0     AtaAtapiPassThruDxe:AhciMode.obj
 0002:00000738       ??_C@_07MIKIFGAL@Disable@  000000000000a438     AtaAtapiPassThruDxe:AhciMode.obj
 0002:00000740       ??_C@_06CKGENIKG@Enable@   000000000000a440     AtaAtapiPassThruDxe:AhciMode.obj
 0002:00000748       ??_C@_04MCHAEEKC@Skip@     000000000000a448     AtaAtapiPassThruDxe:AhciMode.obj
 0002:00000750       ??_C@_0DI@DPKPPIFP@?$CFa?5PUIS?5feature?5at?5port?5?$FL?$CFd?$FN?5Po@ 000000000000a450     AtaAtapiPassThruDxe:AhciMode.obj
 0002:00000790       ??_C@_0FH@GPMDEPCN@AhciModeInitialization?3?5failed?5@ 000000000000a490     AtaAtapiPassThruDxe:AhciMode.obj
 0002:000007e8       ??_C@_0BC@FEDIJHFF@?$CI?$CIBOOLEAN?$CJ?$CI0?$DN?$DN1?$CJ?$CJ@ 000000000000a4e8     AtaAtapiPassThruDxe:AhciMode.obj
 0002:00000800       ??_C@_0DP@IJKHLDBE@Port?5?$CFd?5Device?5presence?5detecte@ 000000000000a500     AtaAtapiPassThruDxe:AhciMode.obj
 0002:00000840       ??_C@_0CE@LDOHCBHC@Spin?5up?5standby?5device?5failed?5?9@ 000000000000a540     AtaAtapiPassThruDxe:AhciMode.obj
 0002:00000864       ??_C@_05POABADMF@cdrom@    000000000000a564     AtaAtapiPassThruDxe:AhciMode.obj
 0002:00000870       ??_C@_08PALMOJOH@harddisk@ 000000000000a570     AtaAtapiPassThruDxe:AhciMode.obj
 0002:00000880       ??_C@_0CM@KHHIKCIO@port?5?$FL?$CFd?$FN?5port?5multitplier?5?$FL?$CFd?$FN@ 000000000000a580     AtaAtapiPassThruDxe:AhciMode.obj
 0002:000008b0       ??_C@_0CC@GGCKBEOK@Calculate?5Mode?5Fail?0?5Status?5?$DN?5?$CF@ 000000000000a5b0     AtaAtapiPassThruDxe:AhciMode.obj
 0002:000008d8       ??_C@_0CF@ONEKJMPC@Set?5transfer?5Mode?5Fail?0?5Status?5@ 000000000000a5d8     AtaAtapiPassThruDxe:AhciMode.obj
 0002:00000900       ??_C@_0CJ@NBDDGPEK@PUIS?5enable?1disable?5failed?0?5Sta@ 000000000000a600     AtaAtapiPassThruDxe:AhciMode.obj
 0002:00000930       ??_C@_0FP@KFIOCIGI@e?3?2code?2adl_n100_code?2uefipldpl@ 000000000000a630     AtaAtapiPassThruDxe:IdeMode.obj
 0002:00000990       ??_C@_0BH@IACGKAP@Buffer?5?$CB?$DN?5?$CI?$CIvoid?5?$CK?$CJ?50?$CJ@ 000000000000a690     AtaAtapiPassThruDxe:IdeMode.obj
 0002:000009a8       ??_C@_0BN@PBAGALLH@IdeRegisters?5?$CB?$DN?5?$CI?$CIvoid?5?$CK?$CJ?50?$CJ@ 000000000000a6a8     AtaAtapiPassThruDxe:IdeMode.obj
 0002:000009c8       ??_C@_0DE@DMPLFKLN@CheckRegisterStatus?$CI?$CJ?9?9?5?$CF02x?5?3?5@ 000000000000a6c8     AtaAtapiPassThruDxe:IdeMode.obj
 0002:00000a00       ??_C@_0DH@FEGNNJML@CheckRegisterStatus?$CI?$CJ?9?9?5?$CF02x?5?3?5@ 000000000000a700     AtaAtapiPassThruDxe:IdeMode.obj
 0002:00000a38       ??_C@_0DL@KGNJKAMB@CheckRegisterStatus?$CI?$CJ?9?9?5?$CF02x?5?3?5@ 000000000000a738     AtaAtapiPassThruDxe:IdeMode.obj
 0002:00000a78       ??_C@_0DL@GJFPLKNG@CheckRegisterStatus?$CI?$CJ?9?9?5?$CF02x?5?3?5@ 000000000000a778     AtaAtapiPassThruDxe:IdeMode.obj
 0002:00000ab8       ??_C@_0DF@POAMJOPK@CheckRegisterStatus?$CI?$CJ?9?9?5?$CF02x?5?3?5@ 000000000000a7b8     AtaAtapiPassThruDxe:IdeMode.obj
 0002:00000af0       ??_C@_0CO@PANIFIFC@CheckRegisterStatus?$CI?$CJ?9?9?5?$CF02x?5?3?5@ 000000000000a7f0     AtaAtapiPassThruDxe:IdeMode.obj
 0002:00000b20       ??_C@_0DK@KDJEIFAM@CheckRegisterStatus?$CI?$CJ?9?9?5?$CF02x?5?3?5@ 000000000000a820     AtaAtapiPassThruDxe:IdeMode.obj
 0002:00000b60       ??_C@_0DP@FHOJHGEF@CheckRegisterStatus?$CI?$CJ?9?9?5?$CF02x?5?3?5@ 000000000000a860     AtaAtapiPassThruDxe:IdeMode.obj
 0002:00000ba0       ??_C@_0CA@LDLEOENP@AtaCommandBlock?5?$CB?$DN?5?$CI?$CIvoid?5?$CK?$CJ?50?$CJ@ 000000000000a8a0     AtaAtapiPassThruDxe:IdeMode.obj
 0002:00000bc0       ??_C@_0BK@KEBEKLPO@ATA?5UDMA?5operation?5fails?6@ 000000000000a8c0     AtaAtapiPassThruDxe:IdeMode.obj
 0002:00000be0       ??_C@_0BK@MGNDMAKE@RealPageCount?5?$DO?5PageCount@ 000000000000a8e0     AtaAtapiPassThruDxe:IdeMode.obj
 0002:00000c00       ??_C@_0BO@MKAHNPBE@?$CIBufferMapAddress?5?$CG?50x1?$CJ?5?$DN?$DN?50@ 000000000000a900     AtaAtapiPassThruDxe:IdeMode.obj
 0002:00000c20       ??_C@_0BH@HIHPLAJL@?$CIByteCount?5?$CG?50x1?$CJ?5?$DN?$DN?50@ 000000000000a920     AtaAtapiPassThruDxe:IdeMode.obj
 0002:00000c38       ??_C@_05FECFKABJ@slave@    000000000000a938     AtaAtapiPassThruDxe:IdeMode.obj
 0002:00000c40       ??_C@_06ECGAGODA@master@   000000000000a940     AtaAtapiPassThruDxe:IdeMode.obj
 0002:00000c48       ??_C@_09EADLKHON@secondary@ 000000000000a948     AtaAtapiPassThruDxe:IdeMode.obj
 0002:00000c58       ??_C@_07CJDBHDIN@primary@  000000000000a958     AtaAtapiPassThruDxe:IdeMode.obj
 0002:00000c60       ??_C@_0EB@JEODCBJI@S?4M?4A?4R?4T?5feature?5is?5not?5suppor@ 000000000000a960     AtaAtapiPassThruDxe:IdeMode.obj
 0002:00000ca8       ??_C@_0DI@IGHDPKJH@Enabled?5S?4M?4A?4R?4T?5feature?5at?5?$FL?$CF@ 000000000000a9a8     AtaAtapiPassThruDxe:IdeMode.obj
 0002:00000ce0       ??_C@_0FE@NGINKIOM@New?5detecting?5method?3?5Send?5Exec@ 000000000000a9e0     AtaAtapiPassThruDxe:IdeMode.obj
 0002:00000d38       ??_C@_08MGLFPKHM@cdrom?5?5?5@ 000000000000aa38     AtaAtapiPassThruDxe:IdeMode.obj
 0002:00000d44       ??_C@_06PBLLKJMC@slave?5@  000000000000aa44     AtaAtapiPassThruDxe:IdeMode.obj
 0002:00000d50       ??_C@_09OKOIINPD@primary?5?5@ 000000000000aa50     AtaAtapiPassThruDxe:IdeMode.obj
 0002:00000d60       ??_C@_0BP@FPLKOKIB@?$FL?$CFa?$FN?5channel?5?$FL?$CFa?$FN?5?$FL?$CFa?$FN?5device?6@ 000000000000aa60     AtaAtapiPassThruDxe:IdeMode.obj
 0002:00000d80       ??_C@_0BI@CHLGLNHM@?$FLGetChannel?0?5Status?$DN?$CFx?$FN@ 000000000000aa80     AtaAtapiPassThruDxe:IdeMode.obj
 0002:00000d98       ??_C@_0BA@HEEHNPAK@MaxDevices?5?$DM?$DN?52@ 000000000000aa98     AtaAtapiPassThruDxe:IdeMode.obj
 0002:00000da8       ??_C@_06DALJLGPG@eng?$DLen@ 000000000000aaa8     AtaAtapiPassThruDxe:ComponentName.obj
 0002:00000db0       ??_C@_1DA@EOBAEKJJ@?$AAA?$AAt?$AAa?$AAA?$AAt?$AAa?$AAp?$AAi?$AAP?$AAa?$AAs?$AAs?$AAT?$AAh?$AAr@ 000000000000aab0     AtaAtapiPassThruDxe:ComponentName.obj
 0002:00000de0       ??_C@_1BO@KOEKNILH@?$AAI?$AAD?$AAE?$AA?5?$AAC?$AAo?$AAn?$AAt?$AAr?$AAo?$AAl?$AAl?$AAe?$AAr@ 000000000000aae0     AtaAtapiPassThruDxe:ComponentName.obj
 0002:00000e00       ??_C@_1CA@HECPKGJI@?$AAA?$AAH?$AAC?$AAI?$AA?5?$AAC?$AAo?$AAn?$AAt?$AAr?$AAo?$AAl?$AAl?$AAe?$AAr@ 000000000000ab00     AtaAtapiPassThruDxe:ComponentName.obj
 0002:00000e20       ??_C@_03LKLGDMJI@eng@      000000000000ab20     AtaAtapiPassThruDxe:ComponentName.obj
 0002:00000e24       ??_C@_02LFNMGJAP@en@       000000000000ab24     AtaAtapiPassThruDxe:ComponentName.obj
 0002:00000e30       ??_C@_0GF@BCOOGOON@e?3?2code?2adl_n100_code?2uefipldpl@ 000000000000ab30     AtaAtapiPassThruDxe:ComponentName.obj
 0002:00000e98       ??_C@_0BF@NJNGJMPC@List?5?$CB?$DN?5?$CI?$CIvoid?5?$CK?$CJ?50?$CJ@ 000000000000ab98     BaseLib:LinkedList.obj
 0002:00000eb0       ??_C@_0FD@FFBHKELN@e?3?2code?2adl_n100_code?2uefipldpl@ 000000000000abb0     BaseLib:LinkedList.obj
 0002:00000f08       ??_C@_0CC@KDLPLAED@List?9?$DOForwardLink?5?$CB?$DN?5?$CI?$CIvoid?5?$CK?$CJ?5@ 000000000000ac08     BaseLib:LinkedList.obj
 0002:00000f30       ??_C@_0BP@IJJCCMAK@List?9?$DOBackLink?5?$CB?$DN?5?$CI?$CIvoid?5?$CK?$CJ?50?$CJ@ 000000000000ac30     BaseLib:LinkedList.obj
 0002:00000f50       ??_C@_0BJ@NJABNCDK@ListHead?5?$CB?$DN?5?$CI?$CIvoid?5?$CK?$CJ?50?$CJ@ 000000000000ac50     BaseLib:LinkedList.obj
 0002:00000f70       ??_C@_0CG@LGIALJFK@InternalBaseLibIsListValid?5?$CILis@ 000000000000ac70     BaseLib:LinkedList.obj
 0002:00000f98       ??_C@_0CC@JLDICICM@InternalBaseLibIsListValid?5?$CILis@ 000000000000ac98     BaseLib:LinkedList.obj
 0002:00000fc0       ??_C@_0BF@NMBJJECB@?$CBIsListEmpty?5?$CIEntry?$CJ@ 000000000000acc0     BaseLib:LinkedList.obj
 0002:00000fd8       ??_C@_0N@KGHEHMDL@Divisor?5?$CB?$DN?50@ 000000000000acd8     BaseLib:DivU64x32.obj
 0002:00000fe8       ??_C@_0L@MEMPDLHB@Count?5?$DM?564@ 000000000000ace8     BaseLib:RShiftU64.obj
 0002:00001000       ??_C@_0FC@JPMJLNCA@e?3?2code?2adl_n100_code?2uefipldpl@ 000000000000ad00     BaseLib:RShiftU64.obj
 0002:00001060       ??_C@_0ED@MKGCMJG@?$CILength?5?9?51?$CJ?5?$DM?$DN?5?$CI0xFFFFFFFFFFFF@ 000000000000ad60     BaseMemoryLibRepStr:CopyMemWrapper.obj
 0002:000010b0       ??_C@_0GD@KEIKLFBO@e?3?2code?2adl_n100_code?2uefipldpl@ 000000000000adb0     BaseMemoryLibRepStr:CopyMemWrapper.obj
 0002:00001118       ??_C@_0DO@MAOBOFEG@?$CILength?5?9?51?$CJ?5?$DM?$DN?5?$CI0xFFFFFFFFFFFF@ 000000000000ae18     BaseMemoryLibRepStr:CopyMemWrapper.obj
 0002:00001160       ??_C@_0GD@BACINENJ@e?3?2code?2adl_n100_code?2uefipldpl@ 000000000000ae60     BaseMemoryLibRepStr:ZeroMemWrapper.obj
 0002:000011c8       ??_C@_0DG@EEENIGGL@Length?5?$DM?$DN?5?$CI0xFFFFFFFFFFFFFFFFUL@ 000000000000aec8     BaseMemoryLibRepStr:ZeroMemWrapper.obj
 0002:00001200       ??_C@_0CC@JOEHDGKB@DestinationBuffer?5?$CB?$DN?5?$CI?$CIvoid?5?$CK?$CJ?5@ 000000000000af00     BaseMemoryLibRepStr:CompareMemWrapper.obj
 0002:00001230       ??_C@_0GG@KGPFBOP@e?3?2code?2adl_n100_code?2uefipldpl@ 000000000000af30     BaseMemoryLibRepStr:CompareMemWrapper.obj
 0002:00001298       ??_C@_0BN@MDMCNBCC@SourceBuffer?5?$CB?$DN?5?$CI?$CIvoid?5?$CK?$CJ?50?$CJ@ 000000000000af98     BaseMemoryLibRepStr:CompareMemWrapper.obj
 0002:000012b8       ??_C@_0DI@DAGDPLPG@?$CILength?5?9?51?$CJ?5?$DM?$DN?5?$CI0xFFFFFFFFFFFF@ 000000000000afb8     BaseMemoryLibRepStr:SetMemWrapper.obj
 0002:000012f0       ??_C@_0GC@LFOFKBAK@e?3?2code?2adl_n100_code?2uefipldpl@ 000000000000aff0     BaseMemoryLibRepStr:SetMemWrapper.obj
 0002:00001358       ??_C@_0BH@LKMBFCBF@Format?5?$CB?$DN?5?$CI?$CIvoid?5?$CK?$CJ?50?$CJ@ 000000000000b058     BaseDebugLibSerialPort:DebugLib.obj
 0002:00001370       ??_C@_0GA@HBBJHLGK@e?3?2code?2adl_n100_code?2uefipldpl@ 000000000000b070     BaseDebugLibSerialPort:DebugLib.obj
 0002:000013d0       ??_C@_0BI@NOCKJDBJ@ASSERT?5?$FL?$CFa?$FN?5?$CFa?$CI?$CFd?$CJ?3?5?$CFa?6@ 000000000000b0d0     BaseDebugLibSerialPort:DebugLib.obj
 0002:000013f0       ??_C@_0GM@CBJAAOLO@e?3?2code?2adl_n100_code?2uefipldpl@ 000000000000b0f0     UefiMemoryAllocationLib:MemoryAllocationLib.obj
 0002:00001460       ??_C@_0CD@GECBLADO@?$CIAlignment?5?$CG?5?$CIAlignment?5?9?51?$CJ?$CJ?5?$DN@ 000000000000b160     UefiMemoryAllocationLib:MemoryAllocationLib.obj
 0002:00001488       ??_C@_0BC@BDMGDFME@RealPages?5?$DO?5Pages@ 000000000000b188     UefiMemoryAllocationLib:MemoryAllocationLib.obj
 0002:000014a0       ??_C@_0DP@CGKEPFGH@AllocationSize?5?$DM?$DN?5?$CI0xFFFFFFFFFF@ 000000000000b1a0     UefiMemoryAllocationLib:MemoryAllocationLib.obj
 0002:000014e0       ??_C@_0BE@OBDFIHND@gRT?5?$CB?$DN?5?$CI?$CIvoid?5?$CK?$CJ?50?$CJ@ 000000000000b1e0     UefiRuntimeServicesTableLib:UefiRuntimeServicesTableLib.obj
 0002:00001500       ??_C@_0HI@DCCKLNND@e?3?2code?2adl_n100_code?2uefipldpl@ 000000000000b200     UefiRuntimeServicesTableLib:UefiRuntimeServicesTableLib.obj
 0002:00001578       ??_C@_0BN@COECPDCC@gImageHandle?5?$CB?$DN?5?$CI?$CIvoid?5?$CK?$CJ?50?$CJ@ 000000000000b278     UefiBootServicesTableLib:UefiBootServicesTableLib.obj
 0002:000015a0       ??_C@_0HC@EIFDGPFB@e?3?2code?2adl_n100_code?2uefipldpl@ 000000000000b2a0     UefiBootServicesTableLib:UefiBootServicesTableLib.obj
 0002:00001618       ??_C@_0BE@DGNHAHIL@gST?5?$CB?$DN?5?$CI?$CIvoid?5?$CK?$CJ?50?$CJ@ 000000000000b318     UefiBootServicesTableLib:UefiBootServicesTableLib.obj
 0002:00001630       ??_C@_0BE@BDFJLGLN@gBS?5?$CB?$DN?5?$CI?$CIvoid?5?$CK?$CJ?50?$CJ@ 000000000000b330     UefiBootServicesTableLib:UefiBootServicesTableLib.obj
 0002:00001648       ??_C@_0BF@CBLMFKOC@Node?5?$CB?$DN?5?$CI?$CIvoid?5?$CK?$CJ?50?$CJ@ 000000000000b348     UefiDevicePathLib:DevicePathUtilities.obj
 0002:00001660       ??_C@_0GG@DADIGNFF@e?3?2code?2adl_n100_code?2uefipldpl@ 000000000000b360     UefiDevicePathLib:DevicePathUtilities.obj
 0002:000016d0       ??_C@_0FI@IEGIMHDN@e?3?2code?2adl_n100_code?2uefipldpl@ 000000000000b3d0     UefiLib:UefiDriverModel.obj
 0002:00001730       ??_C@_0FB@KBFNGELC@e?3?2code?2adl_n100_code?2uefipldpl@ 000000000000b430     DxeHobLib:HobLib.obj
 0002:00001788       ??_C@_0BJ@OBFMLLDO@mHobList?5?$CB?$DN?5?$CI?$CIvoid?5?$CK?$CJ?50?$CJ@ 000000000000b488     DxeHobLib:HobLib.obj
 0002:000017a8       ??_C@_0BJ@NOLLDKJB@HobStart?5?$CB?$DN?5?$CI?$CIvoid?5?$CK?$CJ?50?$CJ@ 000000000000b4a8     DxeHobLib:HobLib.obj
 0002:000017c8       ??_C@_0BI@EDOKPJOP@GuidHob?5?$CB?$DN?5?$CI?$CIvoid?5?$CK?$CJ?50?$CJ@ 000000000000b4c8     AcpiTimerLib:AcpiTimerLib.obj
 0002:000017e0       ??_C@_0GC@KBKBDNKG@e?3?2code?2adl_n100_code?2uefipldpl@ 000000000000b4e0     AcpiTimerLib:AcpiTimerLib.obj
 0002:00001850       ??_C@_0EP@EKIACOFF@e?3?2code?2adl_n100_code?2uefipldpl@ 000000000000b550     BaseLib:String.obj
 0002:000018a0       ??_C@_0BH@MAAHKCPC@String?5?$CB?$DN?5?$CI?$CIvoid?5?$CK?$CJ?50?$CJ@ 000000000000b5a0     BaseLib:String.obj
 0002:000018b8       ??_C@_0CD@BDCLIGHD@?$CI?$CIUINTN?$CJ?5String?5?$CG?50x00000001?$CJ?5?$DN@ 000000000000b5b8     BaseLib:String.obj
 0002:000018e0       ??_C@_0DJ@JJHGIFMP@Length?5?$DM?$DN?5_gPcd_FixedAtBuild_Pc@ 000000000000b5e0     BaseLib:String.obj
 0002:00001920       ??_C@_0DI@MDIKFADO@Length?5?$DM?5_gPcd_FixedAtBuild_Pcd@ 000000000000b620     BaseLib:String.obj
 0002:00001958       ??_C@_0BL@IKFBNFIL@AsciiStrSize?5?$CIFirstString?$CJ@ 000000000000b658     BaseLib:String.obj
 0002:00001978       ??_C@_0BM@EDNOKLLE@AsciiStrSize?5?$CISecondString?$CJ@ 000000000000b678     BaseLib:String.obj
 0002:000019a0       ??_C@_0FC@OLDIOFBJ@e?3?2code?2adl_n100_code?2uefipldpl@ 000000000000b6a0     BaseLib:Unaligned.obj
 0002:00001a00       ??_C@_0FD@GHHGINGE@e?3?2code?2adl_n100_code?2uefipldpl@ 000000000000b700     BaseLib:SafeString.obj
 0002:00001a60       ??_C@_0FM@GDLDJIBH@e?3?2code?2adl_n100_code?2uefipldpl@ 000000000000b760     BaseIoLibIntrinsic:IoLibMsc.obj
 0002:00001ac0       ??_C@_0BA@HCECIDGN@?$CIPort?5?$CG?53?$CJ?5?$DN?$DN?50@ 000000000000b7c0     BaseIoLibIntrinsic:IoLibMsc.obj
 0002:00001ad0       ??_C@_0FO@GLOLNBHK@e?3?2code?2adl_n100_code?2uefipldpl@ 000000000000b7d0     BasePrintLib:PrintLibInternal.obj
 0002:00001b30       ??_C@_0BJ@CNKJJNE@?$CIBuffer?5?$CB?$DN?5?$CI?$CIvoid?5?$CK?$CJ?50?$CJ?$CJ@ 000000000000b830     BasePrintLib:PrintLibInternal.obj
 0002:00001b50       ??_C@_0EB@HDGIDCIO@?$CIBufferSize?5?$DM?$DN?5?$CI_gPcd_FixedAtBu@ 000000000000b850     BasePrintLib:PrintLibInternal.obj
 0002:00001b98       ??_C@_0BJ@PPAKKDJG@?$CIFormat?5?$CB?$DN?5?$CI?$CIvoid?5?$CK?$CJ?50?$CJ?$CJ@ 000000000000b898     BasePrintLib:PrintLibInternal.obj
 0002:00001bc0       ??_C@_0ED@LPDDCECB@?$CIBufferSize?5?$DM?$DN?5?$CI_gPcd_FixedAtBu@ 000000000000b8c0     BasePrintLib:PrintLibInternal.obj
 0002:00001c10       ??_C@_0IM@BFJJFLGB@?$CIStrnLenS?5?$CI?$CICHAR16?5?$CK?$CJFormat?0?5?$CI_@ 000000000000b910     BasePrintLib:PrintLibInternal.obj
 0002:00001ca0       ??_C@_0ID@PLGJGION@?$CIAsciiStrnLenS?5?$CIFormat?0?5?$CI_gPcd_@ 000000000000b9a0     BasePrintLib:PrintLibInternal.obj
 0002:00001d28       ??_C@_0O@MLOLIMFM@?$DMnull?5string?$DO@ 000000000000ba28     BasePrintLib:PrintLibInternal.obj
 0002:00001d38       ??_C@_0M@BJJDNPHK@?$DMnull?5guid?$DO@ 000000000000ba38     BasePrintLib:PrintLibInternal.obj
 0002:00001d48       ??_C@_0DB@PMLHLBMO@?$CF08x?9?$CF04x?9?$CF04x?9?$CF02x?$CF02x?9?$CF02x?$CF02@ 000000000000ba48     BasePrintLib:PrintLibInternal.obj
 0002:00001d80       ??_C@_0M@LHGBCIKM@?$DMnull?5time?$DO@ 000000000000ba80     BasePrintLib:PrintLibInternal.obj
 0002:00001d90       ??_C@_0BK@FCPKCIDD@?$CF02d?1?$CF02d?1?$CF04d?5?5?$CF02d?3?$CF02d@ 000000000000ba90     BasePrintLib:PrintLibInternal.obj
 0002:00001dac       ??_C@_04JIMNDDED@?$CF08X@  000000000000baac     BasePrintLib:PrintLibInternal.obj
 0002:00001db4       ??_C@_02PCIJFNDE@?$AN?6@   000000000000bab4     BasePrintLib:PrintLibInternal.obj
 0002:00001db8       ??_C@_01LIIJDEN@?$AN@      000000000000bab8     BasePrintLib:PrintLibInternal.obj
 0002:00001dc0       mWarningString             000000000000bac0     BasePrintLib:PrintLibInternal.obj
 0002:00001e60       mErrorString               000000000000bb60     BasePrintLib:PrintLibInternal.obj
 0002:00002120       mHexStr                    000000000000be20     BasePrintLib:PrintLibInternal.obj
 0002:00002130       ??_C@_0HM@INGECGBC@e?3?2code?2adl_n100_code?2uefipldpl@ 000000000000be30     SblParseLib:SblParseLib.obj
 0002:000021b0       ??_C@_0BF@GKGPMHBK@HandoffTable?5?$DN?50x?$CFp?6@ 000000000000beb0     SblParseLib:SblParseLib.obj
 0002:000021c8       ??_C@_0BO@JGHCOEDD@?6?6ERROR?5?5the?5hob?5check?5fail?4?6@ 000000000000bec8     SblParseLib:SblParseLib.obj
 0002:000021e8       ??_C@_0BI@NCGMODPG@HobList?5?$CB?$DN?5?$CI?$CIvoid?5?$CK?$CJ?50?$CJ@ 000000000000bee8     SblParseLib:SblParseLib.obj
 0002:00002200       ??_C@_0FL@HLNNCKBP@e?3?2code?2adl_n100_code?2uefipldpl@ 000000000000bf00     BaseLib:DivU64x32Remainder.obj
 0002:00002260       ??_C@_0FJ@GBGHCPBH@e?3?2code?2adl_n100_code?2uefipldpl@ 000000000000bf60     BaseIoLibIntrinsic:IoLib.obj
 0002:000022c0       ??_C@_0BD@OMMAJMCK@?$CIAddress?5?$CG?53?$CJ?5?$DN?$DN?50@ 000000000000bfc0     BaseIoLibIntrinsic:IoLib.obj
 0002:000022d8       ??_C@_0BO@BAKALPJK@?$CI?$CIAddress?$CJ?5?$CG?5?$HO0xfffffff?$CJ?5?$DN?$DN?50@ 000000000000bfd8     BasePciExpressLib:PciExpressLib.obj
 0002:00002300       ??_C@_0GA@NDAEIBGJ@e?3?2code?2adl_n100_code?2uefipldpl@ 000000000000c000     BasePciExpressLib:PciExpressLib.obj
 0002:00002360       ??_C@_0FE@EJOAIEGJ@e?3?2code?2adl_n100_code?2uefipldpl@ 000000000000c060     DxePcdLib:DxePcdLib.obj
 0002:000023b8       ??_C@_0BF@OOKDELHM@mPcd?5?$CB?$DN?5?$CI?$CIvoid?5?$CK?$CJ?50?$CJ@ 000000000000c0b8     DxePcdLib:DxePcdLib.obj
 0002:00002424       __volatile_metadata        000000000000c124     <linker-defined>
 0003:00000000       gEfiExtScsiPassThruProtocolGuid 000000000000c700     AtaAtapiPassThruDxe:AutoGen.obj
 0003:00000010       gEfiAtaPassThruProtocolGuid 000000000000c710     AtaAtapiPassThruDxe:AutoGen.obj
 0003:00000020       gUefiSerialPortInfoGuid    000000000000c720     AtaAtapiPassThruDxe:AutoGen.obj
 0003:00000030       gEfiComponentName2ProtocolGuid 000000000000c730     AtaAtapiPassThruDxe:AutoGen.obj
 0003:00000040       gPcdProtocolGuid           000000000000c740     AtaAtapiPassThruDxe:AutoGen.obj
 0003:00000050       _gPcd_BinaryPatch_PcdPciSerialParameters 000000000000c750     AtaAtapiPassThruDxe:AutoGen.obj
 0003:00000070       gEfiDevicePathProtocolGuid 000000000000c770     AtaAtapiPassThruDxe:AutoGen.obj
 0003:00000080       gEfiPciIoProtocolGuid      000000000000c780     AtaAtapiPassThruDxe:AutoGen.obj
 0003:00000090       gUefiAcpiBoardInfoGuid     000000000000c790     AtaAtapiPassThruDxe:AutoGen.obj
 0003:000000a0       _gPcd_BinaryPatch_PcdSerialLineControl 000000000000c7a0     AtaAtapiPassThruDxe:AutoGen.obj
 0003:000000a1       _gPcd_BinaryPatch_PcdSerialUseMmio 000000000000c7a1     AtaAtapiPassThruDxe:AutoGen.obj
 0003:000000a4       _gPcd_BinaryPatch_PcdDebugPrintErrorLevel 000000000000c7a4     AtaAtapiPassThruDxe:AutoGen.obj
 0003:000000a8       _gPcd_BinaryPatch_PcdDebugPropertyMask 000000000000c7a8     AtaAtapiPassThruDxe:AutoGen.obj
 0003:000000b0       gEfiHobListGuid            000000000000c7b0     AtaAtapiPassThruDxe:AutoGen.obj
 0003:000000c0       gEdkiiAtaAtapiPolicyProtocolGuid 000000000000c7c0     AtaAtapiPassThruDxe:AutoGen.obj
 0003:000000d0       gEfiDriverBindingProtocolGuid 000000000000c7d0     AtaAtapiPassThruDxe:AutoGen.obj
 0003:000000e0       gEfiIdeControllerInitProtocolGuid 000000000000c7e0     AtaAtapiPassThruDxe:AutoGen.obj
 0003:000000f0       gEfiComponentNameProtocolGuid 000000000000c7f0     AtaAtapiPassThruDxe:AutoGen.obj
 0003:00000100       _gPcd_BinaryPatch_PcdSerialFifoControl 000000000000c800     AtaAtapiPassThruDxe:AutoGen.obj
 0003:00000104       _gPcd_BinaryPatch_PcdSerialExtendedTxFifoSize 000000000000c804     AtaAtapiPassThruDxe:AutoGen.obj
 0003:00000108       mAtapiDevicePathTemplate   000000000000c808     AtaAtapiPassThruDxe:AtaAtapiPassThru.obj
 0003:00000110       gAtaAtapiPassThruInstanceTemplate 000000000000c810     AtaAtapiPassThruDxe:AtaAtapiPassThru.obj
 0003:000002a0       mSataDevicePathTemplate    000000000000c9a0     AtaAtapiPassThruDxe:AtaAtapiPassThru.obj
 0003:000002b0       mScsiId                    000000000000c9b0     AtaAtapiPassThruDxe:AtaAtapiPassThru.obj
 0003:000002c0       mDefaultAtaAtapiPolicy     000000000000c9c0     AtaAtapiPassThruDxe:AtaAtapiPassThru.obj
 0003:000002c8       gAtaAtapiPassThruDriverBinding 000000000000c9c8     AtaAtapiPassThruDxe:AtaAtapiPassThru.obj
 0003:000002f8       gAtaAtapiPassThruComponentName 000000000000c9f8     AtaAtapiPassThruDxe:ComponentName.obj
 0003:00000310       gAtaAtapiPassThruComponentName2 000000000000ca10     AtaAtapiPassThruDxe:ComponentName.obj
 0003:00000330       mAtaAtapiPassThruAhciControllerNameTable 000000000000ca30     AtaAtapiPassThruDxe:ComponentName.obj
 0003:00000350       mAtaAtapiPassThruIdeControllerNameTable 000000000000ca50     AtaAtapiPassThruDxe:ComponentName.obj
 0003:00000370       mAtaAtapiPassThruDriverNameTable 000000000000ca70     AtaAtapiPassThruDxe:ComponentName.obj
 0003:00000390       _gPcd_BinaryPatch_PcdSerialRegisterBase 000000000000ca90     AtaAtapiPassThruDxe:AutoGen.obj
 0003:00000398       _gPcd_BinaryPatch_PcdSerialRegisterStride 000000000000ca98     AtaAtapiPassThruDxe:AutoGen.obj
 0003:0000039c       _gPcd_BinaryPatch_PcdSerialDetectCable 000000000000ca9c     AtaAtapiPassThruDxe:AutoGen.obj
 0003:0000039d       _gPcd_BinaryPatch_PcdSerialUseHardwareFlowControl 000000000000ca9d     AtaAtapiPassThruDxe:AutoGen.obj
 0003:000003a0       _gPcd_BinaryPatch_PcdUartDefaultBaudRate 000000000000caa0     AtaAtapiPassThruDxe:AutoGen.obj
 0003:000003a8       _gPcd_BinaryPatch_PcdSerialClockRate 000000000000caa8     AtaAtapiPassThruDxe:AutoGen.obj
 0003:000003ac       _gPcd_BinaryPatch_PcdSerialBaudRate 000000000000caac     AtaAtapiPassThruDxe:AutoGen.obj
 0003:000003b0       gRT                        000000000000cab0     UefiRuntimeServicesTableLib:UefiRuntimeServicesTableLib.obj
 0003:000003b8       gST                        000000000000cab8     UefiBootServicesTableLib:UefiBootServicesTableLib.obj
 0003:000003c0       gBS                        000000000000cac0     UefiBootServicesTableLib:UefiBootServicesTableLib.obj
 0003:000003c8       gImageHandle               000000000000cac8     UefiBootServicesTableLib:UefiBootServicesTableLib.obj
 0003:000003d0       mHobList                   000000000000cad0     DxeHobLib:HobLib.obj
 0003:000003d8       mPmTimerReg                000000000000cad8     AcpiTimerLib:AcpiTimerLib.obj
 0003:000003e0       mPcd                       000000000000cae0     DxePcdLib:DxePcdLib.obj
 0003:000003e8       mAtaAtapiPolicy            000000000000cae8     <common>

 entry point at        0001:000000e4

 Static symbols

 0001:0000001a       InternalMemCopyMem.0       00000000000002da     BaseMemoryLibRepStr:CopyMem.obj
 0001:0000002a       @CopyBackward              00000000000002ea     BaseMemoryLibRepStr:CopyMem.obj
 0001:00000033       @CopyBytes                 00000000000002f3     BaseMemoryLibRepStr:CopyMem.obj
 0005:00000000       $unwind$MmioRead32         000000000000d100     BaseIoLibIntrinsic:IoLib.obj
 0005:00000000       $unwind$IoRead32           000000000000d100     BaseIoLibIntrinsic:IoLibMsc.obj
 0005:00000000       $unwind$GetFirstNode       000000000000d100     BaseLib:LinkedList.obj
 0005:00000000       $unwind$GetNextNode        000000000000d100     BaseLib:LinkedList.obj
 0005:00000000       $unwind$IsListEmpty        000000000000d100     BaseLib:LinkedList.obj
 0005:00000000       $unwind$RemoveEntryList    000000000000d100     BaseLib:LinkedList.obj
 0005:00000000       $unwind$StrnLenS           000000000000d100     BaseLib:SafeString.obj
 0005:00000000       $unwind$SetMem             000000000000d100     BaseMemoryLibRepStr:SetMemWrapper.obj
 0005:00000000       $unwind$PciExpressRead32   000000000000d100     BasePciExpressLib:PciExpressLib.obj
 0005:00000000       $unwind$GetNextHob         000000000000d100     DxeHobLib:HobLib.obj
 0005:00000000       $unwind$DevicePathNodeLength 000000000000d100     UefiDevicePathLib:DevicePathUtilities.obj
 0005:00000000       $unwind$_ModuleEntryPoint  000000000000d100     UefiDriverEntryPoint:DriverEntryPoint.obj
 0005:00000000       $unwind$AcpiTimerLibConstructor 000000000000d100     AcpiTimerLib:AcpiTimerLib.obj
 0005:00000000       $unwind$MicroSecondDelay   000000000000d100     AcpiTimerLib:AcpiTimerLib.obj
 0005:00000008       $unwind$AhciBuildCommandFis 000000000000d108     AtaAtapiPassThruDxe:AhciMode.obj
 0005:00000008       $unwind$ProcessLibraryConstructorList 000000000000d108     AtaAtapiPassThruDxe:AutoGen.obj
 0005:00000008       $unwind$CheckStatusRegister 000000000000d108     AtaAtapiPassThruDxe:IdeMode.obj
 0005:00000008       $unwind$InsertTailList     000000000000d108     BaseLib:LinkedList.obj
 0005:00000008       $unwind$InternalBaseLibIsListValid 000000000000d108     BaseLib:LinkedList.obj
 0005:00000008       $unwind$IsNull             000000000000d108     BaseLib:LinkedList.obj
 0005:00000008       $unwind$RShiftU64          000000000000d108     BaseLib:RShiftU64.obj
 0005:00000008       $unwind$AsciiStrLen        000000000000d108     BaseLib:String.obj
 0005:00000008       $unwind$ZeroMem            000000000000d108     BaseMemoryLibRepStr:ZeroMemWrapper.obj
 0005:00000008       $unwind$CompareIso639LanguageCode 000000000000d108     UefiLib:UefiLib.obj
 0005:00000008       $unwind$InternalAllocateCopyPool 000000000000d108     UefiMemoryAllocationLib:MemoryAllocationLib.obj
 0005:00000008       $unwind$GetGuidHobDataFromSbl 000000000000d108     SblParseLib:SblParseLib.obj
 0005:00000014       $unwind$ProcessModuleEntryPointList 000000000000d114     AtaAtapiPassThruDxe:AutoGen.obj
 0005:00000020       $unwind$AtaPassThruPassThruExecute 000000000000d120     AtaAtapiPassThruDxe:AtaAtapiPassThru.obj
 0005:00000020       $unwind$AtaIdentify        000000000000d120     AtaAtapiPassThruDxe:IdeMode.obj
 0005:00000020       $unwind$AtaIdentifyPacket  000000000000d120     AtaAtapiPassThruDxe:IdeMode.obj
 0005:00000034       $unwind$AhciDisableFisReceive 000000000000d134     AtaAtapiPassThruDxe:AhciMode.obj
 0005:00000034       $unwind$AhciStopCommand    000000000000d134     AtaAtapiPassThruDxe:AhciMode.obj
 0005:00000034       $unwind$AsyncNonBlockingTransferRoutine 000000000000d134     AtaAtapiPassThruDxe:AtaAtapiPassThru.obj
 0005:00000044       $unwind$AtaAtapiPassThruSupported 000000000000d144     AtaAtapiPassThruDxe:AtaAtapiPassThru.obj
 0005:00000050       $unwind$AtaAtapiPassThruStart 000000000000d150     AtaAtapiPassThruDxe:AtaAtapiPassThru.obj
 0005:00000064       $unwind$AtaAtapiPassThruStop 000000000000d164     AtaAtapiPassThruDxe:AtaAtapiPassThru.obj
 0005:00000074       $unwind$AtaPassThruGetNextDevice 000000000000d174     AtaAtapiPassThruDxe:AtaAtapiPassThru.obj
 0005:00000074       $unwind$DestroyAsynTaskList 000000000000d174     AtaAtapiPassThruDxe:AtaAtapiPassThru.obj
 0005:00000074       $unwind$SearchDeviceInfoList 000000000000d174     AtaAtapiPassThruDxe:AtaAtapiPassThru.obj
 0005:00000074       $unwind$AtaIssueCommand    000000000000d174     AtaAtapiPassThruDxe:IdeMode.obj
 0005:0000008c       $unwind$AtaPassThruBuildDevicePath 000000000000d18c     AtaAtapiPassThruDxe:AtaAtapiPassThru.obj
 0005:0000008c       $unwind$CreateNewDeviceInfo 000000000000d18c     AtaAtapiPassThruDxe:AtaAtapiPassThru.obj
 0005:0000008c       $unwind$ExtScsiPassThruGetNextTargetLun 000000000000d18c     AtaAtapiPassThruDxe:AtaAtapiPassThru.obj
 0005:0000008c       $unwind$AtaUdmStatusWait   000000000000d18c     AtaAtapiPassThruDxe:IdeMode.obj
 0005:0000008c       $unwind$SerialPortInitialize 000000000000d18c     BaseSerialPortLib16550:BaseSerialPortLib16550.obj
 0005:0000008c       $unwind$LookupUnicodeString2 000000000000d18c     UefiLib:UefiLib.obj
 0005:000000a4       $unwind$AhciAndReg         000000000000d1a4     AtaAtapiPassThruDxe:AhciMode.obj
 0005:000000a4       $unwind$AhciOrReg          000000000000d1a4     AtaAtapiPassThruDxe:AhciMode.obj
 0005:000000a4       $unwind$AhciWaitMemSet     000000000000d1a4     AtaAtapiPassThruDxe:AhciMode.obj
 0005:000000a4       $unwind$AtaPassThruResetDevice 000000000000d1a4     AtaAtapiPassThruDxe:AtaAtapiPassThru.obj
 0005:000000a4       $unwind$DestroyDeviceInfoList 000000000000d1a4     AtaAtapiPassThruDxe:AtaAtapiPassThru.obj
 0005:000000a4       $unwind$ExtScsiPassThruResetTargetLun 000000000000d1a4     AtaAtapiPassThruDxe:AtaAtapiPassThru.obj
 0005:000000a4       $unwind$AsciiStrnCmp       000000000000d1a4     BaseLib:String.obj
 0005:000000a4       $unwind$CompareMem         000000000000d1a4     BaseMemoryLibRepStr:CompareMemWrapper.obj
 0005:000000a4       $unwind$CopyMem            000000000000d1a4     BaseMemoryLibRepStr:CopyMemWrapper.obj
 0005:000000a4       $unwind$BasePrintLibValueToString 000000000000d1a4     BasePrintLib:PrintLibInternal.obj
 0005:000000a4       $unwind$GetHobList         000000000000d1a4     DxeHobLib:HobLib.obj
 0005:000000a4       $unwind$IsLanguageSupported 000000000000d1a4     UefiLib:UefiLib.obj
 0005:000000a4       $unwind$InternalAcpiDelay  000000000000d1a4     AcpiTimerLib:AcpiTimerLib.obj
 0005:000000b4       $unwind$EnumerateAttachedDevice 000000000000d1b4     AtaAtapiPassThruDxe:AtaAtapiPassThru.obj
 0005:000000bc       $unwind$AhciStartCommand   000000000000d1bc     AtaAtapiPassThruDxe:AhciMode.obj
 0005:000000bc       $unwind$AtaPassThruPassThru 000000000000d1bc     AtaAtapiPassThruDxe:AtaAtapiPassThru.obj
 0005:000000d4       $unwind$AtaPassThruGetNextPort 000000000000d1d4     AtaAtapiPassThruDxe:AtaAtapiPassThru.obj
 0005:000000d4       $unwind$ExtScsiPassThruGetNextTarget 000000000000d1d4     AtaAtapiPassThruDxe:AtaAtapiPassThru.obj
 0005:000000d4       $unwind$ExtScsiPassThruGetTargetLun 000000000000d1d4     AtaAtapiPassThruDxe:AtaAtapiPassThru.obj
 0005:000000d4       $unwind$AtaNonDataCommandIn 000000000000d1d4     AtaAtapiPassThruDxe:IdeMode.obj
 0005:000000d4       $unwind$DRQClear           000000000000d1d4     AtaAtapiPassThruDxe:IdeMode.obj
 0005:000000d4       $unwind$DRQClear2          000000000000d1d4     AtaAtapiPassThruDxe:IdeMode.obj
 0005:000000d4       $unwind$DRQReady           000000000000d1d4     AtaAtapiPassThruDxe:IdeMode.obj
 0005:000000d4       $unwind$DRQReady2          000000000000d1d4     AtaAtapiPassThruDxe:IdeMode.obj
 0005:000000d4       $unwind$WaitForBSYClear    000000000000d1d4     AtaAtapiPassThruDxe:IdeMode.obj
 0005:000000e8       $unwind$AhciDumpPortStatus 000000000000d1e8     AtaAtapiPassThruDxe:AhciMode.obj
 0005:000000e8       $unwind$AtaPassThruGetDevice 000000000000d1e8     AtaAtapiPassThruDxe:AtaAtapiPassThru.obj
 0005:000000fc       $unwind$AtaPacketRequestSense 000000000000d1fc     AtaAtapiPassThruDxe:AtaAtapiPassThru.obj
 0005:00000114       $unwind$ExtScsiPassThruPassThru 000000000000d214     AtaAtapiPassThruDxe:AtaAtapiPassThru.obj
 0005:00000130       $unwind$ExtScsiPassThruBuildDevicePath 000000000000d230     AtaAtapiPassThruDxe:AtaAtapiPassThru.obj
 0005:0000014c       $unwind$AhciReadReg        000000000000d24c     AtaAtapiPassThruDxe:AhciMode.obj
 0005:0000014c       $unwind$IdeReadPortB       000000000000d24c     AtaAtapiPassThruDxe:IdeMode.obj
 0005:00000158       $unwind$AhciWriteReg       000000000000d258     AtaAtapiPassThruDxe:AhciMode.obj
 0005:00000158       $unwind$IdeWritePortB      000000000000d258     AtaAtapiPassThruDxe:IdeMode.obj
 0005:00000164       $unwind$AhciWaitMmioSet    000000000000d264     AtaAtapiPassThruDxe:AhciMode.obj
 0005:0000017c       $unwind$AhciBuildCommand   000000000000d27c     AtaAtapiPassThruDxe:AhciMode.obj
 0005:00000198       $unwind$AhciPioTransfer    000000000000d298     AtaAtapiPassThruDxe:AhciMode.obj
 0005:000001b8       $unwind$AhciDmaTransfer    000000000000d2b8     AtaAtapiPassThruDxe:AhciMode.obj
 0005:000001d4       $unwind$AhciNonDataTransfer 000000000000d2d4     AtaAtapiPassThruDxe:AhciMode.obj
 0005:000001ec       $unwind$AhciAtaSmartReturnStatusCheck 000000000000d2ec     AtaAtapiPassThruDxe:AhciMode.obj
 0005:000001fc       $unwind$AhciAtaSmartSupport 000000000000d2fc     AtaAtapiPassThruDxe:AhciMode.obj
 0005:00000210       $unwind$AhciIdentify       000000000000d310     AtaAtapiPassThruDxe:AhciMode.obj
 0005:00000210       $unwind$AhciReadLogExt     000000000000d310     AtaAtapiPassThruDxe:AhciMode.obj
 0005:00000228       $unwind$AhciIdentifyPacket 000000000000d328     AtaAtapiPassThruDxe:AhciMode.obj
 0005:0000023c       $unwind$AhciDeviceSetFeature 000000000000d33c     AtaAtapiPassThruDxe:AhciMode.obj
 0005:0000024c       $unwind$AhciPacketCommandExecute 000000000000d34c     AtaAtapiPassThruDxe:AhciMode.obj
 0005:00000268       $unwind$AhciCreateTransferDescriptor 000000000000d368     AtaAtapiPassThruDxe:AhciMode.obj
 0005:00000280       $unwind$AhciEnableDevSlp   000000000000d380     AtaAtapiPassThruDxe:AhciMode.obj
 0005:0000029c       $unwind$AhciSpinUpDisk     000000000000d39c     AtaAtapiPassThruDxe:AhciMode.obj
 0005:000002b8       $unwind$AhciPuisEnable     000000000000d3b8     AtaAtapiPassThruDxe:AhciMode.obj
 0005:000002c4       $unwind$AhciModeInitialization 000000000000d3c4     AtaAtapiPassThruDxe:AhciMode.obj
 0005:000002dc       $unwind$IdeReadPortWMultiple 000000000000d3dc     AtaAtapiPassThruDxe:IdeMode.obj
 0005:000002dc       $unwind$IdeWritePortWMultiple 000000000000d3dc     AtaAtapiPassThruDxe:IdeMode.obj
 0005:000002f0       $unwind$DumpAllIdeRegisters 000000000000d3f0     AtaAtapiPassThruDxe:IdeMode.obj
 0005:00000304       $unwind$GetIdeRegisterIoAddr 000000000000d404     AtaAtapiPassThruDxe:IdeMode.obj
 0005:00000310       $unwind$AtaPioDataInOut    000000000000d410     AtaAtapiPassThruDxe:IdeMode.obj
 0005:00000310       $unwind$CompareGuid        000000000000d410     BaseMemoryLibRepStr:MemLibGuid.obj
 0005:0000032c       $unwind$AtaUdmaInOut       000000000000d42c     AtaAtapiPassThruDxe:IdeMode.obj
 0005:00000344       $unwind$AtaPacketReadWrite 000000000000d444     AtaAtapiPassThruDxe:IdeMode.obj
 0005:00000360       $unwind$AtaPacketCommandExecute 000000000000d460     AtaAtapiPassThruDxe:IdeMode.obj
 0005:00000378       $unwind$SetDeviceTransferMode 000000000000d478     AtaAtapiPassThruDxe:IdeMode.obj
 0005:00000378       $unwind$SetDriveParameters 000000000000d478     AtaAtapiPassThruDxe:IdeMode.obj
 0005:0000038c       $unwind$IdeAtaSmartReturnStatusCheck 000000000000d48c     AtaAtapiPassThruDxe:IdeMode.obj
 0005:0000039c       $unwind$IdeAtaSmartSupport 000000000000d49c     AtaAtapiPassThruDxe:IdeMode.obj
 0005:000003b4       $unwind$DetectAndConfigIdeDevice 000000000000d4b4     AtaAtapiPassThruDxe:IdeMode.obj
 0005:000003cc       $unwind$IdeModeInitialization 000000000000d4cc     AtaAtapiPassThruDxe:IdeMode.obj
 0005:000003e0       $unwind$AtaAtapiPassThruComponentNameGetDriverName 000000000000d4e0     AtaAtapiPassThruDxe:ComponentName.obj
 0005:000003e8       $unwind$AtaAtapiPassThruComponentNameGetControllerName 000000000000d4e8     AtaAtapiPassThruDxe:ComponentName.obj
 0005:000003fc       $unwind$DebugPrint         000000000000d4fc     BaseDebugLibSerialPort:DebugLib.obj
 0005:00000404       $unwind$DebugPrintMarker   000000000000d504     BaseDebugLibSerialPort:DebugLib.obj
 0005:00000418       $unwind$DebugAssert        000000000000d518     BaseDebugLibSerialPort:DebugLib.obj
 0005:00000420       $unwind$PlatformHookSerialPortInitialize 000000000000d520     PlatformHookLib:PlatformHookLib.obj
 0005:00000428       $unwind$InternalAllocateAlignedPages 000000000000d528     UefiMemoryAllocationLib:MemoryAllocationLib.obj
 0005:0000043c       $unwind$GetPcdProtocol     000000000000d53c     DxePcdLib:DxePcdLib.obj
 0005:0000043c       $unwind$FreePool           000000000000d53c     UefiMemoryAllocationLib:MemoryAllocationLib.obj
 0005:0000043c       $unwind$InternalAllocatePool 000000000000d53c     UefiMemoryAllocationLib:MemoryAllocationLib.obj
 0005:00000444       $unwind$AsciiSPrint        000000000000d544     BasePrintLib:PrintLib.obj
 0005:0000044c       $unwind$BasePrintLibSPrintMarker 000000000000d54c     BasePrintLib:PrintLibInternal.obj
 0005:00000468       $unwind$BasePrintLibSPrint 000000000000d568     BasePrintLib:PrintLibInternal.obj
 0005:00000470       $unwind$SerialPortWrite    000000000000d570     BaseSerialPortLib16550:BaseSerialPortLib16550.obj
