 FirmwareUpdate

 Timestamp is 65fce370 (Fri Mar 22 09:48:32 2024)

 Preferred load address is 00000000

 Start         Length     Name                   Class
 0001:00000000 00001297H .text                   CODE
 0001:00001297 00021fb8H .text$mn                CODE
 0002:00000000 0000d540H .rdata                  DATA
 0002:0000d540 00000298H .rdata$voltmd           DATA
 0002:0000d7d8 00000144H .rdata$zzzdbg           DATA
 0003:00000000 000012a0H .data                   DATA
 0003:000012a0 000011b4H .bss                    DATA

  Address         Publics by Value              Rva+Base       Lib:Object

 0000:00000000       ___arm64x_native_entrypoint 00000000     <absolute>
 0000:00000000       ___hybrid_code_map         00000000     <absolute>
 0000:00000000       ___guard_longjmp_table     00000000     <absolute>
 0000:00000000       ___guard_eh_cont_table     00000000     <absolute>
 0000:00000000       ___arm64x_extra_rfe_table_size 00000000     <absolute>
 0000:00000000       ___guard_iat_count         00000000     <absolute>
 0000:00000000       ___arm64x_extra_rfe_table  00000000     <absolute>
 0000:00000000       ___arm64x_redirection_metadata 00000000     <absolute>
 0000:00000000       ___x64_code_ranges_to_entry_points_count 00000000     <absolute>
 0000:00000000       ___guard_iat_table         00000000     <absolute>
 0000:00000000       ___hybrid_auxiliary_iat_copy 00000000     <absolute>
 0000:00000000       ___guard_fids_count        00000000     <absolute>
 0000:00000000       ___hybrid_code_map_count   00000000     <absolute>
 0000:00000000       ___guard_eh_cont_count     00000000     <absolute>
 0000:00000000       ___guard_longjmp_count     00000000     <absolute>
 0000:00000000       ___hybrid_auxiliary_iat    00000000     <absolute>
 0000:00000000       ___dynamic_value_reloc_table 00000000     <absolute>
 0000:00000000       ___x64_code_ranges_to_entry_points 00000000     <absolute>
 0000:00000000       ___guard_check_icall_a64n_fptr 00000000     <absolute>
 0000:00000000       ___arm64x_redirection_metadata_count 00000000     <absolute>
 0000:00000000       ___guard_flags             00000000     <absolute>
 0000:00000000       ___AbsoluteZero            00000000     <absolute>
 0000:00000000       ___enclave_config          00000000     <absolute>
 0000:00000000       ___guard_fids_table        00000000     <absolute>
 0001:00000000       __ModuleEntryPoint         00000260     ModuleEntryLib:SecEntry.obj
 0001:00000010       _InternalMemCopyMem        00000270     BaseMemoryLibSse2:CopyMem.obj
 0001:00000080       _InternalMemSetMem32       000002e0     BaseMemoryLibSse2:SetMem32.obj
 0001:000000e0       _InternalMemZeroMem        00000340     BaseMemoryLibSse2:ZeroMem.obj
 0001:00000130       _InternalMemCompareMem     00000390     BaseMemoryLibSse2:CompareMem.obj
 0001:00000150       _InternalMemSetMem64       000003b0     BaseMemoryLibSse2:SetMem64.obj
 0001:000001b0       _InternalMemSetMem         00000410     BaseMemoryLibSse2:SetMem.obj
 0001:00000220       _InternalMathDivRemU64x64  00000480     BaseLib:DivU64x64Remainder.obj
 0001:000002a0       _InternalLongJump          00000500     BaseLib:LongJump.obj
 0001:000002e0       _InternalX86RdRand16       00000540     BaseLib:RdRand.obj
 0001:000002f5       _InternalX86RdRand32       00000555     BaseLib:RdRand.obj
 0001:00000309       _InternalX86RdRand64       00000569     BaseLib:RdRand.obj
 0001:00000330       _UpdateSHA256Ni            00000590     IppCryptoLib:pcpsha256nias.obj
 0001:000006c0       _UpdateSHA512W7            00000920     IppCryptoLib:pcpsha512w7as.obj
 0001:000011e0       _InternalMemIsZeroBuffer   00001440     BaseMemoryLibSse2:IsZeroBuffer.obj
 0001:00001240       _AsmFlushCacheRange        000014a0     ExtraBaseLib:CpuSupport.obj
 0001:00001267       _AsmEnableAvx              000014c7     ExtraBaseLib:CpuSupport.obj
 0001:000014d9       _SecStartup                00001739 f   PayloadEntryLib:PayloadEntryLib.obj
 0001:0000173e       _VerifySblVersion          0000199e f   FirmwareUpdate:FirmwareUpdate.obj
 0001:0000181e       _VerifyFwVersion           00001a7e f   FirmwareUpdate:FirmwareUpdate.obj
 0001:000018bc       _ValidThenDecFwuRetryCount 00001b1c f   FirmwareUpdate:FirmwareUpdate.obj
 0001:00001956       _GetStateMachineFlag       00001bb6 f   FirmwareUpdate:FirmwareUpdate.obj
 0001:00001999       _SetStateMachineFlag       00001bf9 f   FirmwareUpdate:FirmwareUpdate.obj
 0001:000019fd       _EnforceFwUpdatePolicy     00001c5d f   FirmwareUpdate:FirmwareUpdate.obj
 0001:00001b51       _AfterUpdateEnforceFwUpdatePolicy 00001db1 f   FirmwareUpdate:FirmwareUpdate.obj
 0001:00001bda       _UpdateStatus              00001e3a f   FirmwareUpdate:FirmwareUpdate.obj
 0001:00001dae       _AuthenticateCapsule       0000200e f   FirmwareUpdate:FirmwareUpdate.obj
 0001:00001e92       _GetFwImageOrder           000020f2 f   FirmwareUpdate:FirmwareUpdate.obj
 0001:00001ece       _IsValidPayloadBoundary    0000212e f   FirmwareUpdate:FirmwareUpdate.obj
 0001:00001f95       _GetPayloadHeaderByIndex   000021f5 f   FirmwareUpdate:FirmwareUpdate.obj
 0001:00002005       _IsCritCompUpdateFailed    00002265 f   FirmwareUpdate:FirmwareUpdate.obj
 0001:0000202e       _ProcessCapsule            0000228e f   FirmwareUpdate:FirmwareUpdate.obj
 0001:000023be       _CheckCapsuleForRedundant  0000261e f   FirmwareUpdate:FirmwareUpdate.obj
 0001:00002431       _FindImage                 00002691 f   FirmwareUpdate:FirmwareUpdate.obj
 0001:000024a2       _IsRedundantComponent      00002702 f   FirmwareUpdate:FirmwareUpdate.obj
 0001:000024d2       _InitFirmwareUpdate        00002732 f   FirmwareUpdate:FirmwareUpdate.obj
 0001:00002d2e       _GetRegionInfo             00002f8e f   FirmwareUpdate:FirmwareUpdate.obj
 0001:00002d86       _PayloadMain               00002fe6 f   FirmwareUpdate:FirmwareUpdate.obj
 0001:00002ef7       _BootMediaRead             00003157 f   FirmwareUpdate:FirmwareUpdateHelper.obj
 0001:00002f0b       _BootMediaWrite            0000316b f   FirmwareUpdate:FirmwareUpdateHelper.obj
 0001:00002f1f       _BootMediaErase            0000317f f   FirmwareUpdate:FirmwareUpdateHelper.obj
 0001:00002f36       _GetSvn                    00003196 f   FirmwareUpdate:FirmwareUpdateHelper.obj
 0001:00002f8d       _GetVersionfromFv          000031ed f   FirmwareUpdate:FirmwareUpdateHelper.obj
 0001:00003067       _UpdateRegionBlock         000032c7 f   FirmwareUpdate:FirmwareUpdateHelper.obj
 0001:0000323e       _UpdateBootRegion          0000349e f   FirmwareUpdate:FirmwareUpdateHelper.obj
 0001:000032fe       _UpdateBootPartition       0000355e f   FirmwareUpdate:FirmwareUpdateHelper.obj
 0001:000033a9       _UpdateFullBiosRegion      00003609 f   FirmwareUpdate:FirmwareUpdateHelper.obj
 0001:00003454       _UpdateSystemFirmware      000036b4 f   FirmwareUpdate:FirmwareUpdateHelper.obj
 0001:00003502       _UpdateSingleComponent     00003762 f   FirmwareUpdate:FirmwareUpdateHelper.obj
 0001:000035ca       _UpdateNonRedundantComp    0000382a f   FirmwareUpdate:FirmwareUpdateHelper.obj
 0001:00003614       _UpdateContainerComp       00003874 f   FirmwareUpdate:FirmwareUpdateHelper.obj
 0001:000036d8       _CheckSblContainerSvn      00003938 f   FirmwareUpdate:FirmwareUpdateHelper.obj
 0001:0000385a       _CheckSblConfigDataSvn     00003aba f   FirmwareUpdate:FirmwareUpdateHelper.obj
 0001:000038f0       _CheckAcmSvn               00003b50 f   FirmwareUpdate:FirmwareUpdateHelper.obj
 0001:00003952       _UpdateSblComponent        00003bb2 f   FirmwareUpdate:FirmwareUpdateHelper.obj
 0001:00003a48       _ReadCsmeNeedResetFlag     00003ca8 f   FirmwareUpdate:FirmwareUpdateHelper.obj
 0001:00003a93       _WriteCsmeNeedResetFlag    00003cf3 f   FirmwareUpdate:FirmwareUpdateHelper.obj
 0001:00003b11       _Reboot                    00003d71 f   FirmwareUpdate:FirmwareUpdateHelper.obj
 0001:00003b53       _VerifyUcodeStruct         00003db3 f   FirmwareUpdate:FirmwareUpdateHelper.obj
 0001:00003bbc       _InitBootDevice            00003e1c f   FirmwareUpdate:GetCapsuleImage.obj
 0001:00003c96       _LoadCapsuleImage          00003ef6 f   FirmwareUpdate:GetCapsuleImage.obj
 0001:000042d0       _GetCapsuleImage           00004530 f   FirmwareUpdate:GetCapsuleImage.obj
 0001:00004429       _FwUpdateCmdHandler        00004689 f   FirmwareUpdate:CmdFwUpdate.obj
 0001:000044cf       _ParseCommandStringBuf     0000472f f   FirmwareUpdate:CmdFwUpdate.obj
 0001:00004551       _CsmePciReadBuffer         000047b1 f   FirmwareUpdate:CsmeFwUpdate.obj
 0001:0000463a       _StartCsmeUpdate           0000489a f   FirmwareUpdate:CsmeFwUpdate.obj
 0001:0000489a       _BltGlyphToFrameBuffer     00004afa f   GraphicsLib:GraphicsLib.obj
 0001:00004992       _InitFrameBufferConsole    00004bf2 f   GraphicsLib:GraphicsLib.obj
 0001:00004aee       _FrameBufferConsoleScroll  00004d4e f   GraphicsLib:GraphicsLib.obj
 0001:00004bf8       _FrameBufferWrite          00004e58 f   GraphicsLib:GraphicsLib.obj
 0001:00004d93       _ConsolePrint              00004ff3 f   ConsoleOutLib:ConsoleOutLib.obj
 0001:00004df0       _ConsolePrintUnicode       00005050 f   ConsoleOutLib:ConsoleOutLib.obj
 0001:00004e4d       _SerialPortReadRegister    000050ad f   SerialPortLib:SerialPortLib.obj
 0001:00004e87       _SerialPortWriteRegister   000050e7 f   SerialPortLib:SerialPortLib.obj
 0001:00004ecb       _GetTimeStampAccurateFrequency 0000512b f   TimeStampLib:TimeStampLib.obj
 0001:00004f5f       _MicroSecondToTimeStampTick 000051bf f   TimeStampLib:TimeStampLib.obj
 0001:00004f94       _GetNextHob                000051f4 f   HobLib:HobLib.obj
 0001:00004fdb       _GetNextGuidHob            0000523b f   HobLib:HobLib.obj
 0001:0000500e       _GetHobListPtr             0000526e f   PayloadLib:PayloadLib.obj
 0001:00005030       _GetFlashMapPtr            00005290 f   PayloadLib:PayloadLib.obj
 0001:00005049       _GetPlatformId             000052a9 f   PayloadLib:PayloadLib.obj
 0001:0000506e       _GetCurrentBootPartition   000052ce f   PayloadLib:PayloadLib.obj
 0001:00005089       _CpuHalt                   000052e9 f   BootloaderCommonLib:BootloaderCommonLib.obj
 0001:000050a9       _DumpHex                   00005309 f   BootloaderCommonLib:BootloaderCommonLib.obj
 0001:0000518a       _GetLibraryData            000053ea f   BootloaderCommonLib:BootloaderCommonLib.obj
 0001:000051b9       _SetLibraryData            00005419 f   BootloaderCommonLib:BootloaderCommonLib.obj
 0001:000051ec       _GetServiceBySignature     0000544c f   BootloaderCommonLib:BootloaderCommonLib.obj
 0001:00005218       _GetComponentEntryByPartition 00005478 f   BootloaderCommonLib:BootloaderCommonLib.obj
 0001:00005276       _GetComponentInfoByPartition 000054d6 f   BootloaderCommonLib:BootloaderCommonLib.obj
 0001:000052b3       _GetComponentInfo          00005513 f   BootloaderCommonLib:BootloaderCommonLib.obj
 0001:000052d9       _GetRegionOffsetSize       00005539 f   BootloaderCommonLib:BootloaderCommonLib.obj
 0001:00005339       _GetGuidHobData            00005599 f   BootloaderCommonLib:BootloaderCommonLib.obj
 0001:00005354       _MatchHashInStore          000055b4 f   BootloaderCommonLib:BootloaderCommonLib.obj
 0001:000053ce       _IoRead32                  0000562e f   BaseIoLibIntrinsic:IoLibMsc.obj
 0001:000053f3       _IoWrite32                 00005653 f   BaseIoLibIntrinsic:IoLibMsc.obj
 0001:0000541e       _MmioRead16                0000567e f   BaseIoLibIntrinsic:IoLib.obj
 0001:00005443       _MmioWrite16               000056a3 f   BaseIoLibIntrinsic:IoLib.obj
 0001:0000546d       _MmioRead32                000056cd f   BaseIoLibIntrinsic:IoLib.obj
 0001:0000548e       _MmioWrite32               000056ee f   BaseIoLibIntrinsic:IoLib.obj
 0001:000054b5       _MmioRead64                00005715 f   BaseIoLibIntrinsic:IoLib.obj
 0001:000054d9       _MmioWrite64               00005739 f   BaseIoLibIntrinsic:IoLib.obj
 0001:00005505       _InternalAcpiDelay         00005765 f   AcpiTimerLib:AcpiTimerLib.obj
 0001:00005552       _MicroSecondDelay          000057b2 f   AcpiTimerLib:AcpiTimerLib.obj
 0001:000055a5       _NanoSecondDelay           00005805 f   AcpiTimerLib:AcpiTimerLib.obj
 0001:000055ea       _CopyMem                   0000584a f   BaseMemoryLibSse2:CopyMemWrapper.obj
 0001:00005651       _SetMem32                  000058b1 f   BaseMemoryLibSse2:SetMem32Wrapper.obj
 0001:000056df       _ZeroMem                   0000593f f   BaseMemoryLibSse2:ZeroMemWrapper.obj
 0001:0000572c       _CompareMem                0000598c f   BaseMemoryLibSse2:CompareMemWrapper.obj
 0001:000057c3       _CopyGuid                  00005a23 f   BaseMemoryLibSse2:MemLibGuid.obj
 0001:00005850       _CompareGuid               00005ab0 f   BaseMemoryLibSse2:MemLibGuid.obj
 0001:00005902       _SetMem64                  00005b62 f   BaseMemoryLibSse2:SetMem64Wrapper.obj
 0001:00005991       _SetMem                    00005bf1 f   BaseMemoryLibSse2:SetMemWrapper.obj
 0001:000059cd       _SwitchStack               00005c2d f   BaseLib:SwitchStack.obj
 0001:00005a6b       _CpuDeadLoop               00005ccb f   BaseLib:CpuDeadLoop.obj
 0001:00005a7f       _InternalSafeStringIsOverlap 00005cdf f   BaseLib:SafeString.obj
 0001:00005aa5       _InternalSafeStringNoStrOverlap 00005d05 f   BaseLib:SafeString.obj
 0001:00005ac4       _StrnLenS                  00005d24 f   BaseLib:SafeString.obj
 0001:00005b0c       _StrCatS                   00005d6c f   BaseLib:SafeString.obj
 0001:00005c2a       _StrnCatS                  00005e8a f   BaseLib:SafeString.obj
 0001:00005da9       _AsciiStrnLenS             00006009 f   BaseLib:SafeString.obj
 0001:00005dd0       _AsciiStrCpyS              00006030 f   BaseLib:SafeString.obj
 0001:00005e91       _AsciiStrCatS              000060f1 f   BaseLib:SafeString.obj
 0001:00005f7e       _UnicodeStrToAsciiStrS     000061de f   BaseLib:SafeString.obj
 0001:000060cc       _AsciiStrToUnicodeStrS     0000632c f   BaseLib:SafeString.obj
 0001:000061ab       _StrLen                    0000640b f   BaseLib:String.obj
 0001:00006206       _StrSize                   00006466 f   BaseLib:String.obj
 0001:00006215       _StrCmp                    00006475 f   BaseLib:String.obj
 0001:00006283       _AsciiStrLen               000064e3 f   BaseLib:String.obj
 0001:000062ce       _AsciiStrCmp               0000652e f   BaseLib:String.obj
 0001:0000633a       _AsciiStrnCmp              0000659a f   BaseLib:String.obj
 0001:000063ce       _AsciiStrStr               0000662e f   BaseLib:String.obj
 0001:0000644a       _MultU64x64                000066aa f   BaseLib:MultU64x64.obj
 0001:00006463       _AsmCpuid                  000066c3 f   BaseLib:CpuId.obj
 0001:000064a1       _DivU64x32                 00006701 f   BaseLib:DivU64x32.obj
 0001:000064d1       _DivU64x64Remainder        00006731 f   BaseLib:DivU64x64Remainder.obj
 0001:000064ea       _SwapBytes32               0000674a f   BaseLib:SwapBytes32.obj
 0001:00006503       _InternalMathMultU64x64    00006763 f   BaseLib:MultU64x64.obj
 0001:00006522       _HighBitSet32              00006782 f   BaseLib:HighBitSet32.obj
 0001:00006539       _InternalMathDivRemU64x32  00006799 f   BaseLib:DivU64x32Remainder.obj
 0001:00006556       _AddMemoryResourceRange    000067b6 f   FullMemoryAllocationLib:FullMemoryAllocationLib.obj
 0001:00006641       _InternalAllocatePages     000068a1 f   FullMemoryAllocationLib:FullMemoryAllocationLib.obj
 0001:00006665       _FreePages                 000068c5 f   FullMemoryAllocationLib:FullMemoryAllocationLib.obj
 0001:000066ce       _InternalAllocatePool      0000692e f   FullMemoryAllocationLib:FullMemoryAllocationLib.obj
 0001:000066fa       _AllocatePool              0000695a f   FullMemoryAllocationLib:FullMemoryAllocationLib.obj
 0001:00006703       _AllocateZeroPool          00006963 f   FullMemoryAllocationLib:FullMemoryAllocationLib.obj
 0001:0000671c       _FreePool                  0000697c f   FullMemoryAllocationLib:FullMemoryAllocationLib.obj
 0001:00006775       _CoreAcquireMemoryLock     000069d5 f   FullMemoryAllocationLib:Page.obj
 0001:0000679e       _CoreReleaseMemoryLock     000069fe f   FullMemoryAllocationLib:Page.obj
 0001:000067c4       _RemoveMemoryMapEntry      00006a24 f   FullMemoryAllocationLib:Page.obj
 0001:000067ec       _CoreAddRange              00006a4c f   FullMemoryAllocationLib:Page.obj
 0001:000069e0       _AllocateMemoryMapEntry    00006c40 f   FullMemoryAllocationLib:Page.obj
 0001:00006a60       _CoreFreeMemoryMapStack    00006cc0 f   FullMemoryAllocationLib:Page.obj
 0001:00006b65       _CoreAddMemoryDescriptor   00006dc5 f   FullMemoryAllocationLib:Page.obj
 0001:00006c16       _CoreConvertPagesEx        00006e76 f   FullMemoryAllocationLib:Page.obj
 0001:0000702d       _CoreConvertPages          0000728d f   FullMemoryAllocationLib:Page.obj
 0001:00007050       _CoreFindFreePagesI        000072b0 f   FullMemoryAllocationLib:Page.obj
 0001:000071fb       _FindFreePages             0000745b f   FullMemoryAllocationLib:Page.obj
 0001:00007248       _CoreInternalAllocatePages 000074a8 f   FullMemoryAllocationLib:Page.obj
 0001:000072ce       _CoreInternalFreePages     0000752e f   FullMemoryAllocationLib:Page.obj
 0001:00007388       _CoreAllocatePoolPages     000075e8 f   FullMemoryAllocationLib:Page.obj
 0001:000073ff       _LookupPoolHead            0000765f f   FullMemoryAllocationLib:Pool.obj
 0001:000074c2       _CoreAllocatePoolI         00007722 f   FullMemoryAllocationLib:Pool.obj
 0001:00007744       _CoreFreePoolI             000079a4 f   FullMemoryAllocationLib:Pool.obj
 0001:000079a5       _UnicodeSPrintAsciiFormat  00007c05 f   BasePrintLib:PrintLib.obj
 0001:000079e3       _AsciiVSPrint              00007c43 f   BasePrintLib:PrintLib.obj
 0001:000079fd       _AsciiVSPrintUnicodeFormat 00007c5d f   BasePrintLib:PrintLib.obj
 0001:00007a38       _BasePrintLibFillBuffer    00007c98 f   BasePrintLib:PrintLibInternal.obj
 0001:00007a6c       _BasePrintLibValueToString 00007ccc f   BasePrintLib:PrintLibInternal.obj
 0001:00007aa4       _BasePrintLibConvertValueToStringS 00007d04 f   BasePrintLib:PrintLibInternal.obj
 0001:00007b3e       _BasePrintLibSPrintMarker  00007d9e f   BasePrintLib:PrintLibInternal.obj
 0001:00008799       _BasePrintLibSPrint        000089f9 f   BasePrintLib:PrintLibInternal.obj
 0001:000087b8       _DebugPrint                00008a18 f   BaseFspDebugLibSerialPort:DebugLib.obj
 0001:0000884b       _DebugAssert               00008aab f   BaseFspDebugLibSerialPort:DebugLib.obj
 0001:00008876       _PlatformHookSerialPortInitialize 00008ad6 f   PlatformHookLib:PlatformHookLib.obj
 0001:000088d2       _MediaSetInterfaceType     00008b32 f   MediaAccessLib:MediaAccessLib.obj
 0001:00008a47       _MediaReadBlocks           00008ca7 f   MediaAccessLib:MediaAccessLib.obj
 0001:00008a7e       _MediaGetMediaInfo         00008cde f   MediaAccessLib:MediaAccessLib.obj
 0001:00008aa8       _AddMeasurePointTimestamp  00008d08 f   LoaderPerformanceLib:LoaderPerformanceAddLib.obj
 0001:00008ad6       _ResetSystem               00008d36 f   ResetSystemLib:ResetSystemLib.obj
 0001:00008b1e       _PartitionValidMbr         00008d7e f   PartitionLib:PartitionLib.obj
 0001:00008c49       _FindMbrPartitions         00008ea9 f   PartitionLib:PartitionLib.obj
 0001:00008db2       _PartitionValidGptEntryArray 00009012 f   PartitionLib:PartitionLib.obj
 0001:00008dfc       _PartitionValidGpt         0000905c f   PartitionLib:PartitionLib.obj
 0001:00008e6c       _FindGptPartitions         000090cc f   PartitionLib:PartitionLib.obj
 0001:00009115       _FindPartitions            00009375 f   PartitionLib:PartitionLib.obj
 0001:00009253       _AddSpiPartition           000094b3 f   PartitionLib:SpiPartition.obj
 0001:000092fd       _FindSpiPartitions         0000955d f   PartitionLib:SpiPartition.obj
 0001:00009440       _GetFileSystemType         000096a0 f   FileSystemLib:FileSystemLib.obj
 0001:00009489       _InitFileSystem            000096e9 f   FileSystemLib:FileSystemLib.obj
 0001:00009556       _GetFileSize               000097b6 f   FileSystemLib:FileSystemLib.obj
 0001:000095f0       _CloseFile                 00009850 f   FileSystemLib:FileSystemLib.obj
 0001:0000969c       _IsTePe32Image             000098fc f   LitePeCoffLib:LitePeCoffLib.obj
 0001:000096d6       _PeCoffLoaderGetEntryPoint 00009936 f   LitePeCoffLib:LitePeCoffLib.obj
 0001:00009732       _PeCoffRelocateImage       00009992 f   LitePeCoffLib:LitePeCoffLib.obj
 0001:00009986       _WdtClearScratchpad        00009be6 f   WatchDogTimerLib:WatchDogTimerLib.obj
 0001:000099c7       _WdtSetScratchpad          00009c27 f   WatchDogTimerLib:WatchDogTimerLib.obj
 0001:000099fc       _GetLoaderPlatformInfoPtr  00009c5c f   PayloadSupportLib:PayloadSupportLib.obj
 0001:00009a15       _ParseAcpiTableInfo        00009c75 f   PayloadSupportLib:PayloadSupportLib.obj
 0001:00009ad6       _GetMemoryMapInfo          00009d36 f   PayloadSupportLib:PayloadSupportLib.obj
 0001:00009b06       _DoRsaVerify               00009d66 f   SecureBootLib:SecureBootRsa.obj
 0001:00009cfb       _CalculateHash             00009f5b f   SecureBootLib:SecureBootHash.obj
 0001:00009d56       _DoHashVerify              00009fb6 f   SecureBootLib:SecureBootHash.obj
 0001:00009eb7       _InitCsmeUpdInputData      0000a117 f   FirmwareUpdateLib:FirmwareUpdateLib.obj
 0001:00009f43       _SetBootPartition          0000a1a3 f   FirmwareUpdateLib:FirmwareUpdateLib.obj
 0001:00009f5b       _GetFirmwareUpdateInfo     0000a1bb f   FirmwareUpdateLib:FirmwareUpdateLib.obj
 0001:0000a1bb       _SetArbSvnCommit           0000a41b f   FirmwareUpdateLib:FirmwareUpdateLib.obj
 0001:0000a264       _FindConfigHdrByPidMaskTag 0000a4c4 f   ConfigDataLib:ConfigDataLib.obj
 0001:0000a333       _FindConfigHdrByTag        0000a593 f   ConfigDataLib:ConfigDataLib.obj
 0001:0000a459       _UnregisterContainer       0000a6b9 f   ContainerLib:ContainerLib.obj
 0001:0000a4cf       _LocateComponentEntryFromContainer 0000a72f f   ContainerLib:ContainerLib.obj
 0001:0000a4ff       _GetHashAlg                0000a75f f   ContainerLib:ContainerLib.obj
 0001:0000a5aa       _GetContainerKeyUsageBySig 0000a80a f   ContainerLib:ContainerLib.obj
 0001:0000a5ed       _AutheticateContainerInternal 0000a84d f   ContainerLib:ContainerLib.obj
 0001:0000a6d8       _RegisterContainer         0000a938 f   ContainerLib:ContainerLib.obj
 0001:0000a734       _LocateComponentEntry      0000a994 f   ContainerLib:ContainerLib.obj
 0001:0000a7b9       _GetNextAvailableComponent 0000aa19 f   ContainerLib:ContainerLib.obj
 0001:0000a848       _FindFitEntryData          0000aaa8 f   BootGuardLibCBnT:BootGuardTpmEventLogLib.obj
 0001:0000a8cf       _UsbBlkCallback            0000ab2f f   UsbBlockIoLib:UsbBlockIoLib.obj
 0001:0000a8ef       _UsbDeInitBot              0000ab4f f   UsbBlockIoLib:UsbBlockIoLib.obj
 0001:0000a95e       _InitializeUsb             0000abbe f   UsbBlockIoLib:UsbBlockIoLib.obj
 0001:0000aa93       _UsbGetMediaInfo           0000acf3 f   UsbBlockIoLib:UsbBlockIoLib.obj
 0001:0000aae4       _UsbReadBlocks             0000ad44 f   UsbBlockIoLib:UsbBlockIoLib.obj
 0001:0000ab18       _InitUsbBot                0000ad78 f   UsbBlockIoLib:UsbBotPeim.obj
 0001:0000aca9       _BotGetNumberOfBlockDevices 0000af09 f   UsbBlockIoLib:UsbBotPeim.obj
 0001:0000acb6       _BotGetMediaInfo           0000af16 f   UsbBlockIoLib:UsbBotPeim.obj
 0001:0000ad15       _BotReadBlocks             0000af75 f   UsbBlockIoLib:UsbBotPeim.obj
 0001:0000ae96       _PeiBotDetectMedia         0000b0f6 f   UsbBlockIoLib:UsbBotPeim.obj
 0001:0000b00b       _PeiUsbInquiry             0000b26b f   UsbBlockIoLib:PeiAtapi.obj
 0001:0000b09c       _PeiUsbTestUnitReady       0000b2fc f   UsbBlockIoLib:PeiAtapi.obj
 0001:0000b0e3       _PeiUsbRequestSense        0000b343 f   UsbBlockIoLib:PeiAtapi.obj
 0001:0000b155       _PeiUsbReadCapacity        0000b3b5 f   UsbBlockIoLib:PeiAtapi.obj
 0001:0000b1e6       _PeiUsbReadFormattedCapacity 0000b446 f   UsbBlockIoLib:PeiAtapi.obj
 0001:0000b290       _PeiUsbRead10              0000b4f0 f   UsbBlockIoLib:PeiAtapi.obj
 0001:0000b364       _IsNoMedia                 0000b5c4 f   UsbBlockIoLib:PeiAtapi.obj
 0001:0000b38e       _IsMediaError              0000b5ee f   UsbBlockIoLib:PeiAtapi.obj
 0001:0000b3d4       _BotRecoveryReset          0000b634 f   UsbBlockIoLib:BotPeim.obj
 0001:0000b44c       _BotCommandPhase           0000b6ac f   UsbBlockIoLib:BotPeim.obj
 0001:0000b4df       _BotDataPhase              0000b73f f   UsbBlockIoLib:BotPeim.obj
 0001:0000b591       _BotStatusPhase            0000b7f1 f   UsbBlockIoLib:BotPeim.obj
 0001:0000b5f7       _PeiAtapiCommand           0000b857 f   UsbBlockIoLib:BotPeim.obj
 0001:0000b68b       _PeiUsbClearEndpointHalt   0000b8eb f   UsbBlockIoLib:PeiUsbLib.obj
 0001:0000b719       _DebugLogBufferWrite       0000b979 f   DebugLogBufferLib:DebugLogBufferLib.obj
 0001:0000b7a4       _LibPcdGet32               0000ba04 f   PcdLib:PcdLib.obj
 0001:0000b7c9       _PeiPcdGetSize             0000ba29 f   PcdLib:Pcd.obj
 0001:0000b80f       _GetPtrTypeSize            0000ba6f f   PcdLib:Pcd.obj
 0001:0000b857       _GetWorker                 0000bab7 f   PcdLib:Service.obj
 0001:0000b8e5       _GetSizeTableIndex         0000bb45 f   PcdLib:Service.obj
 0001:0000b903       _MmioOr16                  0000bb63 f   BaseIoLibIntrinsic:IoHighLevel.obj
 0001:0000b919       _MmioAnd16                 0000bb79 f   BaseIoLibIntrinsic:IoHighLevel.obj
 0001:0000b934       _MmioOr32                  0000bb94 f   BaseIoLibIntrinsic:IoHighLevel.obj
 0001:0000b952       _InternalBaseLibIsListValid 0000bbb2 f   BaseLib:LinkedList.obj
 0001:0000b9b6       _InsertHeadList            0000bc16 f   BaseLib:LinkedList.obj
 0001:0000b9ed       _InsertTailList            0000bc4d f   BaseLib:LinkedList.obj
 0001:0000ba25       _IsListEmpty               0000bc85 f   BaseLib:LinkedList.obj
 0001:0000ba4d       _IsNull                    0000bcad f   BaseLib:LinkedList.obj
 0001:0000ba7b       _RemoveEntryList           0000bcdb f   BaseLib:LinkedList.obj
 0001:0000baaf       _DivU64x32Remainder        0000bd0f f   BaseLib:DivU64x32Remainder.obj
 0001:0000baeb       _PciExpressRead8           0000bd4b f   BasePciExpressLib:PciExpressLib.obj
 0001:0000bb27       _PciExpressRead16          0000bd87 f   BasePciExpressLib:PciExpressLib.obj
 0001:0000bb70       _PciExpressRead32          0000bdd0 f   BasePciExpressLib:PciExpressLib.obj
 0001:0000bbb7       _PciExpressReadBuffer      0000be17 f   BasePciExpressLib:PciExpressLib.obj
 0001:0000bd10       _SetEmmcDllTuningLibData   0000bf70 f   MmcTuningLib:MmcTuningLib.obj
 0001:0000bd68       _GetEmmcDllTuningLibData   0000bfc8 f   MmcTuningLib:MmcTuningLib.obj
 0001:0000bd97       _EmmcRxHs400Tuning         0000bff7 f   MmcTuningLib:MmcTuningLib.obj
 0001:0000c0a9       _EmmcTxHs400Tuning         0000c309 f   MmcTuningLib:MmcTuningLib.obj
 0001:0000c3a2       _EmmcWriteHs400TuningPattern 0000c602 f   MmcTuningLib:MmcTuningLib.obj
 0001:0000c43a       _ConfigureEmmcHs400Mode    0000c69a f   MmcTuningLib:MmcTuningLib.obj
 0001:0000c569       _MmcSetDlls                0000c7c9 f   MmcTuningLib:MmcTuningLib.obj
 0001:0000c5b9       _DoMmcTuneDlls             0000c819 f   MmcTuningLib:MmcTuningLib.obj
 0001:0000c6a0       _MmcTuning                 0000c900 f   MmcTuningLib:MmcTuningLib.obj
 0001:0000c845       _CreateNewDeviceInfo       0000caa5 f   AhciLib:AhciBlkIo.obj
 0001:0000c905       _AhciFindDeviceData        0000cb65 f   AhciLib:AhciBlkIo.obj
 0001:0000c959       _AhciReadBlocks            0000cbb9 f   AhciLib:AhciBlkIo.obj
 0001:0000c9a0       _AhciWriteBlocks           0000cc00 f   AhciLib:AhciBlkIo.obj
 0001:0000c9e7       _AhciGetMediaInfo          0000cc47 f   AhciLib:AhciBlkIo.obj
 0001:0000ca28       _AhciDeinitialize          0000cc88 f   AhciLib:AhciBlkIo.obj
 0001:0000cb0d       _AhciInitialize            0000cd6d f   AhciLib:AhciBlkIo.obj
 0001:0000cc47       _AhciAtaDeviceReadWrite    0000cea7 f   AhciLib:AhciDevice.obj
 0001:0000cd74       _AhciReadWriteBlock        0000cfd4 f   AhciLib:AhciDevice.obj
 0001:0000ce8b       _AhciAndReg                0000d0eb f   AhciLib:AhciMode.obj
 0001:0000cead       _AhciOrReg                 0000d10d f   AhciLib:AhciMode.obj
 0001:0000cecf       _AhciWaitMmioSet           0000d12f f   AhciLib:AhciMode.obj
 0001:0000cf4c       _AhciWaitMemSet            0000d1ac f   AhciLib:AhciMode.obj
 0001:0000cfb6       _AhciClearPortStatus       0000d216 f   AhciLib:AhciMode.obj
 0001:0000d014       _AhciDumpPortStatus        0000d274 f   AhciLib:AhciMode.obj
 0001:0000d08f       _AhciDisableFisReceive     0000d2ef f   AhciLib:AhciMode.obj
 0001:0000d0ec       _AhciBuildCommand          0000d34c f   AhciLib:AhciMode.obj
 0001:0000d25c       _AhciBuildCommandFis       0000d4bc f   AhciLib:AhciMode.obj
 0001:0000d2be       _AhciPioTransfer           0000d51e f   AhciLib:AhciMode.obj
 0001:0000d437       _AhciDmaTransfer           0000d697 f   AhciLib:AhciMode.obj
 0001:0000d553       _AhciNonDataTransfer       0000d7b3 f   AhciLib:AhciMode.obj
 0001:0000d642       _AhciStopCommand           0000d8a2 f   AhciLib:AhciMode.obj
 0001:0000d697       _AhciStartCommand          0000d8f7 f   AhciLib:AhciMode.obj
 0001:0000d770       _AhciReset                 0000d9d0 f   AhciLib:AhciMode.obj
 0001:0000d7f8       _AhciIdentify              0000da58 f   AhciLib:AhciMode.obj
 0001:0000d876       _AhciIdentifyPacket        0000dad6 f   AhciLib:AhciMode.obj
 0001:0000d8ee       _AhciDeviceSetFeature      0000db4e f   AhciLib:AhciMode.obj
 0001:0000d972       _AhciCreateTransferDescriptor 0000dbd2 f   AhciLib:AhciMode.obj
 0001:0000db12       _GetMaxTransferType        0000dd72 f   AhciLib:AhciMode.obj
 0001:0000db25       _AhciModeInitialization    0000dd85 f   AhciLib:AhciMode.obj
 0001:0000df4f       _UfsTestUnitReady          0000e1af f   UfsBlockIoLib:UfsBlockIoLib.obj
 0001:0000dfce       _UfsReadCapacity           0000e22e f   UfsBlockIoLib:UfsBlockIoLib.obj
 0001:0000e07f       _UfsReadCapacity16         0000e2df f   UfsBlockIoLib:UfsBlockIoLib.obj
 0001:0000e137       _UfsRead10                 0000e397 f   UfsBlockIoLib:UfsBlockIoLib.obj
 0001:0000e203       _UfsWrite10                0000e463 f   UfsBlockIoLib:UfsBlockIoLib.obj
 0001:0000e2cf       _UfsRead16                 0000e52f f   UfsBlockIoLib:UfsBlockIoLib.obj
 0001:0000e3ad       _UfsWrite16                0000e60d f   UfsBlockIoLib:UfsBlockIoLib.obj
 0001:0000e48b       _UfsParsingSenseKeys       0000e6eb f   UfsBlockIoLib:UfsBlockIoLib.obj
 0001:0000e549       _UfsGetMediaInfoInternal   0000e7a9 f   UfsBlockIoLib:UfsBlockIoLib.obj
 0001:0000e868       _UfsReadBlocksInternal     0000eac8 f   UfsBlockIoLib:UfsBlockIoLib.obj
 0001:0000e9a4       _UfsReadBlocks             0000ec04 f   UfsBlockIoLib:UfsBlockIoLib.obj
 0001:0000ea33       _UfsWriteBlocks            0000ec93 f   UfsBlockIoLib:UfsBlockIoLib.obj
 0001:0000eb81       _UfsGetMediaInfo           0000ede1 f   UfsBlockIoLib:UfsBlockIoLib.obj
 0001:0000ebd4       _VerifyUfsHcPlatformPostHceSwitchGear 0000ee34 f   UfsBlockIoLib:UfsBlockIoLib.obj
 0001:0000ec31       _InitializeUfs             0000ee91 f   UfsBlockIoLib:UfsBlockIoLib.obj
 0001:0000f054       _UfsWaitMemSet             0000f2b4 f   UfsBlockIoLib:UfsHci.obj
 0001:0000f0cc       _DumpUicCmdExecResult      0000f32c f   UfsBlockIoLib:UfsHci.obj
 0001:0000f190       _DumpQueryResponseResult   0000f3f0 f   UfsBlockIoLib:UfsHci.obj
 0001:0000f238       _SwapLittleEndianToBigEndian 0000f498 f   UfsBlockIoLib:UfsHci.obj
 0001:0000f25d       _UfsFillTsfOfQueryReqUpiu  0000f4bd f   UfsBlockIoLib:UfsHci.obj
 0001:0000f2ed       _UfsInitCommandUpiu        0000f54d f   UfsBlockIoLib:UfsHci.obj
 0001:0000f370       _UfsInitUtpPrdt            0000f5d0 f   UfsBlockIoLib:UfsHci.obj
 0001:0000f47b       _UfsInitQueryRequestUpiu   0000f6db f   UfsBlockIoLib:UfsHci.obj
 0001:0000f540       _UfsCreateScsiCommandDesc  0000f7a0 f   UfsBlockIoLib:UfsHci.obj
 0001:0000f726       _UfsCreateDMCommandDesc    0000f986 f   UfsBlockIoLib:UfsHci.obj
 0001:0000f94c       _UfsCreateNopCommandDesc   0000fbac f   UfsBlockIoLib:UfsHci.obj
 0001:0000fa4c       _UfsFindAvailableSlotInTrl 0000fcac f   UfsBlockIoLib:UfsHci.obj
 0001:0000facb       _UfsStartExecCmd           0000fd2b f   UfsBlockIoLib:UfsHci.obj
 0001:0000fb08       _UfsStopExecCmd            0000fd68 f   UfsBlockIoLib:UfsHci.obj
 0001:0000fb40       _UfsGetReturnDataFromQueryResponse 0000fda0 f   UfsBlockIoLib:UfsHci.obj
 0001:0000fc1c       _UfsSendDmRequestRetry     0000fe7c f   UfsBlockIoLib:UfsHci.obj
 0001:0000fdbe       _UfsSendDmRequest          0001001e f   UfsBlockIoLib:UfsHci.obj
 0001:0000fe01       _UfsRwDeviceDesc           00010061 f   UfsBlockIoLib:UfsHci.obj
 0001:0000fe88       _UfsRwAttributes           000100e8 f   UfsBlockIoLib:UfsHci.obj
 0001:0000fef4       _UfsRwFlags                00010154 f   UfsBlockIoLib:UfsHci.obj
 0001:0000ff7d       _UfsExecNopCmds            000101dd f   UfsBlockIoLib:UfsHci.obj
 0001:000100bf       _UfsExecScsiCmds           0001031f f   UfsBlockIoLib:UfsHci.obj
 0001:000102ab       _UfsExecUicCommands        0001050b f   UfsBlockIoLib:UfsHci.obj
 0001:000103be       _UfsEnableHostController   0001061e f   UfsBlockIoLib:UfsHci.obj
 0001:00010490       _UfsActivateAllLanes       000106f0 f   UfsBlockIoLib:UfsHci.obj
 0001:00010636       _UfsHsRecipieProgramming   00010896 f   UfsBlockIoLib:UfsHci.obj
 0001:00010787       _UfsDumpLinkConfig         000109e7 f   UfsBlockIoLib:UfsHci.obj
 0001:00010eb2       _UfsPowerModeAndGearSwitch 00011112 f   UfsBlockIoLib:UfsHci.obj
 0001:000112fd       _UfsDeviceDetection        0001155d f   UfsBlockIoLib:UfsHci.obj
 0001:000113a1       _UfsInitTaskManagementRequestList 00011601 f   UfsBlockIoLib:UfsHci.obj
 0001:000114b0       _UfsInitTransferRequestList 00011710 f   UfsBlockIoLib:UfsHci.obj
 0001:00011589       _UfsControllerInit         000117e9 f   UfsBlockIoLib:UfsHci.obj
 0001:00011650       _UfsControllerStop         000118b0 f   UfsBlockIoLib:UfsHci.obj
 0001:000116f5       _UfsAllocMemBlock          00011955 f   UfsBlockIoLib:UfsHcMem.obj
 0001:00011788       _UfsFreeMemBlock           000119e8 f   UfsBlockIoLib:UfsHcMem.obj
 0001:000117d0       _UfsAllocMemFromBlock      00011a30 f   UfsBlockIoLib:UfsHcMem.obj
 0001:000118f2       _UfsAllocateMem            00011b52 f   UfsBlockIoLib:UfsHcMem.obj
 0001:000119c9       _UfsFreeMem                00011c29 f   UfsBlockIoLib:UfsHcMem.obj
 0001:00011ae3       _InitializeSpi             00011d43 f   SpiBlockIoLib:SpiBlockIoLib.obj
 0001:00011b09       _SpiReadBlocks             00011d69 f   SpiBlockIoLib:SpiBlockIoLib.obj
 0001:00011b43       _SpiGetMediaInfo           00011da3 f   SpiBlockIoLib:SpiBlockIoLib.obj
 0001:00011b97       _InitializeMemoryDevice    00011df7 f   MemoryDeviceBlockIoLib:MemoryDeviceBlockIoLib.obj
 0001:00011b9a       _MemoryDeviceReadBlocks    00011dfa f   MemoryDeviceBlockIoLib:MemoryDeviceBlockIoLib.obj
 0001:00011bc5       _MemoryDeviceGetMediaInfo  00011e25 f   MemoryDeviceBlockIoLib:MemoryDeviceBlockIoLib.obj
 0001:00011be2       _EnumerateNvmeDevNamespace 00011e42 f   NvmExpressLib:NvmExpress.obj
 0001:00011e4e       _NvmeDeInitialize          000120ae f   NvmExpressLib:NvmExpress.obj
 0001:00011eb4       _NvmeInitialize            00012114 f   NvmExpressLib:NvmExpress.obj
 0001:000120b8       _NvmeGetMediaInfo          00012318 f   NvmExpressLib:NvmExpress.obj
 0001:000120fa       _NvmeReadBlocks            0001235a f   NvmExpressLib:NvmExpress.obj
 0001:0001213f       _NvmeWriteBlocks           0001239f f   NvmExpressLib:NvmExpress.obj
 0001:00012184       _NvmExpressDiskInfoSenseData 000123e4 f   NvmExpressLib:NvmExpressDiskInfo.obj
 0001:00012184       _NvmExpressDiskInfoInquiry 000123e4 f   NvmExpressLib:NvmExpressDiskInfo.obj
 0001:0001218a       _NvmExpressDiskInfoIdentify 000123ea f   NvmExpressLib:NvmExpressDiskInfo.obj
 0001:000121e4       _NvmExpressDiskInfoWhichIde 00012444 f   NvmExpressLib:NvmExpressDiskInfo.obj
 0001:000121ea       _NvmHcRwMmio               0001244a f   NvmExpressLib:NvmExpressHci.obj
 0001:0001229d       _WriteNvmeControllerConfiguration 000124fd f   NvmExpressLib:NvmExpressHci.obj
 0001:0001238c       _ReadNvmeControllerStatus  000125ec f   NvmExpressLib:NvmExpressHci.obj
 0001:000123be       _WriteNvmeAdminQueueAttributes 0001261e f   NvmExpressLib:NvmExpressHci.obj
 0001:0001243a       _WriteNvmeAdminSubmissionQueueBaseAddress 0001269a f   NvmExpressLib:NvmExpressHci.obj
 0001:0001249f       _WriteNvmeAdminCompletionQueueBaseAddress 000126ff f   NvmExpressLib:NvmExpressHci.obj
 0001:00012504       _NvmeDisableController     00012764 f   NvmExpressLib:NvmExpressHci.obj
 0001:000125c8       _NvmeEnableController      00012828 f   NvmExpressLib:NvmExpressHci.obj
 0001:00012661       _NvmeIdentifyController    000128c1 f   NvmExpressLib:NvmExpressHci.obj
 0001:000126fb       _NvmeIdentifyNamespace     0001295b f   NvmExpressLib:NvmExpressHci.obj
 0001:00012794       _NvmeCreateIoCompletionQueue 000129f4 f   NvmExpressLib:NvmExpressHci.obj
 0001:00012888       _NvmeCreateIoSubmissionQueue 00012ae8 f   NvmExpressLib:NvmExpressHci.obj
 0001:000129a5       _NvmeControllerInit        00012c05 f   NvmExpressLib:NvmExpressHci.obj
 0001:00012d9b       _ReadSectors               00012ffb f   NvmExpressLib:NvmExpressBlockIo.obj
 0001:00012e6c       _WriteSectors              000130cc f   NvmExpressLib:NvmExpressBlockIo.obj
 0001:00012f49       _NvmeRead                  000131a9 f   NvmExpressLib:NvmExpressBlockIo.obj
 0001:0001302b       _NvmeWrite                 0001328b f   NvmExpressLib:NvmExpressBlockIo.obj
 0001:0001310d       _NvmeFlush                 0001336d f   NvmExpressLib:NvmExpressBlockIo.obj
 0001:000131a6       _NvmeBlockIoReset          00013406 f   NvmExpressLib:NvmExpressBlockIo.obj
 0001:000131ef       _NvmeBlockIoReadBlocks     0001344f f   NvmExpressLib:NvmExpressBlockIo.obj
 0001:000132a4       _NvmeBlockIoWriteBlocks    00013504 f   NvmExpressLib:NvmExpressBlockIo.obj
 0001:00013359       _NvmeBlockIoFlushBlocks    000135b9 f   NvmExpressLib:NvmExpressBlockIo.obj
 0001:00013395       _TrustTransferNvmeDevice   000135f5 f   NvmExpressLib:NvmExpressBlockIo.obj
 0001:0001345c       _NvmeStorageSecurityReceiveData 000136bc f   NvmExpressLib:NvmExpressBlockIo.obj
 0001:000134eb       _NvmeStorageSecuritySendData 0001374b f   NvmExpressLib:NvmExpressBlockIo.obj
 0001:00013573       _NvmeDumpStatus            000137d3 f   NvmExpressLib:NvmExpressPassthru.obj
 0001:000138bf       _NvmeCreatePrpList         00013b1f f   NvmExpressLib:NvmExpressPassthru.obj
 0001:00013a83       _NvmExpressPassThru        00013ce3 f   NvmExpressLib:NvmExpressPassthru.obj
 0001:00014048       _NvmExpressGetNextNamespace 000142a8 f   NvmExpressLib:NvmExpressPassthru.obj
 0001:0001411d       _DumpCsd                   0001437d f   MmcAccessLib:MmcAccessLibGeneric.obj
 0001:00014411       _DumpExtCsd                00014671 f   MmcAccessLib:MmcAccessLibGeneric.obj
 0001:00014937       _MmcGetAllCid              00014b97 f   MmcAccessLib:MmcAccessLibGeneric.obj
 0001:000149b6       _MmcSetRca                 00014c16 f   MmcAccessLib:MmcAccessLibGeneric.obj
 0001:00014a2a       _MmcGetCsd                 00014c8a f   MmcAccessLib:MmcAccessLibGeneric.obj
 0001:00014ab0       _MmcSelect                 00014d10 f   MmcAccessLib:MmcAccessLibGeneric.obj
 0001:00014b1e       _MmcGetExtCsd              00014d7e f   MmcAccessLib:MmcAccessLibGeneric.obj
 0001:00014b8e       _MmcSetExtCsd              00014dee f   MmcAccessLib:MmcAccessLibGeneric.obj
 0001:00014c00       _MmcSwitch                 00014e60 f   MmcAccessLib:MmcAccessLibGeneric.obj
 0001:00014c7c       _MmcSendStatus             00014edc f   MmcAccessLib:MmcAccessLibGeneric.obj
 0001:00014cf6       _MmcSendTuningBlk          00014f56 f   MmcAccessLib:MmcAccessLibGeneric.obj
 0001:00014d7b       _MmcTuningClkForHs200      00014fdb f   MmcAccessLib:MmcAccessLibGeneric.obj
 0001:00014e3c       _MmcCheckSwitchStatus      0001509c f   MmcAccessLib:MmcAccessLibGeneric.obj
 0001:00014e8f       _MmcSwitchBusWidth         000150ef f   MmcAccessLib:MmcAccessLibGeneric.obj
 0001:00014f2c       _MmcSwitchClockFreq        0001518c f   MmcAccessLib:MmcAccessLibGeneric.obj
 0001:00014fe6       _MmcSwitchBusTiming        00015246 f   MmcAccessLib:MmcAccessLibGeneric.obj
 0001:000150d8       _MmcSwitchToHighSpeed      00015338 f   MmcAccessLib:MmcAccessLibGeneric.obj
 0001:00015168       _MmcSwitchToHS200          000153c8 f   MmcAccessLib:MmcAccessLibGeneric.obj
 0001:000151fb       _MmcSwitchToHS400          0001545b f   MmcAccessLib:MmcAccessLibGeneric.obj
 0001:000152ab       _SdCardSetBusWidth         0001550b f   MmcAccessLib:MmcAccessLibGeneric.obj
 0001:00015339       _SdCardSwitch              00015599 f   MmcAccessLib:MmcAccessLibGeneric.obj
 0001:000153c7       _SdCardSetBusMode          00015627 f   MmcAccessLib:MmcAccessLibGeneric.obj
 0001:0001553e       _MmcSetBusMode             0001579e f   MmcAccessLib:MmcAccessLibGeneric.obj
 0001:0001575c       _MmcStopTransmission       000159bc f   MmcAccessLib:MmcAccessLibGeneric.obj
 0001:000157c3       _MmcRwMultiBlocks          00015a23 f   MmcAccessLib:MmcAccessLibGeneric.obj
 0001:0001587d       _MmcReadWrite              00015add f   MmcAccessLib:MmcAccessLibGeneric.obj
 0001:00015aab       _MmcInitCardInfo           00015d0b f   MmcAccessLib:MmcAccessLibGeneric.obj
 0001:00015d6c       _ContinueMmcInitialize     00015fcc f   MmcAccessLib:MmcAccessLibGeneric.obj
 0001:00015ee7       _MmcIsInitialized          00016147 f   MmcAccessLib:MmcAccessLibGeneric.obj
 0001:00015eff       _MmcSelectPart             0001615f f   MmcAccessLib:MmcAccessLibGeneric.obj
 0001:00015fc6       _MmcReadBlocks             00016226 f   MmcAccessLib:MmcAccessLibGeneric.obj
 0001:0001601e       _MmcWriteBlocksExt         0001627e f   MmcAccessLib:MmcAccessLibGeneric.obj
 0001:00016077       _MmcWriteBlocks            000162d7 f   MmcAccessLib:MmcAccessLibGeneric.obj
 0001:0001609a       _MmcGetMediaInfo           000162fa f   MmcAccessLib:MmcAccessLibGeneric.obj
 0001:000160f9       _EmmcModeSelection         00016359 f   MmcAccessLib:MmcAccessLibGeneric.obj
 0001:000161cd       _EmmcGetSerialNumber       0001642d f   MmcAccessLib:MmcAccessLibGeneric.obj
 0001:000162bb       _MmcGetHcPrivateData       0001651b f   MmcAccessLib:MmcAccessLib.obj
 0001:00016318       _MmcReset                  00016578 f   MmcAccessLib:MmcAccessLib.obj
 0001:00016376       _MmcGetOcr                 000165d6 f   MmcAccessLib:MmcAccessLib.obj
 0001:000163e7       _SdCardVoltageCheck        00016647 f   MmcAccessLib:MmcAccessLib.obj
 0001:0001645e       _SdCardSendOpCond          000166be f   MmcAccessLib:MmcAccessLib.obj
 0001:000164f6       _EarlyMmcInitialize        00016756 f   MmcAccessLib:MmcAccessLib.obj
 0001:0001665d       _SdMmcInitialize           000168bd f   MmcAccessLib:MmcAccessLib.obj
 0001:000167da       _MmcInitialize             00016a3a f   MmcAccessLib:MmcAccessLib.obj
 0001:00016817       _SdInitialize              00016a77 f   MmcAccessLib:MmcAccessLib.obj
 0001:00016848       _DumpCapabilityReg         00016aa8 f   MmcAccessLib:SdMmcPciHci.obj
 0001:00016b42       _SdMmcHcRwMmio             00016da2 f   MmcAccessLib:SdMmcPciHci.obj
 0001:00016c03       _SdMmcHcOrMmio             00016e63 f   MmcAccessLib:SdMmcPciHci.obj
 0001:00016c80       _SdMmcHcAndMmio            00016ee0 f   MmcAccessLib:SdMmcPciHci.obj
 0001:00016cfd       _SdMmcHcCheckMmioSet       00016f5d f   MmcAccessLib:SdMmcPciHci.obj
 0001:00016d40       _SdMmcHcWaitMmioSet        00016fa0 f   MmcAccessLib:SdMmcPciHci.obj
 0001:00016d98       _SdMmcHcReset              00016ff8 f   MmcAccessLib:SdMmcPciHci.obj
 0001:00016e3a       _SdMmcHcStopClock          0001709a f   MmcAccessLib:SdMmcPciHci.obj
 0001:00016e77       _SdMmcHcClockSupply        000170d7 f   MmcAccessLib:SdMmcPciHci.obj
 0001:00017046       _SdMmcHcSetBusWidth        000172a6 f   MmcAccessLib:SdMmcPciHci.obj
 0001:000170e8       _SdMmcHcInitPowerVoltage   00017348 f   MmcAccessLib:SdMmcPciHci.obj
 0001:00017194       _SdMmcHcInitHost           000173f4 f   MmcAccessLib:SdMmcPciHci.obj
 0001:000171f4       _BuildAdmaDescTable        00017454 f   MmcAccessLib:SdMmcPciHci.obj
 0001:0001738d       _SdMmcCreateTrb            000175ed f   MmcAccessLib:SdMmcPciHci.obj
 0001:000174d5       _SdMmcWaitTrbEnv           00017735 f   MmcAccessLib:SdMmcPciHci.obj
 0001:0001755c       _SdMmcExecTrb              000177bc f   MmcAccessLib:SdMmcPciHci.obj
 0001:0001782c       _SdMmcCheckTrbResult       00017a8c f   MmcAccessLib:SdMmcPciHci.obj
 0001:00017ad7       _SdMmcWaitTrbResult        00017d37 f   MmcAccessLib:SdMmcPciHci.obj
 0001:00017b2f       _SdMmcSendCommand          00017d8f f   MmcAccessLib:SdMmcPciHci.obj
 0001:00017bd8       _ReverseBits               00017e38 f   Crc32Lib:Crc32.obj
 0001:00017bfe       _RuntimeDriverInitializeCrc32Table 00017e5e f   Crc32Lib:Crc32.obj
 0001:00017c39       _CalculateCrc32WithType    00017e99 f   Crc32Lib:Crc32.obj
 0001:00017c97       _ExtInitFileSystem         00017ef7 f   Ext23Lib:ExtLib.obj
 0001:00017d82       _ExtCloseFileSystem        00017fe2 f   Ext23Lib:ExtLib.obj
 0001:00017db6       _ExtFsOpenFile             00018016 f   Ext23Lib:ExtLib.obj
 0001:00017e61       _ExtFsGetFileSize          000180c1 f   Ext23Lib:ExtLib.obj
 0001:00017e93       _ExtFsReadFile             000180f3 f   Ext23Lib:ExtLib.obj
 0001:00017f12       _ExtFsCloseFile            00018172 f   Ext23Lib:ExtLib.obj
 0001:00017f28       _ExtFsListDir              00018188 f   Ext23Lib:ExtLib.obj
 0001:00017f6e       _Ext2fsLs                  000181ce f   Ext23Lib:Ext2FsLs.obj
 0001:000181cb       _BDevStrategy              0001842b f   Ext23Lib:Ext2Fs.obj
 0001:00018210       _ReadInode                 00018470 f   Ext23Lib:Ext2Fs.obj
 0001:00018606       _BufReadFile               00018866 f   Ext23Lib:Ext2Fs.obj
 0001:00018790       _Ext2SbValidate            000189f0 f   Ext23Lib:Ext2Fs.obj
 0001:00018871       _ReadSBlock                00018ad1 f   Ext23Lib:Ext2Fs.obj
 0001:0001894f       _ReadGDBlock               00018baf f   Ext23Lib:Ext2Fs.obj
 0001:00018aac       _Ext2fsOpen                00018d0c f   Ext23Lib:Ext2Fs.obj
 0001:00018dcb       _Ext2fsClose               0001902b f   Ext23Lib:Ext2Fs.obj
 0001:00018e10       _Ext2fsRead                00019070 f   Ext23Lib:Ext2Fs.obj
 0001:0001904a       _FatInitFileSystem         000192aa f   FatLib:FatLib.obj
 0001:000191aa       _FatCloseFileSystem        0001940a f   FatLib:FatLib.obj
 0001:000191e0       _FatFsOpenFile             00019440 f   FatLib:FatLib.obj
 0001:0001928b       _FatFsGetFileSize          000194eb f   FatLib:FatLib.obj
 0001:000192bd       _FatFsReadFile             0001951d f   FatLib:FatLib.obj
 0001:0001938c       _FatFsCloseFile            000195ec f   FatLib:FatLib.obj
 0001:000193cc       _FatFsListDir              0001962c f   FatLib:FatLib.obj
 0001:000194a8       _FatGetVolumeData          00019708 f   FatLib:FatLiteLib.obj
 0001:0001952c       _FatReadBlock              0001978c f   FatLib:FatLiteLib.obj
 0001:00019603       _FatGetCacheBlock          00019863 f   FatLib:FatLiteLib.obj
 0001:000196fd       _FatReadDisk               0001995d f   FatLib:FatLiteLib.obj
 0001:00019829       _EngStrniColl              00019a89 f   FatLib:FatLiteLib.obj
 0001:000198b0       _FatGetBpbInfo             00019b10 f   FatLib:FatLiteAccess.obj
 0001:00019b3c       _FatGetNextCluster         00019d9c f   FatLib:FatLiteAccess.obj
 0001:00019c82       _FatSetFilePos             00019ee2 f   FatLib:FatLiteAccess.obj
 0001:00019e1f       _FatReadFile               0001a07f f   FatLib:FatLiteAccess.obj
 0001:00019f70       _FatReadNextDirectoryEntry 0001a1d0 f   FatLib:FatLiteAccess.obj
 0001:0001a1c2       _VerifyRsaPkcs1Signature   0001a422 f   IppCryptoLib:rsa_verify.obj
 0001:0001a371       _VerifyRsaPssSignature     0001a5d1 f   IppCryptoLib:rsa_verify.obj
 0001:0001a4ec       _ippsRSA_InitPublicKey@16  0001a74c f   IppCryptoLib:pcpngrsakeypublic.obj
 0001:0001a55d       _ippsRSA_SetPublicKey@12   0001a7bd f   IppCryptoLib:pcpngrsakeypublic.obj
 0001:0001a626       _ippsBigNumInit@8          0001a886 f   IppCryptoLib:pcpbnca.obj
 0001:0001a7fd       _ippsRSAVerify_PSS_rmf@28  0001aa5d f   IppCryptoLib:pcpngrsapss_rmf.obj
 0001:0001aa6c       _ippsSetOctString_BN@12    0001accc f   IppCryptoLib:pcpbnsetca.obj
 0001:0001aab3       _ippsGetOctString_BN@12    0001ad13 f   IppCryptoLib:pcpbnsetca.obj
 0001:0001ab1f       _ippsRSA_GetBufferSizePublicKey@8 0001ad7f f   IppCryptoLib:pcpngrsaencodec.obj
 0001:0001ab57       _gsRSApub_cipher           0001adb7 f   IppCryptoLib:pcpngrsaencodec.obj
 0001:0001aba8       _sha256_hashInit           0001ae08 f   IppCryptoLib:pcpsha256ca.obj
 0001:0001abe4       _sha256_hashUpdate         0001ae44 f   IppCryptoLib:pcpsha256ca.obj
 0001:0001abfe       _sha256_hashOctString      0001ae5e f   IppCryptoLib:pcpsha256ca.obj
 0001:0001ac5f       _sha256_msgRep             0001aebf f   IppCryptoLib:pcpsha256ca.obj
 0001:0001ae74       _ippsHashInit_rmf@8        0001b0d4 f   IppCryptoLib:pcphashca_rmf.obj
 0001:0001aeab       _ippsHashUpdate_rmf@12     0001b10b f   IppCryptoLib:pcphashca_rmf.obj
 0001:0001afeb       _cpFinalize_rmf            0001b24b f   IppCryptoLib:pcphashca_rmf.obj
 0001:0001b087       _ippsHashFinal_rmf@8       0001b2e7 f   IppCryptoLib:pcphashca_rmf.obj
 0001:0001b0f9       _ippsHashMessage_rmf@16    0001b359 f   IppCryptoLib:pcphashca_rmf.obj
 0001:0001b167       _cpNLZ_BNU                 0001b3c7 f   IppCryptoLib:pcpbnumisc.obj
 0001:0001b167       _cpNLZ_BNU32               0001b3c7 f   IppCryptoLib:pcpbnu32misc.obj
 0001:0001b1ae       _cpFromOctStr_BNU          0001b40e f   IppCryptoLib:pcpbnumisc.obj
 0001:0001b235       _cpToOctStr_BNU            0001b495 f   IppCryptoLib:pcpbnumisc.obj
 0001:0001b6eb       _gsMontFactor              0001b94b f   IppCryptoLib:gsmodstuff.obj
 0001:0001b76f       _gsModEngineInit           0001b9cf f   IppCryptoLib:gsmodstuff.obj
 0001:0001b8dc       _gsMontExpBin_BNU          0001bb3c f   IppCryptoLib:pcpngrsamontstuff.obj
 0001:0001baa8       _gsPubBuffer_gpr           0001bd08 f   IppCryptoLib:pcpngrsamontstuff.obj
 0001:0001baed       _cpAdd_BNU32               0001bd4d f   IppCryptoLib:pcpbnu32arith.obj
 0001:0001bb4d       _cpDiv_BNU32               0001bdad f   IppCryptoLib:pcpbnu32arith.obj
 0001:0001bf30       _cpSub_BNU                 0001c190 f   IppCryptoLib:pcpbnuarith.obj
 0001:0001bf74       _ippsMGF1_rmf@20           0001c1d4 f   IppCryptoLib:pcpmgf1ca_rmf.obj
 0001:0001c05c       _HeciRevokeOemKey          0001c2bc f   HeciDxeMeExtLib:HeciMeExtLib.obj
 0001:0001c0d6       _PeiHubEnumeration         0001c336 f   UsbBusPei:UsbPeim.obj
 0001:0001c435       _PeiUsbEnumeration         0001c695 f   UsbBusPei:UsbPeim.obj
 0001:0001c75b       _PeiConfigureUsbDevice     0001c9bb f   UsbBusPei:UsbPeim.obj
 0001:0001c915       _PeiUsbGetAllConfiguration 0001cb75 f   UsbBusPei:UsbPeim.obj
 0001:0001cac3       _GetExpectedDescriptor     0001cd23 f   UsbBusPei:UsbPeim.obj
 0001:0001cb45       _ResetRootPort             0001cda5 f   UsbBusPei:UsbPeim.obj
 0001:0001cd21       _PeiUsbGetDescriptor       0001cf81 f   UsbBusPei:PeiUsbLib.obj
 0001:0001cd7c       _PeiUsbSetDeviceAddress    0001cfdc f   UsbBusPei:PeiUsbLib.obj
 0001:0001cdcc       _PeiUsbSetConfiguration    0001d02c f   UsbBusPei:PeiUsbLib.obj
 0001:0001ce09       _PeiUsbGetDeviceSpeed      0001d069 f   UsbBusPei:PeiUsbLib.obj
 0001:0001ce34       _PeiUsbControlTransfer     0001d094 f   UsbBusPei:UsbIoPeim.obj
 0001:0001cf79       _PeiUsbBulkTransfer        0001d1d9 f   UsbBusPei:UsbIoPeim.obj
 0001:0001d0de       _PeiUsbGetInterfaceDescriptor 0001d33e f   UsbBusPei:UsbIoPeim.obj
 0001:0001d116       _PeiUsbGetEndpointDescriptor 0001d376 f   UsbBusPei:UsbIoPeim.obj
 0001:0001d19d       _PeiUsbPortReset           0001d3fd f   UsbBusPei:UsbIoPeim.obj
 0001:0001d20d       _PeiHubGetPortStatus       0001d46d f   UsbBusPei:HubPeim.obj
 0001:0001d24f       _PeiHubSetPortFeature      0001d4af f   UsbBusPei:HubPeim.obj
 0001:0001d291       _PeiHubClearPortFeature    0001d4f1 f   UsbBusPei:HubPeim.obj
 0001:0001d2d3       _PeiHubClearHubFeature     0001d533 f   UsbBusPei:HubPeim.obj
 0001:0001d30d       _PeiGetHubDescriptor       0001d56d f   UsbBusPei:HubPeim.obj
 0001:0001d363       _PeiUsbHubCtrlSetHubDepth  0001d5c3 f   UsbBusPei:HubPeim.obj
 0001:0001d3a9       _PeiDoHubConfig            0001d609 f   UsbBusPei:HubPeim.obj
 0001:0001d4fd       _PeiResetHubPort           0001d75d f   UsbBusPei:HubPeim.obj
 0001:0001d5ce       _RegisterUsbDevice         0001d82e f   UsbInitLib:UsbInitLib.obj
 0001:0001d5f3       _DeinitUsbDevices          0001d853 f   UsbInitLib:UsbInitLib.obj
 0001:0001d689       _InitUsbDevices            0001d8e9 f   UsbInitLib:UsbInitLib.obj
 0001:0001d78a       _IoMmuAllocateBuffer       0001d9ea f   IoMmuLib:IoMmuLib.obj
 0001:0001d7ce       _IoMmuAllocateAlignedBuffer 0001da2e f   IoMmuLib:IoMmuLib.obj
 0001:0001d84a       _GetVariableInstance       0001daaa f   LiteVariableLib:LiteVariableLib.obj
 0001:0001d88a       _EraseVariableStore        0001daea f   LiteVariableLib:LiteVariableLib.obj
 0001:0001d8fa       _WriteVariableStore        0001db5a f   LiteVariableLib:LiteVariableLib.obj
 0001:0001d96a       _GetActiveVaraibelStoreBase 0001dbca f   LiteVariableLib:LiteVariableLib.obj
 0001:0001d9d2       _InternalGetVariable       0001dc32 f   LiteVariableLib:LiteVariableLib.obj
 0001:0001daf0       _GetNextVariableName       0001dd50 f   LiteVariableLib:LiteVariableLib.obj
 0001:0001dbfb       _Reclaim                   0001de5b f   LiteVariableLib:LiteVariableLib.obj
 0001:0001dd92       _SetVariable               0001dff2 f   LiteVariableLib:LiteVariableLib.obj
 0001:0001e23b       _HeciPacketRead            0001e49b f   HeciLib:HeciCore.obj
 0001:0001e4ce       _HeciReceive               0001e72e f   HeciLib:HeciCore.obj
 0001:0001e5de       _HeciSend                  0001e83e f   HeciLib:HeciCore.obj
 0001:0001e70b       _HeciSendwAck              0001e96b f   HeciLib:HeciCore.obj
 0001:0001e764       _HeciResetInterface        0001e9c4 f   HeciLib:HeciCore.obj
 0001:0001e877       _HeciGetMeMode             0001ead7 f   HeciLib:HeciLib.obj
 0001:0001e904       _XhcPeiReadOpReg           0001eb64 f   XhciLib:XhcPeim.obj
 0001:0001e93b       _XhcPeiWriteOpReg          0001eb9b f   XhciLib:XhcPeim.obj
 0001:0001e973       _XhcPeiWaitOpRegBit        0001ebd3 f   XhciLib:XhcPeim.obj
 0001:0001e9f1       _XhcPeiWriteDoorBellReg    0001ec51 f   XhciLib:XhcPeim.obj
 0001:0001ea28       _XhcPeiReadRuntimeReg      0001ec88 f   XhciLib:XhcPeim.obj
 0001:0001ea5e       _XhcPeiWriteRuntimeReg     0001ecbe f   XhciLib:XhcPeim.obj
 0001:0001ea95       _XhcPeiResetHC             0001ecf5 f   XhciLib:XhcPeim.obj
 0001:0001eb04       _XhcPeiHaltHC              0001ed64 f   XhciLib:XhcPeim.obj
 0001:0001eb4d       _XhcPeiRunHC               0001edad f   XhciLib:XhcPeim.obj
 0001:0001eb95       _XhcPeiControlTransfer     0001edf5 f   XhciLib:XhcPeim.obj
 0001:0001f2af       _XhcPeiBulkTransfer        0001f50f f   XhciLib:XhcPeim.obj
 0001:0001f4ab       _XhcPeiGetRootHubPortNumber 0001f70b f   XhciLib:XhcPeim.obj
 0001:0001f503       _XhcPeiClearRootHubPortFeature 0001f763 f   XhciLib:XhcPeim.obj
 0001:0001f628       _XhcPeiSetRootHubPortFeature 0001f888 f   XhciLib:XhcPeim.obj
 0001:0001f761       _XhcPeiGetRootHubPortStatus 0001f9c1 f   XhciLib:XhcPeim.obj
 0001:0001f8d3       _XhcPeiFreeDevContext      0001fb33 f   XhciLib:XhcPeim.obj
 0001:0001f955       _UsbDeinitCtrl             0001fbb5 f   XhciLib:XhcPeim.obj
 0001:0001f9ae       _UsbInitCtrl               0001fc0e f   XhciLib:XhcPeim.obj
 0001:0001fb9f       _XhcPeiCreateCmdTrb        0001fdff f   XhciLib:XhciSched.obj
 0001:0001fbfd       _XhcPeiCmdTransfer         0001fe5d f   XhciLib:XhciSched.obj
 0001:0001fca5       _XhcPeiCreateUrb           0001ff05 f   XhciLib:XhciSched.obj
 0001:0001fd39       _XhcPeiCreateTransferTrb   0001ff99 f   XhciLib:XhciSched.obj
 0001:000200f5       _XhcPeiRecoverHaltedEndpoint 00020355 f   XhciLib:XhciSched.obj
 0001:0002019c       _XhcPeiDequeueTrbFromEndpoint 000203fc f   XhciLib:XhciSched.obj
 0001:00020243       _XhcPeiIsTransferRingTrb   000204a3 f   XhciLib:XhciSched.obj
 0001:00020291       _XhcPeiCheckUrbResult      000204f1 f   XhciLib:XhciSched.obj
 0001:0002059d       _XhcPeiExecTransfer        000207fd f   XhciLib:XhciSched.obj
 0001:00020691       _XhcPeiPollPortStatusChange 000208f1 f   XhciLib:XhciSched.obj
 0001:000207d0       _XhcPeiEndpointToDci       00020a30 f   XhciLib:XhciSched.obj
 0001:00020805       _XhcPeiBusDevAddrToSlotId  00020a65 f   XhciLib:XhciSched.obj
 0001:00020850       _XhcPeiRouteStringToSlotId 00020ab0 f   XhciLib:XhciSched.obj
 0001:0002089f       _XhcPeiRingDoorBell        00020aff f   XhciLib:XhciSched.obj
 0001:000208bc       _XhcPeiInitializeDeviceSlot 00020b1c f   XhciLib:XhciSched.obj
 0001:00020cc4       _XhcPeiInitializeDeviceSlot64 00020f24 f   XhciLib:XhciSched.obj
 0001:000210ed       _XhcPeiDisableSlotCmd      0002134d f   XhciLib:XhciSched.obj
 0001:000212ad       _XhcPeiDisableSlotCmd64    0002150d f   XhciLib:XhciSched.obj
 0001:0002145a       _XhcPeiSetConfigCmd        000216ba f   XhciLib:XhciSched.obj
 0001:00021885       _XhcPeiSetConfigCmd64      00021ae5 f   XhciLib:XhciSched.obj
 0001:00021ccc       _XhcPeiEvaluateContext     00021f2c f   XhciLib:XhciSched.obj
 0001:00021dbf       _XhcPeiEvaluateContext64   0002201f f   XhciLib:XhciSched.obj
 0001:00021eb5       _XhcPeiConfigHubContext    00022115 f   XhciLib:XhciSched.obj
 0001:00021fe8       _XhcPeiConfigHubContext64  00022248 f   XhciLib:XhciSched.obj
 0001:0002211b       _XhcPeiStopEndpoint        0002237b f   XhciLib:XhciSched.obj
 0001:000221a5       _XhcPeiResetEndpoint       00022405 f   XhciLib:XhciSched.obj
 0001:0002222f       _XhcPeiSetTrDequeuePointer 0002248f f   XhciLib:XhciSched.obj
 0001:000222f7       _XhcPeiSyncEventRing       00022557 f   XhciLib:XhciSched.obj
 0001:00022371       _XhcPeiCreateEventRing     000225d1 f   XhciLib:XhciSched.obj
 0001:0002253d       _XhcPeiSyncTrsRing         0002279d f   XhciLib:XhciSched.obj
 0001:00022611       _XhcPeiCreateTransferRing  00022871 f   XhciLib:XhciSched.obj
 0001:000226e8       _XhcPeiInitSched           00022948 f   XhciLib:XhciSched.obj
 0001:00022abb       _XhcPeiFreeSched           00022d1b f   XhciLib:XhciSched.obj
 0001:00022bd6       _UsbHcAllocMemBlock        00022e36 f   XhciLib:UsbHcMem.obj
 0001:00022c94       _UsbHcFreeMemBlock         00022ef4 f   XhciLib:UsbHcMem.obj
 0001:00022d05       _UsbHcAllocMemFromBlock    00022f65 f   XhciLib:UsbHcMem.obj
 0001:00022e29       _UsbHcGetPciAddrForHostAddr 00023089 f   XhciLib:UsbHcMem.obj
 0001:00022e85       _UsbHcGetHostAddrForPciAddr 000230e5 f   XhciLib:UsbHcMem.obj
 0001:00022ed7       _UsbHcInitMemPool          00023137 f   XhciLib:UsbHcMem.obj
 0001:00022f48       _UsbHcAllocateMem          000231a8 f   XhciLib:UsbHcMem.obj
 0001:00023021       _UsbHcFreeMem              00023281 f   XhciLib:UsbHcMem.obj
 0001:0002313c       _UsbHcAllocateAlignedPages 0002339c f   XhciLib:UsbHcMem.obj
 0001:000231b7       _UsbHcFreeAlignedPages     00023417 f   XhciLib:UsbHcMem.obj
 0001:000231eb       _MeGetHeciMmPciAddress     0002344b f   MeChipsetLib:MeChipsetLib.obj
 0002:00000000       ??_C@_0BI@NPOGIIFE@?$CIRsvdBase?5?$CG?50xFFF?$CJ?5?$DN?$DN?50@ 000234c0     PayloadEntryLib:PayloadEntryLib.obj
 0002:00000018       ??_C@_0FP@DICJNDKD@e?3?2code?2adl_n100_code?2sblplatfo@ 000234d8     PayloadEntryLib:PayloadEntryLib.obj
 0002:00000078       ??_C@_0BO@JAJJINBE@GlobalDataPtr?5?$CB?$DN?5?$CI?$CIvoid?5?$CK?$CJ?50?$CJ@ 00023538     PayloadEntryLib:PayloadEntryLib.obj
 0002:00000098       ??_C@_0CB@DMEJJJHA@?6ASSERT_EFI_ERROR?5?$CIStatus?5?$DN?5?$CFr?$CJ@ 00023558     PayloadEntryLib:PayloadEntryLib.obj
 0002:000000bc       ??_C@_0DL@BHHBDFLN@?$CIUINT32?$CJ?$CIUINTN?$CJLoaderPlatformDa@ 0002357c     PayloadEntryLib:PayloadEntryLib.obj
 0002:000000f8       ??_C@_0BC@MAMPBCJJ@?6Payload?5startup?6@ 000235b8     PayloadEntryLib:PayloadEntryLib.obj
 0002:0000010c       ??_C@_0BH@LCLLLHKG@BufPtr?5?$CB?$DN?5?$CI?$CIvoid?5?$CK?$CJ?50?$CJ@ 000235cc     PayloadEntryLib:PayloadEntryLib.obj
 0002:00000124       ??_C@_0P@PPAEDPDB@FirmwareUpdate@ 000235e4     FirmwareUpdate:AutoGen.obj
 0002:00000134       __gPcd_FixedAtBuild_PcdControlFlowEnforcementPropertyMask 000235f4     FirmwareUpdate:AutoGen.obj
 0002:00000138       ??_C@_0CI@BKMKDAGI@Failed?5to?5get?5current?5firmware?5@ 000235f8     FirmwareUpdate:FirmwareUpdate.obj
 0002:00000160       ??_C@_0DP@DJDECNJO@Getting?5SBL?5version?5from?5Stage1@ 00023620     FirmwareUpdate:FirmwareUpdate.obj
 0002:000001a0       ??_C@_0CP@PKNMGJEI@Updating?5status?5to?5reserved?5reg@ 00023660     FirmwareUpdate:FirmwareUpdate.obj
 0002:000001d0       ??_C@_0DK@POGGLCKN@?5Updating?5Slim?5Bootloader?5from?5@ 00023690     FirmwareUpdate:FirmwareUpdate.obj
 0002:00000210       ??_C@_0EK@BAIOBLHC@Antirollback?5?9?5Could?5not?5rollba@ 000236d0     FirmwareUpdate:FirmwareUpdate.obj
 0002:0000025c       ??_C@_0CM@DOCIAFMG@Capsule?5update?5is?5for?5Config?5da@ 0002371c     FirmwareUpdate:FirmwareUpdate.obj
 0002:00000288       ??_C@_0CH@CFONNBPK@Config?5blob?5update?5Svn?5check?5fa@ 00023748     FirmwareUpdate:FirmwareUpdate.obj
 0002:000002b0       ??_C@_0CE@BAAJALCG@Capsule?5update?5is?5for?5ACM?5regio@ 00023770     FirmwareUpdate:FirmwareUpdate.obj
 0002:000002d4       ??_C@_0CG@OEMDPCJK@Capsule?5update?5is?5for?5UCODE?5reg@ 00023794     FirmwareUpdate:FirmwareUpdate.obj
 0002:000002fc       ??_C@_0CI@PJGIHEN@Set?5the?5bit?5array?5of?5retry?5coun@ 000237bc     FirmwareUpdate:FirmwareUpdate.obj
 0002:00000324       ??_C@_0CK@OLPDJHJD@Current?5bit?5array?5of?5retry?5coun@ 000237e4     FirmwareUpdate:FirmwareUpdate.obj
 0002:00000350       ??_C@_0CP@PGDDCPGD@BootMediaWrite?4?5offset?3?50x?$CF04x?0@ 00023810     FirmwareUpdate:FirmwareUpdate.obj
 0002:00000380       ??_C@_0BM@JLNEHEDK@Set?5next?5FWU?5state?3?50x?$CF02X?6@ 00023840     FirmwareUpdate:FirmwareUpdate.obj
 0002:0000039c       ??_C@_0DC@NHNHBOOK@BootMediaWrite?4?5?5readaddr?3?50x?$CFl@ 0002385c     FirmwareUpdate:FirmwareUpdate.obj
 0002:000003d0       ??_C@_0CM@NFKBJEDC@Could?5not?5get?5loader?5platform?5i@ 00023890     FirmwareUpdate:FirmwareUpdate.obj
 0002:000003fc       ??_C@_0BP@GFDALPCL@Get?5current?5FWU?5state?3?50x?$CF02X?6@ 000238bc     FirmwareUpdate:FirmwareUpdate.obj
 0002:0000041c       ??_C@_0CL@ELAAPEPP@Unable?5to?5switch?5to?5partition?5B@ 000238dc     FirmwareUpdate:FirmwareUpdate.obj
 0002:00000448       ??_C@_0EC@LHFKEANE@Unable?5to?5switch?5to?5partition?5B@ 00023908     FirmwareUpdate:FirmwareUpdate.obj
 0002:0000048c       ??_C@_0CL@PGMKJIDB@Unable?5to?5switch?5to?5partition?5A@ 0002394c     FirmwareUpdate:FirmwareUpdate.obj
 0002:000004b8       ??_C@_0EC@NDLKDLCK@Unable?5to?5switch?5to?5partition?5A@ 00023978     FirmwareUpdate:FirmwareUpdate.obj
 0002:000004fc       ??_C@_0CP@GKEEINLI@Set?5state?5machine?5flag?5failed?5w@ 000239bc     FirmwareUpdate:FirmwareUpdate.obj
 0002:0000052c       ??_C@_0CJ@NOOILHLE@Set?5top?5swap?5bit?5failed?5with?5st@ 000239ec     FirmwareUpdate:FirmwareUpdate.obj
 0002:00000558       ??_C@_0CO@KJKLFHCH@Clearing?5top?5swap?5bit?5failed?5wi@ 00023a18     FirmwareUpdate:FirmwareUpdate.obj
 0002:00000588       ??_C@_0CO@BEPKAGJE@BootMediaRead?4?5offset?3?50x?$CFllx?0?5@ 00023a48     FirmwareUpdate:FirmwareUpdate.obj
 0002:000005b8       ??_C@_0CG@JOIGECBD@Found?5the?5component?5to?5update?5s@ 00023a78     FirmwareUpdate:FirmwareUpdate.obj
 0002:000005e0       ??_C@_0CP@LGOHIDKC@Could?5not?5find?5the?5component?5to@ 00023aa0     FirmwareUpdate:FirmwareUpdate.obj
 0002:00000610       ??_C@_0DG@KKDEFAOP@Updating?5last?5attempt?5version?5f@ 00023ad0     FirmwareUpdate:FirmwareUpdate.obj
 0002:00000648       ??_C@_0DF@PACPFBBN@Updating?5last?5attempt?5status?5fa@ 00023b08     FirmwareUpdate:FirmwareUpdate.obj
 0002:00000680       ??_C@_0CP@PPCHPNEC@Updating?5updatepending?5failed?5w@ 00023b40     FirmwareUpdate:FirmwareUpdate.obj
 0002:000006b0       ??_C@_0DE@LLNCLBEJ@Firmware?5Update?5status?5updated?5@ 00023b70     FirmwareUpdate:FirmwareUpdate.obj
 0002:000006e4       ??_C@_0DC@EJGJBKMF@Invalid?5capsule?3?5file?5is?5too?5sm@ 00023ba4     FirmwareUpdate:FirmwareUpdate.obj
 0002:00000718       ??_C@_0DL@HDFJEOLG@Invalid?5capsule?3?5Image?5file?5gui@ 00023bd8     FirmwareUpdate:FirmwareUpdate.obj
 0002:00000754       ??_C@_0DL@PHOBDBAO@Invalid?5capsule?3?5SignatureOffse@ 00023c14     FirmwareUpdate:FirmwareUpdate.obj
 0002:00000790       ??_C@_0DF@BCOHMMCG@Invalid?5capsule?3?5PubKeyOffset?$DN0@ 00023c50     FirmwareUpdate:FirmwareUpdate.obj
 0002:000007c8       ??_C@_0DD@LKGGPKGN@Invalid?5capsule?3?5ImageOffset?$DN0x@ 00023c88     FirmwareUpdate:FirmwareUpdate.obj
 0002:000007fc       ??_C@_0CA@LOECAJKI@Image?5verification?5failed?0?5?$CFr?$CB?6@ 00023cbc     FirmwareUpdate:FirmwareUpdate.obj
 0002:0000081c       ??_C@_0CC@KNLGOPAJ@Invalid?5capsule?5body?3?5no?5payloa@ 00023cdc     FirmwareUpdate:FirmwareUpdate.obj
 0002:00000840       ??_C@_0CP@MKKAFMEP@Invalid?5offset?5?$CI0x?$CFx?$CJ?3?5not?5in?5p@ 00023d00     FirmwareUpdate:FirmwareUpdate.obj
 0002:00000870       ??_C@_0DD@MNJJEIG@Invalid?5offset?5?$CI0x?$CFx?$CJ?3?5no?5room?5@ 00023d30     FirmwareUpdate:FirmwareUpdate.obj
 0002:000008a4       ??_C@_0CL@JBEGPLIA@Invalid?5payload?5header?3?5zero?5pa@ 00023d64     FirmwareUpdate:FirmwareUpdate.obj
 0002:000008d0       ??_C@_0CP@LBFADCMF@Invalid?5payload?5size?3?5exceed?5ca@ 00023d90     FirmwareUpdate:FirmwareUpdate.obj
 0002:00000900       ??_C@_0DI@LNDHDIPA@Invalid?5capsule?5payload?5boundar@ 00023dc0     FirmwareUpdate:FirmwareUpdate.obj
 0002:00000938       ??_C@_0CG@IGBJGOHM@BootMediaErase?5failed?5with?5stat@ 00023df8     FirmwareUpdate:FirmwareUpdate.obj
 0002:00000960       ??_C@_0FD@KJGNEKD@?$CD?5of?5payloads?$CI?$CFd?$CJ?5in?5capsule?5ex@ 00023e20     FirmwareUpdate:FirmwareUpdate.obj
 0002:000009b4       ??_C@_0CI@PLNPNMAI@ProcessCapsule?5adds?5payload?3?5?$CF0@ 00023e74     FirmwareUpdate:FirmwareUpdate.obj
 0002:000009dc       ??_C@_0CP@KHNANDBM@BootMediaWrite?4?5offset?3?50x?$CFllx?0@ 00023e9c     FirmwareUpdate:FirmwareUpdate.obj
 0002:00000a0c       ??_C@_0BJ@CIIBHMKG@ApplyFwImage?3?5?$CF04X?3?$CF04X?6@ 00023ecc     FirmwareUpdate:FirmwareUpdate.obj
 0002:00000a28       ??_C@_0CH@HJFDGACP@Reboot?5for?5CSME?5update?5to?5take?5@ 00023ee8     FirmwareUpdate:FirmwareUpdate.obj
 0002:00000a50       ??_C@_0CJ@GFBLCMBG@GetCapsuleImage?5failed?5with?5sta@ 00023f10     FirmwareUpdate:FirmwareUpdate.obj
 0002:00000a7c       ??_C@_0CH@JCLBANMM@CapsuleImage?3?50x?$CFp?0?5CapsuleSize@ 00023f3c     FirmwareUpdate:FirmwareUpdate.obj
 0002:00000aa4       ??_C@_0CE@PCEEECKN@AuthenticateCapsule?0?5Status?5?$DN?50@ 00023f64     FirmwareUpdate:FirmwareUpdate.obj
 0002:00000ac8       ??_C@_0BP@HOEOAFJJ@ProcessCapsule?0?5Status?5?$DN?50x?$CFx?6@ 00023f88     FirmwareUpdate:FirmwareUpdate.obj
 0002:00000ae8       ??_C@_0CJ@JGBKHDOD@CheckCapsuleForRedundant?0?5Statu@ 00023fa8     FirmwareUpdate:FirmwareUpdate.obj
 0002:00000b14       ??_C@_0CE@FCOFDEJL@Full?5BIOS?5region?5update?5status?3@ 00023fd4     FirmwareUpdate:FirmwareUpdate.obj
 0002:00000b38       ??_C@_0CG@LNPJHCPD@EnforceFwUpdatePolicy?3?5Status?5?$DN@ 00023ff8     FirmwareUpdate:FirmwareUpdate.obj
 0002:00000b60       ??_C@_0DC@GGBFABFF@ApplyFwImage?5?$CI?$CF04X?3?$CF04X?$CJ?5failed@ 00024020     FirmwareUpdate:FirmwareUpdate.obj
 0002:00000b94       ??_C@_0CP@CFELDPMF@FindImage?5?$CI?$CF04X?3?$CF04X?$CJ?5failed?5wi@ 00024054     FirmwareUpdate:FirmwareUpdate.obj
 0002:00000bc4       ??_C@_0DJ@MHHKAAAL@Unable?5to?5find?5a?5critical?5compo@ 00024084     FirmwareUpdate:FirmwareUpdate.obj
 0002:00000c00       ??_C@_0CC@HKMFAGL@UpdateStatus?5failed?$CB?5Status?5?$DN?5?$CF@ 000240c0     FirmwareUpdate:FirmwareUpdate.obj
 0002:00000c24       ??_C@_0DL@EDPLEJGH@Failed?5to?5update?5a?5critical?5com@ 000240e4     FirmwareUpdate:FirmwareUpdate.obj
 0002:00000c60       ??_C@_0DG@LNNIPGON@AfterUpdateEnforceFwUpdatePolic@ 00024120     FirmwareUpdate:FirmwareUpdate.obj
 0002:00000c98       ??_C@_0CE@IPIBJBHA@UpdateBootPartition?0?5Status?5?$DN?50@ 00024158     FirmwareUpdate:FirmwareUpdate.obj
 0002:00000cbc       ??_C@_0CD@OCPHGJGG@Starting?5Firmware?5Update?1Recove@ 0002417c     FirmwareUpdate:FirmwareUpdate.obj
 0002:00000ce0       ??_C@_0BJ@EGNHDIAD@Could?5not?5get?5flash?5map?6@ 000241a0     FirmwareUpdate:FirmwareUpdate.obj
 0002:00000d00       ??_C@_0EE@NNMLLGBL@Could?5not?5get?5component?5informa@ 000241c0     FirmwareUpdate:FirmwareUpdate.obj
 0002:00000d44       ??_C@_0BK@IHGPFEN@BIOS?5Region?5Size?3?50x?$CF08X?6@ 00024204     FirmwareUpdate:FirmwareUpdate.obj
 0002:00000d60       ??_C@_0BK@LFLHINBP@SBL?5?5ROM?5?5?5?5Size?3?50x?$CF08X?6@ 00024220     FirmwareUpdate:FirmwareUpdate.obj
 0002:00000d7c       ??_C@_0CG@CAHPBPO@Could?5not?5fit?5image?5into?5BIOS?5r@ 0002423c     FirmwareUpdate:FirmwareUpdate.obj
 0002:00000da4       ??_C@_0BG@HEGKGDNL@Triggered?5FW?5update?$CB?6@ 00024264     FirmwareUpdate:FirmwareUpdate.obj
 0002:00000dbc       ??_C@_0CJ@MKIADAKJ@Firmware?5update?5failed?5with?5Sta@ 0002427c     FirmwareUpdate:FirmwareUpdate.obj
 0002:00000de8       ??_C@_0CG@GKJOFNBI@Exiting?5Firmware?5Update?5?$CIStatus@ 000242a8     FirmwareUpdate:FirmwareUpdate.obj
 0002:00000e10       ??_C@_0DM@MEGBBCG@Error?5getting?5top?5swap?5region?5s@ 000242d0     FirmwareUpdate:FirmwareUpdateHelper.obj
 0002:00000e4c       ??_C@_0DB@PBGGBDDF@Getting?5firmware?5version?5failed@ 0002430c     FirmwareUpdate:FirmwareUpdateHelper.obj
 0002:00000e80       ??_C@_0BG@DLBEIBIF@GetFfsFileByName?3?5?$CFr?6@ 00024340     FirmwareUpdate:FirmwareUpdateHelper.obj
 0002:00000e98       ??_C@_0BG@MGDBFMGA@GetSectionByType?3?5?$CFr?6@ 00024358     FirmwareUpdate:FirmwareUpdateHelper.obj
 0002:00000eb0       ??_C@_0DB@BPAFKMON@BootMediaRead?4?5?5readaddr?3?50x?$CFll@ 00024370     FirmwareUpdate:FirmwareUpdateHelper.obj
 0002:00000ee4       ??_C@_01LFCBOECM@?4@       000243a4     FirmwareUpdate:FirmwareUpdateHelper.obj
 0002:00000ee8       ??_C@_01FJMABOPO@x@        000243a8     FirmwareUpdate:FirmwareUpdateHelper.obj
 0002:00000eec       ??_C@_0CJ@DFNKEGIA@ERROR?3?5in?5BootMediaErase?4?5Statu@ 000243ac     FirmwareUpdate:FirmwareUpdateHelper.obj
 0002:00000f18       ??_C@_0CK@OGEKPFKM@ERROR?3?5in?5BootDeviceWrite?4?5Stat@ 000243d8     FirmwareUpdate:FirmwareUpdateHelper.obj
 0002:00000f44       ??_C@_0BA@GOGKJLLG@Verify?5Error?5?$CB?6@ 00024404     FirmwareUpdate:FirmwareUpdateHelper.obj
 0002:00000f54       ??_C@_0CA@LJMEDHIN@Updating?50x?$CF08llx?0?5Size?30x?$CF06x?6@ 00024414     FirmwareUpdate:FirmwareUpdateHelper.obj
 0002:00000f74       ??_C@_0CJ@EPHOPDKD@?6Failed?5at?5address?50x?$CF08llx?0?5st@ 00024434     FirmwareUpdate:FirmwareUpdateHelper.obj
 0002:00000fa0       ??_C@_0BD@FFELBIGA@?6Finished?5?5?5?$CF3d?$CF?$CF?6@ 00024460     FirmwareUpdate:FirmwareUpdateHelper.obj
 0002:00000fb4       ??_C@_0CI@IKEIOCGO@UpdateBootRegion?5failed?$CB?5Status@ 00024474     FirmwareUpdate:FirmwareUpdateHelper.obj
 0002:00000fdc       ??_C@_0BJ@ODDKPEAJ@Update?5full?5BIOS?5region?6@ 0002449c     FirmwareUpdate:FirmwareUpdateHelper.obj
 0002:00000ff8       ??_C@_0DL@JFLAKNCD@BIOS?5image?5in?5capsule?5is?5bigger@ 000244b8     FirmwareUpdate:FirmwareUpdateHelper.obj
 0002:00001034       ??_C@_0CP@ECJFAGEG@BIOS?5image?5size?5in?5capsule?5is?5n@ 000244f4     FirmwareUpdate:FirmwareUpdateHelper.obj
 0002:00001064       ??_C@_0CM@HOEEAHCM@?5VerifyFwVersion?5failed?5with?5St@ 00024524     FirmwareUpdate:FirmwareUpdateHelper.obj
 0002:00001090       ??_C@_0CG@NMKEEJBD@GetFirmwareUpdateInfo?0?5Status?5?$DN@ 00024550     FirmwareUpdate:FirmwareUpdateHelper.obj
 0002:000010b8       ??_C@_0CL@NELFLKKA@?5VerifyFwStruct?5failed?5with?5Sta@ 00024578     FirmwareUpdate:FirmwareUpdateHelper.obj
 0002:000010e8       ??_C@_0EJ@FAECMPGO@?$CF4a?5component?5capsule?5payload?5s@ 000245a8     FirmwareUpdate:FirmwareUpdateHelper.obj
 0002:00001134       ??_C@_0CA@HBMPFJAG@UpdatePartition?5?$CB?$DN?5?$CI?$CIvoid?5?$CK?$CJ?50?$CJ@ 000245f4     FirmwareUpdate:FirmwareUpdateHelper.obj
 0002:00001158       ??_C@_0FL@MJPKFKLA@e?3?2code?2adl_n100_code?2sblplatfo@ 00024618     FirmwareUpdate:FirmwareUpdateHelper.obj
 0002:000011b4       ??_C@_0DA@NOCLPLL@Updating?5component?5?$CF4a?5failed?5w@ 00024674     FirmwareUpdate:FirmwareUpdateHelper.obj
 0002:000011e4       ??_C@_0CL@CPEJKODN@No?5component?5with?5signature?50x?$CF@ 000246a4     FirmwareUpdate:FirmwareUpdateHelper.obj
 0002:00001210       ??_C@_0DE@GIKDECBB@Container?5component?5update?5fail@ 000246d0     FirmwareUpdate:FirmwareUpdateHelper.obj
 0002:00001244       ??_C@_0CF@HCMOGIHM@Container?5Component?5svn?5did?5not@ 00024704     FirmwareUpdate:FirmwareUpdateHelper.obj
 0002:0000126c       ??_C@_0BO@DKBKNMGD@Container?5Svn?5check?5failed?$CB?$CB?6@ 0002472c     FirmwareUpdate:FirmwareUpdateHelper.obj
 0002:0000128c       ??_C@_0P@LCIJCMJK@Flash?5COMP?3?$CFa?6@ 0002474c     FirmwareUpdate:FirmwareUpdateHelper.obj
 0002:0000129c       ??_C@_0DC@PHFLCPCC@Component?5compressed?5header?5sig@ 0002475c     FirmwareUpdate:FirmwareUpdateHelper.obj
 0002:000012d0       ??_C@_0CF@DKEJGMOL@Component?5Svn?5check?5failed?5for?5@ 00024790     FirmwareUpdate:FirmwareUpdateHelper.obj
 0002:000012f8       ??_C@_0CO@CMKGNBOG@Error?5in?5retrieving?5config?5data@ 000247b8     FirmwareUpdate:FirmwareUpdateHelper.obj
 0002:00001328       ??_C@_0DH@LGIFBHLD@Config?5data?5signature?5in?5capsul@ 000247e8     FirmwareUpdate:FirmwareUpdateHelper.obj
 0002:00001360       ??_C@_0CA@BBGKAOGM@Unable?5to?5get?5existing?5ACM?5SVN?$CB@ 00024820     FirmwareUpdate:FirmwareUpdateHelper.obj
 0002:00001380       ??_C@_0BL@FDLAEBMC@Unable?5to?5get?5new?5ACM?5SVN?$CB@ 00024840     FirmwareUpdate:FirmwareUpdateHelper.obj
 0002:0000139c       ??_C@_0BP@PEJHEJGD@Acm?5update?5Svn?5check?5failed?$CB?$CB?6@ 0002485c     FirmwareUpdate:FirmwareUpdateHelper.obj
 0002:000013bc       ??_C@_0CI@PCLIMFOO@Container?5component?5update?5requ@ 0002487c     FirmwareUpdate:FirmwareUpdateHelper.obj
 0002:000013e4       ??_C@_0CK@HHAHNFFB@Capsule?5update?5is?5for?5container@ 000248a4     FirmwareUpdate:FirmwareUpdateHelper.obj
 0002:00001410       ??_C@_0CF@MEEABBFI@Container?5Update?5Svn?5check?5fail@ 000248d0     FirmwareUpdate:FirmwareUpdateHelper.obj
 0002:00001438       ??_C@_0DA@OHMMEHLD@SBL?5component?5update?5for?5non?9co@ 000248f8     FirmwareUpdate:FirmwareUpdateHelper.obj
 0002:00001468       ??_C@_0CI@FCDGMCK@Redundant?5component?5update?5requ@ 00024928     FirmwareUpdate:FirmwareUpdateHelper.obj
 0002:00001490       ??_C@_0CM@BGDMBDKB@Non?5redundant?5component?5update?5@ 00024950     FirmwareUpdate:FirmwareUpdateHelper.obj
 0002:000014bc       ??_C@_0DM@HGHFNFLE@BootMediaRead?5CsmeNeedReset?4?5of@ 0002497c     FirmwareUpdate:FirmwareUpdateHelper.obj
 0002:000014f8       ??_C@_0EB@FIILAHMI@WriteCsmeNeedResetFlag?5invalid?5@ 000249b8     FirmwareUpdate:FirmwareUpdateHelper.obj
 0002:00001540       ??_C@_0EA@CHAKEIKI@BootMediaWrite?5CsmeNeedReset?$DN?$CFx@ 00024a00     FirmwareUpdate:FirmwareUpdateHelper.obj
 0002:00001580       ??_C@_0BN@NOKMFLLA@Reset?5required?5to?5proceed?4?6?6@ 00024a40     FirmwareUpdate:FirmwareUpdateHelper.obj
 0002:000015a0       ??_C@_0DM@NLHIDDNC@Existing?5uCode?5slots?5do?5not?5lin@ 00024a60     FirmwareUpdate:FirmwareUpdateHelper.obj
 0002:000015dc       ??_C@_0DI@GGKDCMDL@Total?5uCode?5size?5from?5header?5ex@ 00024a9c     FirmwareUpdate:FirmwareUpdateHelper.obj
 0002:00001614       ??_C@_0DM@EHHDOGAL@Existing?5image?5slots?5do?5not?5lin@ 00024ad4     FirmwareUpdate:FirmwareUpdateHelper.obj
 0002:00001650       ??_C@_0BJ@BLNMEGDL@BootMediumPciBase?$CI0x?$CFx?$CJ?6@ 00024b10     FirmwareUpdate:GetCapsuleImage.obj
 0002:0000166c       ??_C@_0CA@MKFMLANL@Invalid?5Boot?5device?5configured?6@ 00024b2c     FirmwareUpdate:GetCapsuleImage.obj
 0002:0000168c       ??_C@_0BF@CGBAMAHH@find?5boot?5partition?6@ 00024b4c     FirmwareUpdate:GetCapsuleImage.obj
 0002:000016a4       ??_C@_0BG@HCENNLIO@Find?5partion?5success?6@ 00024b64     FirmwareUpdate:GetCapsuleImage.obj
 0002:000016bc       ??_C@_0CO@JKKMNGFP@Load?5image?5from?5SwPart?5?$CI0x?$CFx?$CJ?0?5@ 00024b7c     FirmwareUpdate:GetCapsuleImage.obj
 0002:000016ec       ??_C@_0CK@EBKPGEEO@Get?5logical?5partition?5error?0?5St@ 00024bac     FirmwareUpdate:GetCapsuleImage.obj
 0002:00001718       ??_C@_0BH@HDGFMJIH@GetMediaInfo?5Error?5?$CFr?6@ 00024bd8     FirmwareUpdate:GetCapsuleImage.obj
 0002:00001730       ??_C@_0DA@GDKLIKJI@Read?5firmware?5update?5header?5err@ 00024bf0     FirmwareUpdate:GetCapsuleImage.obj
 0002:00001760       ??_C@_0CM@OBHKFDGK@Invalid?5Capsule?5image?5found?0?5Gu@ 00024c20     FirmwareUpdate:GetCapsuleImage.obj
 0002:0000178c       ??_C@_0DD@INDHBNLH@Invalid?5Capsule?5image?5found?0?5He@ 00024c4c     FirmwareUpdate:GetCapsuleImage.obj
 0002:000017c0       ??_C@_0CD@LLHDKHGP@Allocate?5memory?5?$CIsize?30x?$CFx?$CJ?5fai@ 00024c80     FirmwareUpdate:GetCapsuleImage.obj
 0002:000017e4       ??_C@_0CH@MLMEJFBB@Read?5capsule?5image?5error?0?5Statu@ 00024ca4     FirmwareUpdate:GetCapsuleImage.obj
 0002:0000180c       ??_C@_0BA@DMMODLAN@Find?5partition?6@ 00024ccc     FirmwareUpdate:GetCapsuleImage.obj
 0002:0000181c       ??_C@_0BC@EOMIMEBM@GetInfo?5Error?5?$CFr?6@ 00024cdc     FirmwareUpdate:GetCapsuleImage.obj
 0002:00001830       ??_C@_0CC@BBLPAMAK@No?5partitions?5found?0?5Status?5?$DN?5?$CF@ 00024cf0     FirmwareUpdate:GetCapsuleImage.obj
 0002:00001854       ??_C@_0CF@KDGHOPIF@?5Open?5Capsule?5File?5?8?$CFs?8?5Status?5@ 00024d14     FirmwareUpdate:GetCapsuleImage.obj
 0002:0000187c       ??_C@_0CJ@OGEONHOP@?5Get?5Capsule?5File?5?8?$CFs?8?5size?5Sta@ 00024d3c     FirmwareUpdate:GetCapsuleImage.obj
 0002:000018a8       ??_C@_0CF@EFBFEDD@?5Read?5Capsule?5File?5?8?$CFs?8?5Status?5@ 00024d68     FirmwareUpdate:GetCapsuleImage.obj
 0002:000018d0       ??_C@_07OHMGOBL@GuidHob@   00024d90     FirmwareUpdate:GetCapsuleImage.obj
 0002:000018d8       ??_C@_0DE@BKCGOED@?6?$DN?$DN?$DN?$DN?$DN?$DN?$DN?$DN?$DN?$DN?$DN?$DN?$DN?$DN?$DN?$DN?$DNRead?5Capsule?5@ 00024d98     FirmwareUpdate:GetCapsuleImage.obj
 0002:0000190c       ??_C@_0BJ@KDOELHCC@?5CapsuleInfo?5not?5found?5?6@ 00024dcc     FirmwareUpdate:GetCapsuleImage.obj
 0002:00001928       ??_C@_0FA@PNNILLML@Read?5capsule?5image?5from?5?$CFa?5DevI@ 00024de8     FirmwareUpdate:GetCapsuleImage.obj
 0002:00001978       ??_C@_0BA@LCHALDJH@?5file?5name?3?5?$CFa?6@ 00024e38     FirmwareUpdate:GetCapsuleImage.obj
[...]
 0002:0000cfe8       ??_C@_0BM@IHAKFBIF@Configure?5Hub?5Slot?5Context?6@ 000304a8     XhciLib:XhciSched.obj
 0002:0000d004       ??_C@_0DK@NEMLNIJA@XhcConfigHubContext?3?5Config?5End@ 000304c4     XhciLib:XhciSched.obj
 0002:0000d040       ??_C@_0BP@CDDHGJPJ@Configure?5Hub?5Slot?5Context?564?6@ 00030500     XhciLib:XhciSched.obj
 0002:0000d060       ??_C@_0DM@KGFNIPFB@XhcConfigHubContext64?3?5Config?5E@ 00030520     XhciLib:XhciSched.obj
 0002:0000d09c       ??_C@_0CN@POFFMOGO@XhcPeiStopEndpoint?3?5Slot?5?$DN?50x?$CFx@ 0003055c     XhciLib:XhciSched.obj
 0002:0000d0cc       ??_C@_0DH@FCKPNNNC@XhcPeiStopEndpoint?3?5Stop?5Endpoi@ 0003058c     XhciLib:XhciSched.obj
 0002:0000d104       ??_C@_0CO@EICJHJAB@XhcPeiResetEndpoint?3?5Slot?5?$DN?50x?$CF@ 000305c4     XhciLib:XhciSched.obj
 0002:0000d134       ??_C@_0DJ@HCNLNEDM@XhcPeiResetEndpoint?3?5Reset?5Endp@ 000305f4     XhciLib:XhciSched.obj
 0002:0000d170       ??_C@_0EA@JOHMGGAL@XhcPeiSetTrDequeuePointer?3?5Slot@ 00030630     XhciLib:XhciSched.obj
 0002:0000d1b0       ??_C@_0EH@GANEJFJE@XhcPeiSetTrDequeuePointer?3?5Set?5@ 00030670     XhciLib:XhciSched.obj
 0002:0000d1f8       ??_C@_0BI@NBJLCPFM@EvtRing?5?$CB?$DN?5?$CI?$CIvoid?5?$CK?$CJ?50?$CJ@ 000306b8     XhciLib:XhciSched.obj
 0002:0000d210       ??_C@_0BK@BDDHKJNJ@EventRing?5?$CB?$DN?5?$CI?$CIvoid?5?$CK?$CJ?50?$CJ@ 000306d0     XhciLib:XhciSched.obj
 0002:0000d22c       ??_C@_0BE@MKMIHFDD@Buf?5?$CB?$DN?5?$CI?$CIvoid?5?$CK?$CJ?50?$CJ@ 000306ec     XhciLib:XhciSched.obj
 0002:0000d240       ??_C@_0BK@ECFIKCPJ@?$CI?$CIUINTN?$CJ?5Buf?5?$CG?50x3F?$CJ?5?$DN?$DN?50@ 00030700     XhciLib:XhciSched.obj
 0002:0000d25c       ??_C@_0BI@EKFAKKJF@TrsRing?5?$CB?$DN?5?$CI?$CIvoid?5?$CK?$CJ?50?$CJ@ 0003071c     XhciLib:XhciSched.obj
 0002:0000d274       ??_C@_0BH@IPFEEL@TrsTrb?5?$CB?$DN?5?$CI?$CIvoid?5?$CK?$CJ?50?$CJ@ 00030734     XhciLib:XhciSched.obj
 0002:0000d28c       ??_C@_0BP@GAMGKKGE@?$CI?$CILINK_TRB?5?$CK?$CJ?5TrsTrb?$CJ?9?$DOTC?5?$CB?$DN?50@ 0003074c     XhciLib:XhciSched.obj
 0002:0000d2ac       ??_C@_0BM@CDIMGDJI@Index?5?$CB?$DN?5TrsRing?9?$DOTrbNumber@ 0003076c     XhciLib:XhciSched.obj
 0002:0000d2c8       ??_C@_0BN@IMFCFFGJ@Xhc?9?$DOMemPool?5?$CB?$DN?5?$CI?$CIvoid?5?$CK?$CJ?50?$CJ@ 00030788     XhciLib:XhciSched.obj
 0002:0000d2e8       ??_C@_0CP@MDJOFIKN@Xhc?9?$DOMaxSlotsEn?5?$DO?$DN?51?5?$CG?$CG?5Xhc?9?$DOMa@ 000307a8     XhciLib:XhciSched.obj
 0002:0000d318       ??_C@_0BG@OCBEGJNE@Dcbaa?5?$CB?$DN?5?$CI?$CIvoid?5?$CK?$CJ?50?$CJ@ 000307d8     XhciLib:XhciSched.obj
 0002:0000d330       ??_C@_0CA@JIDGCCG@ScratchEntryMap?5?$CB?$DN?5?$CI?$CIvoid?5?$CK?$CJ?50?$CJ@ 000307f0     XhciLib:XhciSched.obj
 0002:0000d350       ??_C@_0BN@BODOHAL@ScratchEntry?5?$CB?$DN?5?$CI?$CIvoid?5?$CK?$CJ?50?$CJ@ 00030810     XhciLib:XhciSched.obj
 0002:0000d370       ??_C@_0BM@IIADCEHH@XhcPeiInitSched?3DCBAA?$DN0x?$CFx?6@ 00030830     XhciLib:XhciSched.obj
 0002:0000d38c       ??_C@_0BJ@GBBOLFPK@?$CICmdRingPhy?5?$CG?50x3F?$CJ?5?$DN?$DN?50@ 0003084c     XhciLib:XhciSched.obj
 0002:0000d3a8       ??_C@_0BP@JFJOCELL@XhcPeiInitSched?3XHC_CRCR?$DN0x?$CFx?6@ 00030868     XhciLib:XhciSched.obj
 0002:0000d3c8       ??_C@_0CE@JDDKMFAG@XhcPeiInitSched?3XHC_EVENTRING?$DN0@ 00030888     XhciLib:XhciSched.obj
 0002:0000d3f0       ??_C@_0FJ@IJLPMBJP@e?3?2code?2adl_n100_code?2sblplatfo@ 000308b0     XhciLib:UsbHcMem.obj
 0002:0000d44c       ??_C@_0BI@BGPKDIHO@?$CIBlock?5?$CB?$DN?5?$CI?$CIvoid?5?$CK?$CJ?50?$CJ?$CJ@ 0003090c     XhciLib:UsbHcMem.obj
 0002:0000d464       ??_C@_0CC@HJOLPFE@?$FLHeciInfo?$FN?5Invalid?5HECI?$CFd?5devic@ 00030924     MeChipsetLib:MeChipsetLib.obj
 0002:0000d488       ??_C@_0GD@FCCAGBOC@e?3?2code?2adl_n100_code?2sblplatfo@ 00030948     MeChipsetLib:MeChipsetLib.obj
 0002:0000d540       ___volatile_metadata       00030a00     <linker-defined>
 0003:00000000       __gPcd_BinaryPatch_PcdPayloadStackSize 00030de0     FirmwareUpdate:AutoGen.obj
 0003:00000004       _gPayloadKeyHashGuid       00030de4     FirmwareUpdate:AutoGen.obj
 0003:00000014       _gBootLoaderServiceGuid    00030df4     FirmwareUpdate:AutoGen.obj
 0003:00000024       _gLoaderLibraryDataGuid    00030e04     FirmwareUpdate:AutoGen.obj
 0003:00000034       _gLoaderPlatformDataGuid   00030e14     FirmwareUpdate:AutoGen.obj
 0003:00000044       __gPcd_BinaryPatch_PcdPayloadHeapSize 00030e24     FirmwareUpdate:AutoGen.obj
 0003:00000048       _gDeviceTableHobGuid       00030e28     FirmwareUpdate:AutoGen.obj
 0003:00000058       _gLoaderPlatformInfoGuid   00030e38     FirmwareUpdate:AutoGen.obj
 0003:00000068       _gSblCompFWUpdateImageFileGuid 00030e48     FirmwareUpdate:AutoGen.obj
 0003:00000078       _gLoaderSystemTableInfoGuid 00030e58     FirmwareUpdate:AutoGen.obj
 0003:00000088       _gBootLoaderVersionFileGuid 00030e68     FirmwareUpdate:AutoGen.obj
 0003:00000098       _gUniversalPayloadSerialPortInfoGuid 00030e78     FirmwareUpdate:AutoGen.obj
 0003:000000a8       _gBootLoaderVersionGuid    00030e88     FirmwareUpdate:AutoGen.obj
 0003:000000b8       _gLoaderMemoryMapInfoGuid  00030e98     FirmwareUpdate:AutoGen.obj
 0003:000000c8       __gPcd_BinaryPatch_PcdPciExpressBaseAddress 00030ea8     FirmwareUpdate:AutoGen.obj
 0003:000000d0       __gPcd_BinaryPatch_PcdAcpiPmTimerBase 00030eb0     FirmwareUpdate:AutoGen.obj
 0003:000000d4       __gPcd_BinaryPatch_PcdEmmcMaxRwBlockNumber 00030eb4     FirmwareUpdate:AutoGen.obj
 0003:000000d8       _gFirmwareUpdateImageFileGuid 00030eb8     FirmwareUpdate:AutoGen.obj
 0003:000000e8       _gEfiGraphicsInfoHobGuid   00030ec8     FirmwareUpdate:AutoGen.obj
 0003:000000f8       _gFlashMapInfoGuid         00030ed8     FirmwareUpdate:AutoGen.obj
 0003:00000108       _gLoaderPerformanceInfoGuid 00030ee8     FirmwareUpdate:AutoGen.obj
 0003:00000120       _gUsStdNarrowGlyphData     00030f00     GraphicsLib:Font.obj
 0003:00000f38       _mFreeMemoryMapEntryList   00031d18     FullMemoryAllocationLib:Page.obj
 0003:00000f40       _mPoolHeadList             00031d20     FullMemoryAllocationLib:Pool.obj
 0003:00000f48       _gMemoryMap                00031d28     FullMemoryAllocationLib:MemData.obj
 0003:00000f50       _mCurrentMediaType         00031d30     MediaAccessLib:MediaAccessLib.obj
 0003:00000f54       _mRecoveryBlkIoPpi         00031d34     UsbBlockIoLib:UsbBotPeim.obj
 0003:00000f60       _mPpiList                  00031d40     UsbBlockIoLib:UsbBotPeim.obj
 0003:00000f78       _gUfsHcTemplate            00031d58     UfsBlockIoLib:UfsBlockIoLib.obj
 0003:00001080       _gEfiNvmExpressPassThruMode 00031e60     NvmExpressLib:NvmExpress.obj
 0003:0000108c       _gNvmExpressDiskInfoProtocolTemplate 00031e6c     NvmExpressLib:NvmExpressDiskInfo.obj
 0003:00001184       _mUsbIoPpiList             00031f64     UsbBusPei:UsbPeim.obj
 0003:00001190       _mUsbIoPpi                 00031f70     UsbBusPei:UsbPeim.obj
 0003:000011b0       _mUsbHubClearPortChangeMap 00031f90     XhciLib:XhcPeim.obj
 0003:000011e0       _mUsbHubPortChangeMap      00031fc0     XhciLib:XhcPeim.obj
 0003:00001200       _mUsbClearPortChangeMap    00031fe0     XhciLib:XhcPeim.obj
 0003:00001220       _mUsbPortChangeMap         00032000     XhciLib:XhcPeim.obj
 0003:00001240       _mUsbPortStateMap          00032020     XhciLib:XhcPeim.obj
 0003:00001270       _mUsbHubPortStateMap       00032050     XhciLib:XhcPeim.obj
 0003:000012a0       __gPcd_BinaryPatch_PcdPayloadHobList 00032080     FirmwareUpdate:AutoGen.obj
 0003:000012a4       __gPcd_BinaryPatch_PcdGlobalDataAddress 00032084     FirmwareUpdate:AutoGen.obj
 0003:000012a8       __gPcd_BinaryPatch_PcdSerialRegisterBase 00032088     FirmwareUpdate:AutoGen.obj
 0003:000012b0       __gPcd_BinaryPatch_PcdSerialRegisterStride 00032090     FirmwareUpdate:AutoGen.obj
 0003:000012b4       __gPcd_BinaryPatch_PcdFwUpdStatusBase 00032094     FirmwareUpdate:AutoGen.obj
 0003:000012b8       _gZeroGuid                 00032098     FirmwareUpdate:AutoGen.obj
 0003:000012c8       __gPcd_BinaryPatch_PcdSerialUseMmio 000320a8     FirmwareUpdate:AutoGen.obj
 0003:000012cc       __gPcd_BinaryPatch_PcdSerialBaudRate 000320ac     FirmwareUpdate:AutoGen.obj
 0003:000012d0       _gEfiPartTypeUnusedGuid    000320b0     FirmwareUpdate:AutoGen.obj
 0003:000012e0       _mFwuSpiService            000320c0     FirmwareUpdate:FirmwareUpdateHelper.obj
 0003:000012e4       _mFreeMapStack             000320c4     FullMemoryAllocationLib:Page.obj
 0003:000012e8       _mMemoryMapKey             000320c8     FullMemoryAllocationLib:Page.obj
 0003:000012ec       _mMapDepth                 000320cc     FullMemoryAllocationLib:Page.obj
 0003:000012f4       _gPrivate                  000320d4     UfsBlockIoLib:UfsBlockIoLib.obj
 0003:000012f8       _mSpiService               000320d8     SpiBlockIoLib:SpiBlockIoLib.obj
 0003:00001380       _mUsbInit                  00032160     <common>
 0003:00001408       _mUsbIoCb                  000321e8     <common>
 0003:00001420       _mCrc32Table               00032200     <common>
 0003:00001820       _mNvmeCtrlPrivate          00032600     <common>
 0003:00001840       _mMultiNvmeDrive           00032620     <common>
 0003:00001868       _mAhciPrivateData          00032648     <common>
 0003:0000186c       _mUsbBlkIoCb               0003264c     <common>
 0003:00001880       _mUsbBlkArray              00032660     <common>
 0003:000018a0       _mUsbBlkCount              00032680     <common>
 0003:000018c0       _mDeviceBlockFuncs         000326a0     <common>
 0003:00001980       _gMemoryLock               00032760     <common>
 0003:000019a0       _mPoolHead                 00032780     <common>
 0003:00002080       _mMemoryTypeStatistics     00032e60     <common>
 0003:00002300       _mMapStack                 000330e0     <common>
 0003:00002450       _mSblImageBiosRgnOffset    00033230     <common>

 entry point at        0001:00000000

 Static symbols

 0001:0000002a       _InternalMemCopyMem.0      0000028a     BaseMemoryLibSse2:CopyMem.obj
 0001:0000003c       _InternalMemCopyMem.1      0000029c     BaseMemoryLibSse2:CopyMem.obj
 0001:0000004e       _InternalMemCopyMem.2      000002ae     BaseMemoryLibSse2:CopyMem.obj
 0001:0000006b       @CopyBackward              000002cb     BaseMemoryLibSse2:CopyMem.obj
 0001:00000072       @CopyBytes                 000002d2     BaseMemoryLibSse2:CopyMem.obj
 0001:000000a2       _InternalMemSetMem32.0     00000302     BaseMemoryLibSse2:SetMem32.obj
 0001:000000b5       _InternalMemSetMem32.1     00000315     BaseMemoryLibSse2:SetMem32.obj
 0001:000000d0       @SetDwords                 00000330     BaseMemoryLibSse2:SetMem32.obj
 0001:000000fd       _InternalMemZeroMem.0      0000035d     BaseMemoryLibSse2:ZeroMem.obj
 0001:0000010b       _InternalMemZeroMem.1      0000036b     BaseMemoryLibSse2:ZeroMem.obj
 0001:00000126       @ZeroBytes                 00000386     BaseMemoryLibSse2:ZeroMem.obj
 0001:0000016c       _InternalMemSetMem64.0     000003cc     BaseMemoryLibSse2:SetMem64.obj
 0001:0000017a       _InternalMemSetMem64.1     000003da     BaseMemoryLibSse2:SetMem64.obj
 0001:00000195       @SetQwords                 000003f5     BaseMemoryLibSse2:SetMem64.obj
 0001:0000019b       @SetQwords.2               000003fb     BaseMemoryLibSse2:SetMem64.obj
 0001:000001a4       @SetQwords.3               00000404     BaseMemoryLibSse2:SetMem64.obj
 0001:000001cf       _InternalMemSetMem.0       0000042f     BaseMemoryLibSse2:SetMem.obj
 0001:000001ef       _InternalMemSetMem.1       0000044f     BaseMemoryLibSse2:SetMem.obj
 0001:00000212       @SetBytes                  00000472     BaseMemoryLibSse2:SetMem.obj
 0001:00000236       _InternalMathDivRemU64x64.0 00000496     BaseLib:DivU64x64Remainder.obj
 0001:0000023b       _@DivRemU64x64             0000049b     BaseLib:DivU64x64Remainder.obj
 0001:0000024e       _@DivRemU64x64.1           000004ae     BaseLib:DivU64x64Remainder.obj
 0001:0000027b       @TooLarge                  000004db     BaseLib:DivU64x64Remainder.obj
 0001:00000286       @Correct                   000004e6     BaseLib:DivU64x64Remainder.obj
 0001:00000291       @Return                    000004f1     BaseLib:DivU64x64Remainder.obj
 0001:000002c8       CetDone                    00000528     BaseLib:LongJump.obj
 0001:000002e8       rn16_ok                    00000548     BaseLib:RdRand.obj
 0001:000002fd       rn32_ok                    0000055d     BaseLib:RdRand.obj
 0001:00000322       rn64_ret                   00000582     BaseLib:RdRand.obj
 0001:00000396       _UpdateSHA256Ni.loop0      000005f6     IppCryptoLib:pcpsha256nias.obj
 0001:0000067f       _UpdateSHA256Ni.done_hash  000008df     IppCryptoLib:pcpsha256nias.obj
 0001:000006a0       SWP_BYTE                   00000900     IppCryptoLib:pcpsha512w7as.obj
 0001:000006a0       pByteSwp                   00000900     IppCryptoLib:pcpsha512w7as.obj
 0001:00000752       sha512_block_loop          000009b2     IppCryptoLib:pcpsha512w7as.obj
 0001:00000780       loop1                      000009e0     IppCryptoLib:pcpsha512w7as.obj
 0001:000007a0       loop2                      00000a00     IppCryptoLib:pcpsha512w7as.obj
 0001:000008a0       loop3                      00000b00     IppCryptoLib:pcpsha512w7as.obj
 0001:000011ff       @Is16BytesZero             0000145f     BaseMemoryLibSse2:IsZeroBuffer.obj
 0001:00001209       @Is16BytesZero.0           00001469     BaseMemoryLibSse2:IsZeroBuffer.obj
 0001:00001221       @IsBytesZero               00001481     BaseMemoryLibSse2:IsZeroBuffer.obj
 0001:00001230       @ReturnFalse               00001490     BaseMemoryLibSse2:IsZeroBuffer.obj
 0001:0000125d       FlushNext                  000014bd     ExtraBaseLib:CpuSupport.obj
 0001:00001265       FlushExit                  000014c5     ExtraBaseLib:CpuSupport.obj
 0001:00001295       NoAvxSupport               000014f5     ExtraBaseLib:CpuSupport.obj
 0001:00001297       _PayloadInit               000014f7 f   PayloadEntryLib:PayloadEntryLib.obj
 0001:00004601       _DisplaySendStatus         00004861 f   FirmwareUpdate:CsmeFwUpdate.obj
 0001:000073e4       _GetPoolIndexFromSize      00007644 f   FullMemoryAllocationLib:Pool.obj
 0001:00009392       _RegisterFileSystems       000095f2 f   FileSystemLib:FileSystemLib.obj
 0001:0000a234       _GetFirstFfsFileInFv       0000a494 f   LiteFvLib:FvLib.obj
 0001:0000a358       _GetContainerBySignature   0000a5b8 f   ContainerLib:ContainerLib.obj
 0001:0000a381       _GetContainerHeaderSize    0000a5e1 f   ContainerLib:ContainerLib.obj
 0001:0000a3c7       _RegisterContainerInternal 0000a627 f   ContainerLib:ContainerLib.obj
 0001:0000a525       _AuthenticateComponent     0000a785 f   ContainerLib:ContainerLib.obj
 0001:0000f164       $LN144                     0000f3c4     UfsBlockIoLib:UfsHci.obj
 0001:0000f210       $LN121                     0000f470     UfsBlockIoLib:UfsHci.obj
 0001:0000fbfc       $LN17                      0000fe5c     UfsBlockIoLib:UfsHci.obj
 0001:00012d51       _GetMaxTransferBlockNumber 00012fb1 f   NvmExpressLib:NvmExpressBlockIo.obj
 0001:00013833       $LN575                     00013a93     NvmExpressLib:NvmExpressPassthru.obj
 0001:00013877       $LN576                     00013ad7     NvmExpressLib:NvmExpressPassthru.obj
 0001:00017808       $LN60                      00017a68     MmcAccessLib:SdMmcPciHci.obj
 0001:0001834b       _BlockMap                  000185ab f   Ext23Lib:Ext2Fs.obj
 0001:000186dc       _SearchDirectory           0001893c f   Ext23Lib:Ext2Fs.obj
 0001:00018e9b       _FindFile                  000190fb f   FatLib:FatLib.obj
 0001:00019889       _UnicodeStrLwr             00019ae9 f   FatLib:FatLiteAccess.obj
 0001:0001a679       _EMSA_PKCSv15              0001a8d9 f   IppCryptoLib:pcpngrsassapkcsv15ca_rmf.obj
 0001:0001a6de       _VerifySing                0001a93e f   IppCryptoLib:pcpngrsassapkcsv15ca_rmf.obj
 0001:0001aadc       _cpFix_BNU                 0001ad3c f   IppCryptoLib:pcpbnu32arith.obj
 0001:0001aadc       _cpFix_BNU                 0001ad3c f   IppCryptoLib:pcpbnumisc.obj
 0001:0001aadc       _cpFix_BNU                 0001ad3c f   IppCryptoLib:pcpngrsaencodec.obj
 0001:0001ac92       _hashInit                  0001aef2 f   IppCryptoLib:pcpsha512ca.obj
 0001:0001acf7       _sha512_384_hashInit       0001af57 f   IppCryptoLib:pcpsha512ca.obj
 0001:0001ad05       _sha512_hashUpdate         0001af65 f   IppCryptoLib:pcpsha512ca.obj
 0001:0001ad1f       _sha512_384_hashOctString  0001af7f f   IppCryptoLib:pcpsha512ca.obj
 0001:0001adf3       _sha512_msgRep             0001b053 f   IppCryptoLib:pcpsha512ca.obj
 0001:0001b313       _gs_mont_mul               0001b573 f   IppCryptoLib:gsmodmethod.obj
 0001:0001b65a       _gs_mont_sqr               0001b8ba f   IppCryptoLib:gsmodmethod.obj
 0001:0001b673       _gs_mont_encode            0001b8d3 f   IppCryptoLib:gsmodmethod.obj
 0001:0001b68c       _gs_mont_decode            0001b8ec f   IppCryptoLib:gsmodmethod.obj
 0001:0001b87c       _cpEqu_BNU_CHUNK           0001badc f   IppCryptoLib:pcpngrsamontstuff.obj
 0001:0001b8a2       _gsMontExp_WinSize         0001bb02 f   IppCryptoLib:pcpngrsamontstuff.obj
 0001:0001bab9       _gsPrvBuffer_gpr           0001bd19 f   IppCryptoLib:pcpngrsamontstuff.obj
 0001:0001e13d       _GetFilledSlots            0001e39d f   HeciLib:HeciCore.obj
 0001:0001e15c       _CheckAndFixHeciForAccess  0001e3bc f   HeciLib:HeciCore.obj
 0001:0001e1f4       _IsMeReady                 0001e454 f   HeciLib:HeciCore.obj
 0001:0001e401       _HeciPacketWrite           0001e661 f   HeciLib:HeciCore.obj
 0002:00003510       _mPoolSizeTable            000269d0     FullMemoryAllocationLib:Pool.obj
 0002:0000aa70       _mTypeStr                  0002df30     Ext23Lib:Ext2FsLs.obj
 0002:0000ad18       _SHA224_fixPS              0002e1d8     IppCryptoLib:pcpngrsassapkcsv15ca_rmf.obj
 0002:0000ad2c       _MD5_fixPS                 0002e1ec     IppCryptoLib:pcpngrsassapkcsv15ca_rmf.obj
 0002:0000ad40       _SHA512_fixPS              0002e200     IppCryptoLib:pcpngrsassapkcsv15ca_rmf.obj
 0002:0000ad54       _SHA256_fixPS              0002e214     IppCryptoLib:pcpngrsassapkcsv15ca_rmf.obj
 0002:0000ad68       _SHA512_256_fixPS          0002e228     IppCryptoLib:pcpngrsassapkcsv15ca_rmf.obj
 0002:0000ad7c       _SHA384_fixPS              0002e23c     IppCryptoLib:pcpngrsassapkcsv15ca_rmf.obj
 0002:0000ad90       _SHA512_224_fixPS          0002e250     IppCryptoLib:pcpngrsassapkcsv15ca_rmf.obj
 0002:0000ada4       _SHA1_fixPS                0002e264     IppCryptoLib:pcpngrsassapkcsv15ca_rmf.obj
 0002:0000adc0       _sha256_cnt                0002e280     IppCryptoLib:pcpsha256ca.obj
 0002:0000aec0       _sha512_384_iv             0002e380     IppCryptoLib:pcpsha512ca.obj
 0002:0000af00       _sha512_cnt                0002e3c0     IppCryptoLib:pcpsha512ca.obj
 0003:000010b0       _pksc15_salt               00031e90     IppCryptoLib:pcpngrsassapkcsv15ca_rmf.obj
 0003:00001100       ?method@?1??ippsHashMethod_SHA256@@9@9 00031ee0     IppCryptoLib:pcpsha256ca.obj
 0003:00001120       ?method@?1??ippsHashMethod_SHA384@@9@9 00031f00     IppCryptoLib:pcpsha512ca.obj
 0003:00001140       ?m@?1??gsModArithRSA@@9@9  00031f20     IppCryptoLib:gsmodmethod.obj
 0003:0000116c       ?m@?1??gsMethod_RSA_gpr_public@@9@9 00031f4c     IppCryptoLib:pcpngrsamontstuff.obj
 0003:000012f0       _mFileSystemRegistered     000320d0     FileSystemLib:FileSystemLib.obj
 0003:00001300       _mFbConsole                000320e0     GraphicsLib:GraphicsLib.obj
 0003:00001338       ?Seed@?1??FatGetCacheBlock@@9@9 00032118     FatLib:FatLiteLib.obj
 0003:00001340       _mFileSystemFuncs          00032120     FileSystemLib:FileSystemLib.obj
