 PciPlatformDxe

 Timestamp is 65f95295 (Tue Mar 19 16:53:41 2024)

 Preferred load address is 0000000000000000

 Start         Length     Name                   Class
 0001:00000000 000000b4H .text                   CODE
 0001:000000b4 000024c6H .text$mn                CODE
 0002:00000000 00001214H .rdata                  DATA
 0002:00001214 00000194H .rdata$voltmd           DATA
 0002:000013a8 00000168H .rdata$zzzdbg           DATA
 0003:00000000 000000c0H .data                   DATA
 0003:000000c0 00000060H .bss                    DATA
 0004:00000000 00000144H .pdata                  DATA
 0005:00000000 00000110H .xdata                  DATA

  Address         Publics by Value              Rva+Base               Lib:Object

 0000:00000000       __arm64x_extra_rfe_table   0000000000000000     <absolute>
 0000:00000000       __x64_code_ranges_to_entry_points 0000000000000000     <absolute>
 0000:00000000       __guard_longjmp_table      0000000000000000     <absolute>
 0000:00000000       __hybrid_code_map          0000000000000000     <absolute>
 0000:00000000       __arm64x_extra_rfe_table_size 0000000000000000     <absolute>
 0000:00000000       __x64_code_ranges_to_entry_points_count 0000000000000000     <absolute>
 0000:00000000       __arm64x_redirection_metadata 0000000000000000     <absolute>
 0000:00000000       __guard_iat_table          0000000000000000     <absolute>
 0000:00000000       __guard_flags              0000000000000000     <absolute>
 0000:00000000       __guard_fids_count         0000000000000000     <absolute>
 0000:00000000       __guard_eh_cont_count      0000000000000000     <absolute>
 0000:00000000       __guard_iat_count          0000000000000000     <absolute>
 0000:00000000       __guard_longjmp_count      0000000000000000     <absolute>
 0000:00000000       __dynamic_value_reloc_table 0000000000000000     <absolute>
 0000:00000000       __hybrid_auxiliary_iat     0000000000000000     <absolute>
 0000:00000000       __hybrid_auxiliary_iat_copy 0000000000000000     <absolute>
 0000:00000000       __AbsoluteZero             0000000000000000     <absolute>
 0000:00000000       __guard_check_icall_a64n_fptr 0000000000000000     <absolute>
 0000:00000000       __guard_fids_table         0000000000000000     <absolute>
 0000:00000000       __arm64x_redirection_metadata_count 0000000000000000     <absolute>
 0000:00000000       __enclave_config           0000000000000000     <absolute>
 0000:00000000       __guard_eh_cont_table      0000000000000000     <absolute>
 0000:00000000       __arm64x_native_entrypoint 0000000000000000     <absolute>
 0000:00000000       __hybrid_code_map_count    0000000000000000     <absolute>
 0001:00000000       InternalMemSetMem          00000000000002c0     BaseMemoryLibRepStr:SetMem.obj
 0001:00000020       InternalMemCopyMem         00000000000002e0     BaseMemoryLibRepStr:CopyMem.obj
 0001:00000060       InternalMemZeroMem         0000000000000320     BaseMemoryLibRepStr:ZeroMem.obj
 0001:00000080       InternalMemSetMem64        0000000000000340     BaseMemoryLibRepStr:SetMem64.obj
 0001:000000a0       InternalMemSetMem32        0000000000000360     BaseMemoryLibRepStr:SetMem32.obj
 0001:000000b4       _ModuleEntryPoint          0000000000000374 f   UefiDriverEntryPoint:DriverEntryPoint.obj
 0001:000000e8       ProcessLibraryConstructorList 00000000000003a8 f   PciPlatformDxe:AutoGen.obj
 0001:00000364       GetPpbMem32Range           0000000000000624 f   PciPlatformDxe:PciPlatformDxe.obj
 0001:00000494       PhaseNotify                0000000000000754 f   PciPlatformDxe:PciPlatformDxe.obj
 0001:00000494       PlatformPrepController     0000000000000754 f   PciPlatformDxe:PciPlatformDxe.obj
 0001:000004a0       GetPlatformPolicy          0000000000000760 f   PciPlatformDxe:PciPlatformDxe.obj
 0001:000004ac       GetPciRom                  000000000000076c f   PciPlatformDxe:PciPlatformDxe.obj
 0001:00000828       DebugPrint                 0000000000000ae8 f   BaseDebugLibSerialPort:DebugLib.obj
 0001:0000084c       DebugPrintMarker           0000000000000b0c f   BaseDebugLibSerialPort:DebugLib.obj
 0001:000008e4       DebugAssert                0000000000000ba4 f   BaseDebugLibSerialPort:DebugLib.obj
 0001:00000964       InternalAllocatePool       0000000000000c24 f   UefiMemoryAllocationLib:MemoryAllocationLib.obj
 0001:00000994       FreePool                   0000000000000c54 f   UefiMemoryAllocationLib:MemoryAllocationLib.obj
 0001:000009f0       EfiGetSystemConfigurationTable 0000000000000cb0 f   UefiLib:UefiLib.obj
 0001:00000ac8       GetHobList                 0000000000000d88 f   DxeHobLib:HobLib.obj
 0001:00000b6c       GetNextHob                 0000000000000e2c f   DxeHobLib:HobLib.obj
 0001:00000bc4       PlatformHookSerialPortInitialize 0000000000000e84 f   PlatformHookLib:PlatformHookLib.obj
 0001:00000c90       CopyMem                    0000000000000f50 f   BaseMemoryLibRepStr:CopyMemWrapper.obj
 0001:00000d24       CompareGuid                0000000000000fe4 f   BaseMemoryLibRepStr:MemLibGuid.obj
 0001:00000e1c       AsciiStrLen                00000000000010dc f   BaseLib:String.obj
 0001:00000e9c       StrnLenS                   000000000000115c f   BaseLib:SafeString.obj
 0001:00000efc       AsciiSPrint                00000000000011bc f   BasePrintLib:PrintLib.obj
 0001:00000f28       BasePrintLibFillBuffer     00000000000011e8 f   BasePrintLib:PrintLibInternal.obj
 0001:00000f5c       BasePrintLibValueToString  000000000000121c f   BasePrintLib:PrintLibInternal.obj
 0001:00000fd0       BasePrintLibSPrintMarker   0000000000001290 f   BasePrintLib:PrintLibInternal.obj
 0001:00001fd0       BasePrintLibSPrint         0000000000002290 f   BasePrintLib:PrintLibInternal.obj
 0001:00001ff4       SerialPortReadRegister     00000000000022b4 f   BaseSerialPortLib16550:BaseSerialPortLib16550.obj
 0001:00002028       SerialPortWriteRegister    00000000000022e8 f   BaseSerialPortLib16550:BaseSerialPortLib16550.obj
 0001:00002064       SerialPortInitialize       0000000000002324 f   BaseSerialPortLib16550:BaseSerialPortLib16550.obj
 0001:00002228       SerialPortWrite            00000000000024e8 f   BaseSerialPortLib16550:BaseSerialPortLib16550.obj
 0001:00002378       GetGuidHobDataFromSbl      0000000000002638 f   SblParseLib:SblParseLib.obj
 0001:00002444       MmioRead32                 0000000000002704 f   BaseIoLibIntrinsic:IoLib.obj
 0001:0000247c       PciExpressRead32           000000000000273c f   BasePciExpressLib:PciExpressLib.obj
 0001:000024cc       GetPcdProtocol             000000000000278c f   DxePcdLib:DxePcdLib.obj
 0002:00000000       ??_C@_0CB@DMEJJJHA@?6ASSERT_EFI_ERROR?5?$CIStatus?5?$DN?5?$CFr?$CJ@ 0000000000002840     UefiDriverEntryPoint:DriverEntryPoint.obj
 0002:00000028       ??_C@_0BE@DCHLEIGN@?$CBEFI_ERROR?5?$CIStatus?$CJ@ 0000000000002868     UefiDriverEntryPoint:DriverEntryPoint.obj
 0002:00000040       ??_C@_0P@DAJMCCGM@PciPlatformDxe@ 0000000000002880     PciPlatformDxe:AutoGen.obj
 0002:00000050       ??_C@_0CE@IBFOBMLB@?6ASSERT_RETURN_ERROR?5?$CIStatus?5?$DN?5@ 0000000000002890     PciPlatformDxe:AutoGen.obj
 0002:00000078       ??_C@_0BH@BACADMEC@?$CBRETURN_ERROR?5?$CIStatus?$CJ@ 00000000000028b8     PciPlatformDxe:AutoGen.obj
 0002:00000090       ??_C@_0IL@JIMBCBFD@e?3?2code?2adl_n100_code?2uefipldpl@ 00000000000028d0     PciPlatformDxe:AutoGen.obj
 0002:00000120       ??_C@_0DA@OMPMLDIA@GetPpbMem32Range?3?5?$FL?$CF02X?$HM?$CF02X?$HM?$CF0@ 0000000000002960     PciPlatformDxe:PciPlatformDxe.obj
 0002:00000150       ??_C@_0BF@NDBIKIKC@CR?5has?5Bad?5Signature@ 0000000000002990     PciPlatformDxe:PciPlatformDxe.obj
 0002:00000170       ??_C@_0FP@MKOBPPCH@e?3?2code?2adl_n100_code?2uefipldpl@ 00000000000029b0     PciPlatformDxe:PciPlatformDxe.obj
 0002:000001d0       ??_C@_0BH@LKMBFCBF@Format?5?$CB?$DN?5?$CI?$CIvoid?5?$CK?$CJ?50?$CJ@ 0000000000002a10     BaseDebugLibSerialPort:DebugLib.obj
 0002:000001f0       ??_C@_0GA@HBBJHLGK@e?3?2code?2adl_n100_code?2uefipldpl@ 0000000000002a30     BaseDebugLibSerialPort:DebugLib.obj
 0002:00000250       ??_C@_0BI@NOCKJDBJ@ASSERT?5?$FL?$CFa?$FN?5?$CFa?$CI?$CFd?$CJ?3?5?$CFa?6@ 0000000000002a90     BaseDebugLibSerialPort:DebugLib.obj
 0002:00000268       ??_C@_0BH@IACGKAP@Buffer?5?$CB?$DN?5?$CI?$CIvoid?5?$CK?$CJ?50?$CJ@ 0000000000002aa8     BaseDebugLibSerialPort:DebugLib.obj
 0002:00000280       ??_C@_0GM@CBJAAOLO@e?3?2code?2adl_n100_code?2uefipldpl@ 0000000000002ac0     UefiMemoryAllocationLib:MemoryAllocationLib.obj
 0002:000002f0       ??_C@_0BE@OBDFIHND@gRT?5?$CB?$DN?5?$CI?$CIvoid?5?$CK?$CJ?50?$CJ@ 0000000000002b30     UefiRuntimeServicesTableLib:UefiRuntimeServicesTableLib.obj
 0002:00000310       ??_C@_0HI@DCCKLNND@e?3?2code?2adl_n100_code?2uefipldpl@ 0000000000002b50     UefiRuntimeServicesTableLib:UefiRuntimeServicesTableLib.obj
 0002:00000388       ??_C@_0BN@COECPDCC@gImageHandle?5?$CB?$DN?5?$CI?$CIvoid?5?$CK?$CJ?50?$CJ@ 0000000000002bc8     UefiBootServicesTableLib:UefiBootServicesTableLib.obj
 0002:000003b0       ??_C@_0HC@EIFDGPFB@e?3?2code?2adl_n100_code?2uefipldpl@ 0000000000002bf0     UefiBootServicesTableLib:UefiBootServicesTableLib.obj
 0002:00000428       ??_C@_0BE@DGNHAHIL@gST?5?$CB?$DN?5?$CI?$CIvoid?5?$CK?$CJ?50?$CJ@ 0000000000002c68     UefiBootServicesTableLib:UefiBootServicesTableLib.obj
 0002:00000440       ??_C@_0BE@BDFJLGLN@gBS?5?$CB?$DN?5?$CI?$CIvoid?5?$CK?$CJ?50?$CJ@ 0000000000002c80     UefiBootServicesTableLib:UefiBootServicesTableLib.obj
 0002:00000458       ??_C@_0BK@PPOBBAMB@TableGuid?5?$CB?$DN?5?$CI?$CIvoid?5?$CK?$CJ?50?$CJ@ 0000000000002c98     UefiLib:UefiLib.obj
 0002:00000480       ??_C@_0FA@CCBFNMAA@e?3?2code?2adl_n100_code?2uefipldpl@ 0000000000002cc0     UefiLib:UefiLib.obj
 0002:000004d0       ??_C@_0BG@JDKEGFNB@Table?5?$CB?$DN?5?$CI?$CIvoid?5?$CK?$CJ?50?$CJ@ 0000000000002d10     UefiLib:UefiLib.obj
 0002:000004f0       ??_C@_0FB@KBFNGELC@e?3?2code?2adl_n100_code?2uefipldpl@ 0000000000002d30     DxeHobLib:HobLib.obj
 0002:00000548       ??_C@_0BJ@OBFMLLDO@mHobList?5?$CB?$DN?5?$CI?$CIvoid?5?$CK?$CJ?50?$CJ@ 0000000000002d88     DxeHobLib:HobLib.obj
 0002:00000568       ??_C@_0BJ@NOLLDKJB@HobStart?5?$CB?$DN?5?$CI?$CIvoid?5?$CK?$CJ?50?$CJ@ 0000000000002da8     DxeHobLib:HobLib.obj
 0002:00000588       ??_C@_0BC@FEDIJHFF@?$CI?$CIBOOLEAN?$CJ?$CI0?$DN?$DN1?$CJ?$CJ@ 0000000000002dc8     DxeHobLib:HobLib.obj
 0002:000005a0       ??_C@_0GI@LPNMDOHD@e?3?2code?2adl_n100_code?2uefipldpl@ 0000000000002de0     DxeServicesTableLib:DxeServicesTableLib.obj
 0002:00000608       ??_C@_0BE@IOIFLNKO@gDS?5?$CB?$DN?5?$CI?$CIvoid?5?$CK?$CJ?50?$CJ@ 0000000000002e48     DxeServicesTableLib:DxeServicesTableLib.obj
 0002:00000620       ??_C@_0ED@MKGCMJG@?$CILength?5?9?51?$CJ?5?$DM?$DN?5?$CI0xFFFFFFFFFFFF@ 0000000000002e60     BaseMemoryLibRepStr:CopyMemWrapper.obj
 0002:00000670       ??_C@_0GD@KEIKLFBO@e?3?2code?2adl_n100_code?2uefipldpl@ 0000000000002eb0     BaseMemoryLibRepStr:CopyMemWrapper.obj
 0002:000006d8       ??_C@_0DO@MAOBOFEG@?$CILength?5?9?51?$CJ?5?$DM?$DN?5?$CI0xFFFFFFFFFFFF@ 0000000000002f18     BaseMemoryLibRepStr:CopyMemWrapper.obj
 0002:00000720       ??_C@_0EP@EKIACOFF@e?3?2code?2adl_n100_code?2uefipldpl@ 0000000000002f60     BaseLib:String.obj
 0002:00000770       ??_C@_0BH@MAAHKCPC@String?5?$CB?$DN?5?$CI?$CIvoid?5?$CK?$CJ?50?$CJ@ 0000000000002fb0     BaseLib:String.obj
 0002:00000788       ??_C@_0CD@BDCLIGHD@?$CI?$CIUINTN?$CJ?5String?5?$CG?50x00000001?$CJ?5?$DN@ 0000000000002fc8     BaseLib:String.obj
 0002:000007b0       ??_C@_0DI@MDIKFADO@Length?5?$DM?5_gPcd_FixedAtBuild_Pcd@ 0000000000002ff0     BaseLib:String.obj
 0002:000007f0       ??_C@_0FC@OLDIOFBJ@e?3?2code?2adl_n100_code?2uefipldpl@ 0000000000003030     BaseLib:Unaligned.obj
 0002:00000850       ??_C@_0FD@GHHGINGE@e?3?2code?2adl_n100_code?2uefipldpl@ 0000000000003090     BaseLib:SafeString.obj
 0002:000008a8       ??_C@_0N@KGHEHMDL@Divisor?5?$CB?$DN?50@ 00000000000030e8     BaseLib:DivU64x32.obj
 0002:000008c0       ??_C@_0FO@GLOLNBHK@e?3?2code?2adl_n100_code?2uefipldpl@ 0000000000003100     BasePrintLib:PrintLibInternal.obj
 0002:00000920       ??_C@_0BJ@CNKJJNE@?$CIBuffer?5?$CB?$DN?5?$CI?$CIvoid?5?$CK?$CJ?50?$CJ?$CJ@ 0000000000003160     BasePrintLib:PrintLibInternal.obj
 0002:00000940       ??_C@_0EB@HDGIDCIO@?$CIBufferSize?5?$DM?$DN?5?$CI_gPcd_FixedAtBu@ 0000000000003180     BasePrintLib:PrintLibInternal.obj
 0002:00000988       ??_C@_0BJ@PPAKKDJG@?$CIFormat?5?$CB?$DN?5?$CI?$CIvoid?5?$CK?$CJ?50?$CJ?$CJ@ 00000000000031c8     BasePrintLib:PrintLibInternal.obj
 0002:000009b0       ??_C@_0ED@LPDDCECB@?$CIBufferSize?5?$DM?$DN?5?$CI_gPcd_FixedAtBu@ 00000000000031f0     BasePrintLib:PrintLibInternal.obj
 0002:00000a00       ??_C@_0IM@BFJJFLGB@?$CIStrnLenS?5?$CI?$CICHAR16?5?$CK?$CJFormat?0?5?$CI_@ 0000000000003240     BasePrintLib:PrintLibInternal.obj
 0002:00000a90       ??_C@_0ID@PLGJGION@?$CIAsciiStrnLenS?5?$CIFormat?0?5?$CI_gPcd_@ 00000000000032d0     BasePrintLib:PrintLibInternal.obj
 0002:00000b18       ??_C@_0O@MLOLIMFM@?$DMnull?5string?$DO@ 0000000000003358     BasePrintLib:PrintLibInternal.obj
 0002:00000b28       ??_C@_0M@BJJDNPHK@?$DMnull?5guid?$DO@ 0000000000003368     BasePrintLib:PrintLibInternal.obj
 0002:00000b38       ??_C@_0DB@PMLHLBMO@?$CF08x?9?$CF04x?9?$CF04x?9?$CF02x?$CF02x?9?$CF02x?$CF02@ 0000000000003378     BasePrintLib:PrintLibInternal.obj
 0002:00000b70       ??_C@_0M@LHGBCIKM@?$DMnull?5time?$DO@ 00000000000033b0     BasePrintLib:PrintLibInternal.obj
 0002:00000b80       ??_C@_0BK@FCPKCIDD@?$CF02d?1?$CF02d?1?$CF04d?5?5?$CF02d?3?$CF02d@ 00000000000033c0     BasePrintLib:PrintLibInternal.obj
 0002:00000b9c       ??_C@_04JIMNDDED@?$CF08X@  00000000000033dc     BasePrintLib:PrintLibInternal.obj
 0002:00000ba4       ??_C@_02PCIJFNDE@?$AN?6@   00000000000033e4     BasePrintLib:PrintLibInternal.obj
 0002:00000ba8       ??_C@_01LIIJDEN@?$AN@      00000000000033e8     BasePrintLib:PrintLibInternal.obj
 0002:00000bb0       mWarningString             00000000000033f0     BasePrintLib:PrintLibInternal.obj
 0002:00000c50       mErrorString               0000000000003490     BasePrintLib:PrintLibInternal.obj
 0002:00000f10       mHexStr                    0000000000003750     BasePrintLib:PrintLibInternal.obj
 0002:00000f20       ??_C@_0HM@INGECGBC@e?3?2code?2adl_n100_code?2uefipldpl@ 0000000000003760     SblParseLib:SblParseLib.obj
 0002:00000fa0       ??_C@_0BF@GKGPMHBK@HandoffTable?5?$DN?50x?$CFp?6@ 00000000000037e0     SblParseLib:SblParseLib.obj
 0002:00000fb8       ??_C@_0BO@JGHCOEDD@?6?6ERROR?5?5the?5hob?5check?5fail?4?6@ 00000000000037f8     SblParseLib:SblParseLib.obj
 0002:00000fd8       ??_C@_0BI@NCGMODPG@HobList?5?$CB?$DN?5?$CI?$CIvoid?5?$CK?$CJ?50?$CJ@ 0000000000003818     SblParseLib:SblParseLib.obj
 0002:00000ff0       ??_C@_0FL@HLNNCKBP@e?3?2code?2adl_n100_code?2uefipldpl@ 0000000000003830     BaseLib:DivU64x32Remainder.obj
 0002:00001050       ??_C@_0FJ@GBGHCPBH@e?3?2code?2adl_n100_code?2uefipldpl@ 0000000000003890     BaseIoLibIntrinsic:IoLib.obj
 0002:000010b0       ??_C@_0BD@OMMAJMCK@?$CIAddress?5?$CG?53?$CJ?5?$DN?$DN?50@ 00000000000038f0     BaseIoLibIntrinsic:IoLib.obj
 0002:000010c8       ??_C@_0BO@BAKALPJK@?$CI?$CIAddress?$CJ?5?$CG?5?$HO0xfffffff?$CJ?5?$DN?$DN?50@ 0000000000003908     BasePciExpressLib:PciExpressLib.obj
 0002:000010f0       ??_C@_0GA@NDAEIBGJ@e?3?2code?2adl_n100_code?2uefipldpl@ 0000000000003930     BasePciExpressLib:PciExpressLib.obj
 0002:00001150       ??_C@_0FE@EJOAIEGJ@e?3?2code?2adl_n100_code?2uefipldpl@ 0000000000003990     DxePcdLib:DxePcdLib.obj
 0002:000011a8       ??_C@_0BF@OOKDELHM@mPcd?5?$CB?$DN?5?$CI?$CIvoid?5?$CK?$CJ?50?$CJ@ 00000000000039e8     DxePcdLib:DxePcdLib.obj
 0002:00001214       __volatile_metadata        0000000000003a54     <linker-defined>
 0003:00000000       gUefiSerialPortInfoGuid    0000000000003d60     PciPlatformDxe:AutoGen.obj
 0003:00000010       gPcdProtocolGuid           0000000000003d70     PciPlatformDxe:AutoGen.obj
 0003:00000020       _gPcd_BinaryPatch_PcdPciSerialParameters 0000000000003d80     PciPlatformDxe:AutoGen.obj
 0003:00000040       gEfiPciIoProtocolGuid      0000000000003da0     PciPlatformDxe:AutoGen.obj
 0003:00000050       _gPcd_BinaryPatch_PcdSerialLineControl 0000000000003db0     PciPlatformDxe:AutoGen.obj
 0003:00000051       _gPcd_BinaryPatch_PcdSerialUseMmio 0000000000003db1     PciPlatformDxe:AutoGen.obj
 0003:00000054       _gPcd_BinaryPatch_PcdDebugPrintErrorLevel 0000000000003db4     PciPlatformDxe:AutoGen.obj
 0003:00000058       _gPcd_BinaryPatch_PcdDebugPropertyMask 0000000000003db8     PciPlatformDxe:AutoGen.obj
 0003:00000060       gEfiHobListGuid            0000000000003dc0     PciPlatformDxe:AutoGen.obj
 0003:00000070       gEfiPciPlatformProtocolGuid 0000000000003dd0     PciPlatformDxe:AutoGen.obj
 0003:00000080       _gPcd_BinaryPatch_PcdSerialFifoControl 0000000000003de0     PciPlatformDxe:AutoGen.obj
 0003:00000088       gEfiDxeServicesTableGuid   0000000000003de8     PciPlatformDxe:AutoGen.obj
 0003:00000098       _gPcd_BinaryPatch_PcdSerialExtendedTxFifoSize 0000000000003df8     PciPlatformDxe:AutoGen.obj
 0003:000000a0       mPciPlatform               0000000000003e00     PciPlatformDxe:PciPlatformDxe.obj
 0003:000000c0       _gPcd_BinaryPatch_PcdSerialRegisterBase 0000000000003e20     PciPlatformDxe:AutoGen.obj
 0003:000000c8       _gPcd_BinaryPatch_PcdSerialRegisterStride 0000000000003e28     PciPlatformDxe:AutoGen.obj
 0003:000000cc       _gPcd_BinaryPatch_PcdSerialDetectCable 0000000000003e2c     PciPlatformDxe:AutoGen.obj
 0003:000000cd       _gPcd_BinaryPatch_PcdSerialUseHardwareFlowControl 0000000000003e2d     PciPlatformDxe:AutoGen.obj
 0003:000000d0       _gPcd_BinaryPatch_PcdUartDefaultBaudRate 0000000000003e30     PciPlatformDxe:AutoGen.obj
 0003:000000d8       _gPcd_BinaryPatch_PcdSerialClockRate 0000000000003e38     PciPlatformDxe:AutoGen.obj
 0003:000000dc       _gPcd_BinaryPatch_PcdSerialBaudRate 0000000000003e3c     PciPlatformDxe:AutoGen.obj
 0003:000000e0       gRT                        0000000000003e40     UefiRuntimeServicesTableLib:UefiRuntimeServicesTableLib.obj
 0003:000000e8       gST                        0000000000003e48     UefiBootServicesTableLib:UefiBootServicesTableLib.obj
 0003:000000f0       gBS                        0000000000003e50     UefiBootServicesTableLib:UefiBootServicesTableLib.obj
 0003:000000f8       gImageHandle               0000000000003e58     UefiBootServicesTableLib:UefiBootServicesTableLib.obj
 0003:00000100       mHobList                   0000000000003e60     DxeHobLib:HobLib.obj
 0003:00000108       gDS                        0000000000003e68     DxeServicesTableLib:DxeServicesTableLib.obj
 0003:00000110       mPcd                       0000000000003e70     DxePcdLib:DxePcdLib.obj
 0003:00000118       mPciPlatformHandle         0000000000003e78     <common>

 entry point at        0001:000000b4

 Static symbols

 0001:0000003a       InternalMemCopyMem.0       00000000000002fa     BaseMemoryLibRepStr:CopyMem.obj
 0001:0000004a       @CopyBackward              000000000000030a     BaseMemoryLibRepStr:CopyMem.obj
 0001:00000053       @CopyBytes                 0000000000000313     BaseMemoryLibRepStr:CopyMem.obj
 0005:00000000       $unwind$GetHobList         0000000000003fe0     DxeHobLib:HobLib.obj
 0005:00000000       $unwind$GetPcdProtocol     0000000000003fe0     DxePcdLib:DxePcdLib.obj
 0005:00000000       $unwind$_ModuleEntryPoint  0000000000003fe0     UefiDriverEntryPoint:DriverEntryPoint.obj
 0005:00000000       $unwind$FreePool           0000000000003fe0     UefiMemoryAllocationLib:MemoryAllocationLib.obj
 0005:00000000       $unwind$InternalAllocatePool 0000000000003fe0     UefiMemoryAllocationLib:MemoryAllocationLib.obj
 0005:00000008       $unwind$ProcessLibraryConstructorList 0000000000003fe8     PciPlatformDxe:AutoGen.obj
 0005:00000018       $unwind$GetPpbMem32Range   0000000000003ff8     PciPlatformDxe:PciPlatformDxe.obj
 0005:0000002c       $unwind$GetPciRom          000000000000400c     PciPlatformDxe:PciPlatformDxe.obj
 0005:00000048       $unwind$DebugPrint         0000000000004028     BaseDebugLibSerialPort:DebugLib.obj
 0005:00000050       $unwind$DebugPrintMarker   0000000000004030     BaseDebugLibSerialPort:DebugLib.obj
 0005:00000064       $unwind$DebugAssert        0000000000004044     BaseDebugLibSerialPort:DebugLib.obj
 0005:0000006c       $unwind$SerialPortInitialize 000000000000404c     BaseSerialPortLib16550:BaseSerialPortLib16550.obj
 0005:0000006c       $unwind$EfiGetSystemConfigurationTable 000000000000404c     UefiLib:UefiLib.obj
 0005:00000084       $unwind$MmioRead32         0000000000004064     BaseIoLibIntrinsic:IoLib.obj
 0005:00000084       $unwind$StrnLenS           0000000000004064     BaseLib:SafeString.obj
 0005:00000084       $unwind$PciExpressRead32   0000000000004064     BasePciExpressLib:PciExpressLib.obj
 0005:00000084       $unwind$GetNextHob         0000000000004064     DxeHobLib:HobLib.obj
 0005:0000008c       $unwind$PlatformHookSerialPortInitialize 000000000000406c     PlatformHookLib:PlatformHookLib.obj
 0005:00000094       $unwind$AsciiStrLen        0000000000004074     BaseLib:String.obj
 0005:00000094       $unwind$CopyMem            0000000000004074     BaseMemoryLibRepStr:CopyMemWrapper.obj
 0005:00000094       $unwind$GetGuidHobDataFromSbl 0000000000004074     SblParseLib:SblParseLib.obj
 0005:000000a0       $unwind$CompareGuid        0000000000004080     BaseMemoryLibRepStr:MemLibGuid.obj
 0005:000000bc       $unwind$AsciiSPrint        000000000000409c     BasePrintLib:PrintLib.obj
 0005:000000c4       $unwind$BasePrintLibValueToString 00000000000040a4     BasePrintLib:PrintLibInternal.obj
 0005:000000d4       $unwind$BasePrintLibSPrintMarker 00000000000040b4     BasePrintLib:PrintLibInternal.obj
 0005:000000f0       $unwind$BasePrintLibSPrint 00000000000040d0     BasePrintLib:PrintLibInternal.obj
 0005:000000f8       $unwind$SerialPortWrite    00000000000040d8     BaseSerialPortLib16550:BaseSerialPortLib16550.obj
