 SmmControlDxe

 Timestamp is 65f952a9 (Tue Mar 19 16:54:01 2024)

 Preferred load address is 0000000000000000

 Start         Length     Name                   Class
 0001:00000000 000000b4H .text                   CODE
 0001:000000b4 00002496H .text$mn                CODE
 0002:00000000 00001274H .rdata                  DATA
 0002:00001274 000001d8H .rdata$voltmd           DATA
 0002:0000144c 00000168H .rdata$zzzdbg           DATA
 0003:00000000 000000c0H .data                   DATA
 0003:000000c0 0000006cH .bss                    DATA
 0004:00000000 0000015cH .pdata                  DATA
 0005:00000000 00000118H .xdata                  DATA

  Address         Publics by Value              Rva+Base               Lib:Object

 0000:00000000       __arm64x_extra_rfe_table   0000000000000000     <absolute>
 0000:00000000       __x64_code_ranges_to_entry_points 0000000000000000     <absolute>
 0000:00000000       __guard_longjmp_table      0000000000000000     <absolute>
 0000:00000000       __hybrid_code_map          0000000000000000     <absolute>
 0000:00000000       __arm64x_extra_rfe_table_size 0000000000000000     <absolute>
 0000:00000000       __x64_code_ranges_to_entry_points_count 0000000000000000     <absolute>
 0000:00000000       __arm64x_redirection_metadata 0000000000000000     <absolute>
 0000:00000000       __guard_iat_table          0000000000000000     <absolute>
 0000:00000000       __guard_fids_count         0000000000000000     <absolute>
 0000:00000000       __guard_flags              0000000000000000     <absolute>
 0000:00000000       __guard_eh_cont_count      0000000000000000     <absolute>
 0000:00000000       __guard_iat_count          0000000000000000     <absolute>
 0000:00000000       __guard_longjmp_count      0000000000000000     <absolute>
 0000:00000000       __dynamic_value_reloc_table 0000000000000000     <absolute>
 0000:00000000       __hybrid_auxiliary_iat     0000000000000000     <absolute>
 0000:00000000       __hybrid_auxiliary_iat_copy 0000000000000000     <absolute>
 0000:00000000       __AbsoluteZero             0000000000000000     <absolute>
 0000:00000000       __guard_check_icall_a64n_fptr 0000000000000000     <absolute>
 0000:00000000       __guard_fids_table         0000000000000000     <absolute>
 0000:00000000       __arm64x_redirection_metadata_count 0000000000000000     <absolute>
 0000:00000000       __enclave_config           0000000000000000     <absolute>
 0000:00000000       __guard_eh_cont_table      0000000000000000     <absolute>
 0000:00000000       __arm64x_native_entrypoint 0000000000000000     <absolute>
 0000:00000000       __hybrid_code_map_count    0000000000000000     <absolute>
 0001:00000000       InternalMemCopyMem         0000000000001000     BaseMemoryLibRepStr:CopyMem.obj
 0001:00000040       InternalMemSetMem          0000000000001040     BaseMemoryLibRepStr:SetMem.obj
 0001:00000060       InternalMemZeroMem         0000000000001060     BaseMemoryLibRepStr:ZeroMem.obj
 0001:00000080       InternalMemSetMem64        0000000000001080     BaseMemoryLibRepStr:SetMem64.obj
 0001:000000a0       InternalMemSetMem32        00000000000010a0     BaseMemoryLibRepStr:SetMem32.obj
 0001:000000b4       _ModuleEntryPoint          00000000000010b4 f   UefiDriverEntryPoint:DriverEntryPoint.obj
 0001:000000c8       ProcessLibraryConstructorList 00000000000010c8 f   SmmControlDxe:AutoGen.obj
 0001:00000280       Activate                   0000000000001280 f   SmmControlDxe:SmmControlDriver.obj
 0001:00000364       Deactivate                 0000000000001364 f   SmmControlDxe:SmmControlDriver.obj
 0001:0000039c       SmmControlReadyToLockCallBack 000000000000139c f   SmmControlDxe:SmmControlDriver.obj
 0001:00000514       SmmControl2Init            0000000000001514 f   SmmControlDxe:SmmControlDriver.obj
 0001:00000800       CopyMem                    0000000000001800 f   BaseMemoryLibRepStr:CopyMemWrapper.obj
 0001:000008a4       IoRead32                   00000000000018a4 f   BaseIoLibIntrinsic:IoLibMsc.obj
 0001:000008e0       IoWrite32                  00000000000018e0 f   BaseIoLibIntrinsic:IoLibMsc.obj
 0001:0000092c       MmioRead32                 000000000000192c f   BaseIoLibIntrinsic:IoLib.obj
 0001:00000964       MmioWrite32                0000000000001964 f   BaseIoLibIntrinsic:IoLib.obj
 0001:000009ac       PlatformHookSerialPortInitialize 00000000000019ac f   PlatformHookLib:PlatformHookLib.obj
 0001:00000a80       DebugPrint                 0000000000001a80 f   BaseDebugLibSerialPort:DebugLib.obj
 0001:00000aa4       DebugPrintMarker           0000000000001aa4 f   BaseDebugLibSerialPort:DebugLib.obj
 0001:00000b3c       DebugAssert                0000000000001b3c f   BaseDebugLibSerialPort:DebugLib.obj
 0001:00000bbc       GetHobList                 0000000000001bbc f   DxeHobLib:HobLib.obj
 0001:00000cd4       GetNextHob                 0000000000001cd4 f   DxeHobLib:HobLib.obj
 0001:00000d2c       AsciiStrLen                0000000000001d2c f   BaseLib:String.obj
 0001:00000dac       StrnLenS                   0000000000001dac f   BaseLib:SafeString.obj
 0001:00000e0c       CompareGuid                0000000000001e0c f   BaseMemoryLibRepStr:MemLibGuid.obj
 0001:00000f04       PciExpressRead32           0000000000001f04 f   BasePciExpressLib:PciExpressLib.obj
 0001:00000f54       GetGuidHobDataFromSbl      0000000000001f54 f   SblParseLib:SblParseLib.obj
 0001:00001020       SerialPortReadRegister     0000000000002020 f   BaseSerialPortLib16550:BaseSerialPortLib16550.obj
 0001:00001054       SerialPortWriteRegister    0000000000002054 f   BaseSerialPortLib16550:BaseSerialPortLib16550.obj
 0001:00001090       SerialPortInitialize       0000000000002090 f   BaseSerialPortLib16550:BaseSerialPortLib16550.obj
 0001:00001254       SerialPortWrite            0000000000002254 f   BaseSerialPortLib16550:BaseSerialPortLib16550.obj
 0001:000013a4       AsciiSPrint                00000000000023a4 f   BasePrintLib:PrintLib.obj
 0001:000013d0       BasePrintLibFillBuffer     00000000000023d0 f   BasePrintLib:PrintLibInternal.obj
 0001:00001404       BasePrintLibValueToString  0000000000002404 f   BasePrintLib:PrintLibInternal.obj
 0001:00001478       BasePrintLibSPrintMarker   0000000000002478 f   BasePrintLib:PrintLibInternal.obj
 0001:00002478       BasePrintLibSPrint         0000000000003478 f   BasePrintLib:PrintLibInternal.obj
 0001:0000249c       GetPcdProtocol             000000000000349c f   DxePcdLib:DxePcdLib.obj
 0002:00000000       ??_C@_0CB@DMEJJJHA@?6ASSERT_EFI_ERROR?5?$CIStatus?5?$DN?5?$CFr?$CJ@ 0000000000004000     UefiDriverEntryPoint:DriverEntryPoint.obj
 0002:00000028       ??_C@_0BE@DCHLEIGN@?$CBEFI_ERROR?5?$CIStatus?$CJ@ 0000000000004028     UefiDriverEntryPoint:DriverEntryPoint.obj
 0002:00000040       ??_C@_0O@NBHINFFG@SmmControlDxe@ 0000000000004040     SmmControlDxe:AutoGen.obj
 0002:00000050       ??_C@_0CE@IBFOBMLB@?6ASSERT_RETURN_ERROR?5?$CIStatus?5?$DN?5@ 0000000000004050     SmmControlDxe:AutoGen.obj
 0002:00000078       ??_C@_0BH@BACADMEC@?$CBRETURN_ERROR?5?$CIStatus?$CJ@ 0000000000004078     SmmControlDxe:AutoGen.obj
 0002:00000090       ??_C@_0IJ@KNILLIFH@e?3?2code?2adl_n100_code?2uefipldpl@ 0000000000004090     SmmControlDxe:AutoGen.obj
 0002:00000120       ??_C@_0DI@EOOFDGCI@ERROR?3?5not?5supported?5regtype?5?$CI0@ 0000000000004120     SmmControlDxe:SmmControlDriver.obj
 0002:00000158       ??_C@_0BG@DAPCKBIA@?5?5?5Smi?5Deactivate?4?4?4?6@ 0000000000004158     SmmControlDxe:SmmControlDriver.obj
 0002:00000170       ??_C@_0EB@MLBLPDHD@ERROR?3?5not?5supported?5SMI?5lock?5r@ 0000000000004170     SmmControlDxe:SmmControlDriver.obj
 0002:000001b8       ??_C@_0BC@DDKLLACE@SMI?5LOCK?5is?5set?4?6@ 00000000000041b8     SmmControlDxe:SmmControlDriver.obj
 0002:000001d0       ??_C@_0BC@GAEIEAKI@RegType?5?5?5?$DN?50x?$CFx?6@ 00000000000041d0     SmmControlDxe:SmmControlDriver.obj
 0002:000001e8       ??_C@_0BC@JIAPIDMI@RegWidth?5?5?$DN?50x?$CFx?6@ 00000000000041e8     SmmControlDxe:SmmControlDriver.obj
 0002:00000200       ??_C@_0BC@IALJDDJM@SmiGblPos?5?$DN?50x?$CFx?6@ 0000000000004200     SmmControlDxe:SmmControlDriver.obj
 0002:00000218       ??_C@_0BC@PIAJMGCK@SmiApmPos?5?$DN?50x?$CFx?6@ 0000000000004218     SmmControlDxe:SmmControlDriver.obj
 0002:00000230       ??_C@_0BC@MLCIBLJ@SmiEosPos?5?$DN?50x?$CFx?6@ 0000000000004230     SmmControlDxe:SmmControlDriver.obj
 0002:00000248       ??_C@_0BC@LCJENNJM@Address?5?5?5?$DN?50x?$CFx?6@ 0000000000004248     SmmControlDxe:SmmControlDriver.obj
 0002:00000260       ??_C@_0BL@JOPBGBJH@LdrSmmInfo?5?$CB?$DN?5?$CI?$CIvoid?5?$CK?$CJ?50?$CJ@ 0000000000004260     SmmControlDxe:SmmControlDriver.obj
 0002:00000280       ??_C@_0GA@MDLFLAAB@e?3?2code?2adl_n100_code?2uefipldpl@ 0000000000004280     SmmControlDxe:SmmControlDriver.obj
 0002:000002e0       ??_C@_0BG@FLHJJFHP@Event?5?$CB?$DN?5?$CI?$CIvoid?5?$CK?$CJ?50?$CJ@ 00000000000042e0     SmmControlDxe:SmmControlDriver.obj
 0002:00000300       ??_C@_0ED@MKGCMJG@?$CILength?5?9?51?$CJ?5?$DM?$DN?5?$CI0xFFFFFFFFFFFF@ 0000000000004300     BaseMemoryLibRepStr:CopyMemWrapper.obj
 0002:00000350       ??_C@_0GD@KEIKLFBO@e?3?2code?2adl_n100_code?2uefipldpl@ 0000000000004350     BaseMemoryLibRepStr:CopyMemWrapper.obj
 0002:000003b8       ??_C@_0DO@MAOBOFEG@?$CILength?5?9?51?$CJ?5?$DM?$DN?5?$CI0xFFFFFFFFFFFF@ 00000000000043b8     BaseMemoryLibRepStr:CopyMemWrapper.obj
 0002:00000400       ??_C@_0FM@GDLDJIBH@e?3?2code?2adl_n100_code?2uefipldpl@ 0000000000004400     BaseIoLibIntrinsic:IoLibMsc.obj
 0002:00000460       ??_C@_0BA@HCECIDGN@?$CIPort?5?$CG?53?$CJ?5?$DN?$DN?50@ 0000000000004460     BaseIoLibIntrinsic:IoLibMsc.obj
 0002:00000470       ??_C@_0BC@FEDIJHFF@?$CI?$CIBOOLEAN?$CJ?$CI0?$DN?$DN1?$CJ?$CJ@ 0000000000004470     BaseIoLibIntrinsic:IoLib.obj
 0002:00000490       ??_C@_0FJ@GBGHCPBH@e?3?2code?2adl_n100_code?2uefipldpl@ 0000000000004490     BaseIoLibIntrinsic:IoLib.obj
 0002:000004f0       ??_C@_0BD@OMMAJMCK@?$CIAddress?5?$CG?53?$CJ?5?$DN?$DN?50@ 00000000000044f0     BaseIoLibIntrinsic:IoLib.obj
 0002:00000508       ??_C@_0BH@LKMBFCBF@Format?5?$CB?$DN?5?$CI?$CIvoid?5?$CK?$CJ?50?$CJ@ 0000000000004508     BaseDebugLibSerialPort:DebugLib.obj
 0002:00000520       ??_C@_0GA@HBBJHLGK@e?3?2code?2adl_n100_code?2uefipldpl@ 0000000000004520     BaseDebugLibSerialPort:DebugLib.obj
 0002:00000580       ??_C@_0BI@NOCKJDBJ@ASSERT?5?$FL?$CFa?$FN?5?$CFa?$CI?$CFd?$CJ?3?5?$CFa?6@ 0000000000004580     BaseDebugLibSerialPort:DebugLib.obj
 0002:00000598       ??_C@_0BH@IACGKAP@Buffer?5?$CB?$DN?5?$CI?$CIvoid?5?$CK?$CJ?50?$CJ@ 0000000000004598     BaseDebugLibSerialPort:DebugLib.obj
 0002:000005b0       ??_C@_0BN@COECPDCC@gImageHandle?5?$CB?$DN?5?$CI?$CIvoid?5?$CK?$CJ?50?$CJ@ 00000000000045b0     UefiBootServicesTableLib:UefiBootServicesTableLib.obj
 0002:000005d0       ??_C@_0HC@EIFDGPFB@e?3?2code?2adl_n100_code?2uefipldpl@ 00000000000045d0     UefiBootServicesTableLib:UefiBootServicesTableLib.obj
 0002:00000648       ??_C@_0BE@DGNHAHIL@gST?5?$CB?$DN?5?$CI?$CIvoid?5?$CK?$CJ?50?$CJ@ 0000000000004648     UefiBootServicesTableLib:UefiBootServicesTableLib.obj
 0002:00000660       ??_C@_0BE@BDFJLGLN@gBS?5?$CB?$DN?5?$CI?$CIvoid?5?$CK?$CJ?50?$CJ@ 0000000000004660     UefiBootServicesTableLib:UefiBootServicesTableLib.obj
 0002:00000678       ??_C@_0BE@OBDFIHND@gRT?5?$CB?$DN?5?$CI?$CIvoid?5?$CK?$CJ?50?$CJ@ 0000000000004678     UefiRuntimeServicesTableLib:UefiRuntimeServicesTableLib.obj
 0002:00000690       ??_C@_0HI@DCCKLNND@e?3?2code?2adl_n100_code?2uefipldpl@ 0000000000004690     UefiRuntimeServicesTableLib:UefiRuntimeServicesTableLib.obj
 0002:00000710       ??_C@_0FA@CCBFNMAA@e?3?2code?2adl_n100_code?2uefipldpl@ 0000000000004710     UefiLib:UefiLib.obj
 0002:00000760       ??_C@_0FB@KBFNGELC@e?3?2code?2adl_n100_code?2uefipldpl@ 0000000000004760     DxeHobLib:HobLib.obj
 0002:000007b8       ??_C@_0BJ@OBFMLLDO@mHobList?5?$CB?$DN?5?$CI?$CIvoid?5?$CK?$CJ?50?$CJ@ 00000000000047b8     DxeHobLib:HobLib.obj
 0002:000007d8       ??_C@_0BJ@NOLLDKJB@HobStart?5?$CB?$DN?5?$CI?$CIvoid?5?$CK?$CJ?50?$CJ@ 00000000000047d8     DxeHobLib:HobLib.obj
 0002:00000800       ??_C@_0EP@EKIACOFF@e?3?2code?2adl_n100_code?2uefipldpl@ 0000000000004800     BaseLib:String.obj
 0002:00000850       ??_C@_0BH@MAAHKCPC@String?5?$CB?$DN?5?$CI?$CIvoid?5?$CK?$CJ?50?$CJ@ 0000000000004850     BaseLib:String.obj
 0002:00000868       ??_C@_0CD@BDCLIGHD@?$CI?$CIUINTN?$CJ?5String?5?$CG?50x00000001?$CJ?5?$DN@ 0000000000004868     BaseLib:String.obj
 0002:00000890       ??_C@_0DI@MDIKFADO@Length?5?$DM?5_gPcd_FixedAtBuild_Pcd@ 0000000000004890     BaseLib:String.obj
 0002:000008d0       ??_C@_0FC@OLDIOFBJ@e?3?2code?2adl_n100_code?2uefipldpl@ 00000000000048d0     BaseLib:Unaligned.obj
 0002:00000930       ??_C@_0FD@GHHGINGE@e?3?2code?2adl_n100_code?2uefipldpl@ 0000000000004930     BaseLib:SafeString.obj
 0002:00000988       ??_C@_0N@KGHEHMDL@Divisor?5?$CB?$DN?50@ 0000000000004988     BaseLib:DivU64x32.obj
 0002:00000998       ??_C@_0BO@BAKALPJK@?$CI?$CIAddress?$CJ?5?$CG?5?$HO0xfffffff?$CJ?5?$DN?$DN?50@ 0000000000004998     BasePciExpressLib:PciExpressLib.obj
 0002:000009c0       ??_C@_0GA@NDAEIBGJ@e?3?2code?2adl_n100_code?2uefipldpl@ 00000000000049c0     BasePciExpressLib:PciExpressLib.obj
 0002:00000a20       ??_C@_0HM@INGECGBC@e?3?2code?2adl_n100_code?2uefipldpl@ 0000000000004a20     SblParseLib:SblParseLib.obj
 0002:00000aa0       ??_C@_0BF@GKGPMHBK@HandoffTable?5?$DN?50x?$CFp?6@ 0000000000004aa0     SblParseLib:SblParseLib.obj
 0002:00000ab8       ??_C@_0BO@JGHCOEDD@?6?6ERROR?5?5the?5hob?5check?5fail?4?6@ 0000000000004ab8     SblParseLib:SblParseLib.obj
 0002:00000ad8       ??_C@_0BI@NCGMODPG@HobList?5?$CB?$DN?5?$CI?$CIvoid?5?$CK?$CJ?50?$CJ@ 0000000000004ad8     SblParseLib:SblParseLib.obj
 0002:00000af0       ??_C@_0FO@GLOLNBHK@e?3?2code?2adl_n100_code?2uefipldpl@ 0000000000004af0     BasePrintLib:PrintLibInternal.obj
 0002:00000b50       ??_C@_0BJ@CNKJJNE@?$CIBuffer?5?$CB?$DN?5?$CI?$CIvoid?5?$CK?$CJ?50?$CJ?$CJ@ 0000000000004b50     BasePrintLib:PrintLibInternal.obj
 0002:00000b70       ??_C@_0EB@HDGIDCIO@?$CIBufferSize?5?$DM?$DN?5?$CI_gPcd_FixedAtBu@ 0000000000004b70     BasePrintLib:PrintLibInternal.obj
 0002:00000bb8       ??_C@_0BJ@PPAKKDJG@?$CIFormat?5?$CB?$DN?5?$CI?$CIvoid?5?$CK?$CJ?50?$CJ?$CJ@ 0000000000004bb8     BasePrintLib:PrintLibInternal.obj
 0002:00000be0       ??_C@_0ED@LPDDCECB@?$CIBufferSize?5?$DM?$DN?5?$CI_gPcd_FixedAtBu@ 0000000000004be0     BasePrintLib:PrintLibInternal.obj
 0002:00000c30       ??_C@_0IM@BFJJFLGB@?$CIStrnLenS?5?$CI?$CICHAR16?5?$CK?$CJFormat?0?5?$CI_@ 0000000000004c30     BasePrintLib:PrintLibInternal.obj
 0002:00000cc0       ??_C@_0ID@PLGJGION@?$CIAsciiStrnLenS?5?$CIFormat?0?5?$CI_gPcd_@ 0000000000004cc0     BasePrintLib:PrintLibInternal.obj
 0002:00000d48       ??_C@_0O@MLOLIMFM@?$DMnull?5string?$DO@ 0000000000004d48     BasePrintLib:PrintLibInternal.obj
 0002:00000d58       ??_C@_0M@BJJDNPHK@?$DMnull?5guid?$DO@ 0000000000004d58     BasePrintLib:PrintLibInternal.obj
 0002:00000d68       ??_C@_0DB@PMLHLBMO@?$CF08x?9?$CF04x?9?$CF04x?9?$CF02x?$CF02x?9?$CF02x?$CF02@ 0000000000004d68     BasePrintLib:PrintLibInternal.obj
 0002:00000da0       ??_C@_0M@LHGBCIKM@?$DMnull?5time?$DO@ 0000000000004da0     BasePrintLib:PrintLibInternal.obj
 0002:00000db0       ??_C@_0BK@FCPKCIDD@?$CF02d?1?$CF02d?1?$CF04d?5?5?$CF02d?3?$CF02d@ 0000000000004db0     BasePrintLib:PrintLibInternal.obj
 0002:00000dcc       ??_C@_04JIMNDDED@?$CF08X@  0000000000004dcc     BasePrintLib:PrintLibInternal.obj
 0002:00000dd4       ??_C@_02PCIJFNDE@?$AN?6@   0000000000004dd4     BasePrintLib:PrintLibInternal.obj
 0002:00000dd8       ??_C@_01LIIJDEN@?$AN@      0000000000004dd8     BasePrintLib:PrintLibInternal.obj
 0002:00000de0       mWarningString             0000000000004de0     BasePrintLib:PrintLibInternal.obj
 0002:00000e80       mErrorString               0000000000004e80     BasePrintLib:PrintLibInternal.obj
 0002:00001140       mHexStr                    0000000000005140     BasePrintLib:PrintLibInternal.obj
 0002:00001150       ??_C@_0FL@HLNNCKBP@e?3?2code?2adl_n100_code?2uefipldpl@ 0000000000005150     BaseLib:DivU64x32Remainder.obj
 0002:000011b0       ??_C@_0FE@EJOAIEGJ@e?3?2code?2adl_n100_code?2uefipldpl@ 00000000000051b0     DxePcdLib:DxePcdLib.obj
 0002:00001208       ??_C@_0BF@OOKDELHM@mPcd?5?$CB?$DN?5?$CI?$CIvoid?5?$CK?$CJ?50?$CJ@ 0000000000005208     DxePcdLib:DxePcdLib.obj
 0002:00001274       __volatile_metadata        0000000000005274     <linker-defined>
 0003:00000000       gUefiSerialPortInfoGuid    0000000000006000     SmmControlDxe:AutoGen.obj
 0003:00000010       gPcdProtocolGuid           0000000000006010     SmmControlDxe:AutoGen.obj
 0003:00000020       _gPcd_BinaryPatch_PcdPciSerialParameters 0000000000006020     SmmControlDxe:AutoGen.obj
 0003:00000040       gEfiDxeSmmReadyToLockProtocolGuid 0000000000006040     SmmControlDxe:AutoGen.obj
 0003:00000050       gSmmInformationGuid        0000000000006050     SmmControlDxe:AutoGen.obj
 0003:00000060       _gPcd_BinaryPatch_PcdSerialLineControl 0000000000006060     SmmControlDxe:AutoGen.obj
 0003:00000068       gEfiSmmControl2ProtocolGuid 0000000000006068     SmmControlDxe:AutoGen.obj
 0003:00000078       _gPcd_BinaryPatch_PcdSerialUseMmio 0000000000006078     SmmControlDxe:AutoGen.obj
 0003:0000007c       _gPcd_BinaryPatch_PcdDebugPrintErrorLevel 000000000000607c     SmmControlDxe:AutoGen.obj
 0003:00000080       _gPcd_BinaryPatch_PcdDebugPropertyMask 0000000000006080     SmmControlDxe:AutoGen.obj
 0003:00000088       gEfiHobListGuid            0000000000006088     SmmControlDxe:AutoGen.obj
 0003:00000098       _gPcd_BinaryPatch_PcdSerialFifoControl 0000000000006098     SmmControlDxe:AutoGen.obj
 0003:0000009c       _gPcd_BinaryPatch_PcdSerialExtendedTxFifoSize 000000000000609c     SmmControlDxe:AutoGen.obj
 0003:000000a0       mSmmControl2               00000000000060a0     SmmControlDxe:SmmControlDriver.obj
 0003:000000c0       _gPcd_BinaryPatch_PcdSerialRegisterBase 00000000000060c0     SmmControlDxe:AutoGen.obj
 0003:000000c8       _gPcd_BinaryPatch_PcdSerialRegisterStride 00000000000060c8     SmmControlDxe:AutoGen.obj
 0003:000000cc       _gPcd_BinaryPatch_PcdSerialDetectCable 00000000000060cc     SmmControlDxe:AutoGen.obj
 0003:000000cd       _gPcd_BinaryPatch_PcdSerialUseHardwareFlowControl 00000000000060cd     SmmControlDxe:AutoGen.obj
 0003:000000d0       _gPcd_BinaryPatch_PcdUartDefaultBaudRate 00000000000060d0     SmmControlDxe:AutoGen.obj
 0003:000000d8       _gPcd_BinaryPatch_PcdSerialClockRate 00000000000060d8     SmmControlDxe:AutoGen.obj
 0003:000000dc       _gPcd_BinaryPatch_PcdSerialBaudRate 00000000000060dc     SmmControlDxe:AutoGen.obj
 0003:000000e0       mSmmControl2Handle         00000000000060e0     SmmControlDxe:SmmControlDriver.obj
 0003:000000e8       gST                        00000000000060e8     UefiBootServicesTableLib:UefiBootServicesTableLib.obj
 0003:000000f0       gBS                        00000000000060f0     UefiBootServicesTableLib:UefiBootServicesTableLib.obj
 0003:000000f8       gImageHandle               00000000000060f8     UefiBootServicesTableLib:UefiBootServicesTableLib.obj
 0003:00000100       gRT                        0000000000006100     UefiRuntimeServicesTableLib:UefiRuntimeServicesTableLib.obj
 0003:00000108       mHobList                   0000000000006108     DxeHobLib:HobLib.obj
 0003:00000110       mPcd                       0000000000006110     DxePcdLib:DxePcdLib.obj
 0003:00000120       mSmiCtrlReg                0000000000006120     <common>

 entry point at        0001:000000b4

 Static symbols

 0001:0000001a       InternalMemCopyMem.0       000000000000101a     BaseMemoryLibRepStr:CopyMem.obj
 0001:0000002a       @CopyBackward              000000000000102a     BaseMemoryLibRepStr:CopyMem.obj
 0001:00000033       @CopyBytes                 0000000000001033     BaseMemoryLibRepStr:CopyMem.obj
 0005:00000000       $unwind$GetPcdProtocol     0000000000008000     DxePcdLib:DxePcdLib.obj
 0005:00000000       $unwind$_ModuleEntryPoint  0000000000008000     UefiDriverEntryPoint:DriverEntryPoint.obj
 0005:00000000       $unwind$Deactivate         0000000000008000     SmmControlDxe:SmmControlDriver.obj
 0005:00000008       $unwind$ProcessLibraryConstructorList 0000000000008008     SmmControlDxe:AutoGen.obj
 0005:00000018       $unwind$Activate           0000000000008018     SmmControlDxe:SmmControlDriver.obj
 0005:0000002c       $unwind$SmmControlReadyToLockCallBack 000000000000802c     SmmControlDxe:SmmControlDriver.obj
 0005:00000040       $unwind$SmmControl2Init    0000000000008040     SmmControlDxe:SmmControlDriver.obj
 0005:00000050       $unwind$CopyMem            0000000000008050     BaseMemoryLibRepStr:CopyMemWrapper.obj
 0005:00000050       $unwind$BasePrintLibValueToString 0000000000008050     BasePrintLib:PrintLibInternal.obj
 0005:00000050       $unwind$GetHobList         0000000000008050     DxeHobLib:HobLib.obj
 0005:00000060       $unwind$MmioRead32         0000000000008060     BaseIoLibIntrinsic:IoLib.obj
 0005:00000060       $unwind$IoRead32           0000000000008060     BaseIoLibIntrinsic:IoLibMsc.obj
 0005:00000060       $unwind$StrnLenS           0000000000008060     BaseLib:SafeString.obj
 0005:00000060       $unwind$PciExpressRead32   0000000000008060     BasePciExpressLib:PciExpressLib.obj
 0005:00000060       $unwind$GetNextHob         0000000000008060     DxeHobLib:HobLib.obj
 0005:00000068       $unwind$MmioWrite32        0000000000008068     BaseIoLibIntrinsic:IoLib.obj
 0005:00000068       $unwind$IoWrite32          0000000000008068     BaseIoLibIntrinsic:IoLibMsc.obj
 0005:00000068       $unwind$AsciiStrLen        0000000000008068     BaseLib:String.obj
 0005:00000068       $unwind$GetGuidHobDataFromSbl 0000000000008068     SblParseLib:SblParseLib.obj
 0005:00000074       $unwind$PlatformHookSerialPortInitialize 0000000000008074     PlatformHookLib:PlatformHookLib.obj
 0005:0000007c       $unwind$DebugPrint         000000000000807c     BaseDebugLibSerialPort:DebugLib.obj
 0005:00000084       $unwind$DebugPrintMarker   0000000000008084     BaseDebugLibSerialPort:DebugLib.obj
 0005:00000098       $unwind$DebugAssert        0000000000008098     BaseDebugLibSerialPort:DebugLib.obj
 0005:000000a0       $unwind$CompareGuid        00000000000080a0     BaseMemoryLibRepStr:MemLibGuid.obj
 0005:000000bc       $unwind$SerialPortInitialize 00000000000080bc     BaseSerialPortLib16550:BaseSerialPortLib16550.obj
 0005:000000d4       $unwind$SerialPortWrite    00000000000080d4     BaseSerialPortLib16550:BaseSerialPortLib16550.obj
 0005:000000ec       $unwind$AsciiSPrint        00000000000080ec     BasePrintLib:PrintLib.obj
 0005:000000f4       $unwind$BasePrintLibSPrintMarker 00000000000080f4     BasePrintLib:PrintLibInternal.obj
 0005:00000110       $unwind$BasePrintLibSPrint 0000000000008110     BasePrintLib:PrintLibInternal.obj
