 DevicePathDxe

 Timestamp is 65f952c4 (Tue Mar 19 16:54:28 2024)

 Preferred load address is 0000000000000000

 Start         Length     Name                   Class
 0001:00000000 000000b4H .text                   CODE
 0001:000000b4 00008f0eH .text$mn                CODE
 0002:00000000 00003504H .rdata                  DATA
 0002:00003504 0000037cH .rdata$voltmd           DATA
 0002:00003880 00000170H .rdata$zzzdbg           DATA
 0003:00000000 000006d0H .data                   DATA
 0003:000006d0 00000050H .bss                    DATA
 0004:00000000 000007ecH .pdata                  DATA
 0005:00000000 00000458H .xdata                  DATA

  Address         Publics by Value              Rva+Base               Lib:Object

 0000:00000000       __guard_iat_count          0000000000000000     <absolute>
 0000:00000000       __guard_iat_table          0000000000000000     <absolute>
 0000:00000000       __dynamic_value_reloc_table 0000000000000000     <absolute>
 0000:00000000       __arm64x_redirection_metadata 0000000000000000     <absolute>
 0000:00000000       __hybrid_auxiliary_iat     0000000000000000     <absolute>
 0000:00000000       __hybrid_auxiliary_iat_copy 0000000000000000     <absolute>
 0000:00000000       __x64_code_ranges_to_entry_points_count 0000000000000000     <absolute>
 0000:00000000       __AbsoluteZero             0000000000000000     <absolute>
 0000:00000000       __guard_check_icall_a64n_fptr 0000000000000000     <absolute>
 0000:00000000       __guard_longjmp_table      0000000000000000     <absolute>
 0000:00000000       __x64_code_ranges_to_entry_points 0000000000000000     <absolute>
 0000:00000000       __guard_fids_table         0000000000000000     <absolute>
 0000:00000000       __guard_fids_count         0000000000000000     <absolute>
 0000:00000000       __arm64x_extra_rfe_table   0000000000000000     <absolute>
 0000:00000000       __hybrid_code_map          0000000000000000     <absolute>
 0000:00000000       __arm64x_extra_rfe_table_size 0000000000000000     <absolute>
 0000:00000000       __arm64x_redirection_metadata_count 0000000000000000     <absolute>
 0000:00000000       __enclave_config           0000000000000000     <absolute>
 0000:00000000       __guard_eh_cont_table      0000000000000000     <absolute>
 0000:00000000       __arm64x_native_entrypoint 0000000000000000     <absolute>
 0000:00000000       __guard_flags              0000000000000000     <absolute>
 0000:00000000       __hybrid_code_map_count    0000000000000000     <absolute>
 0000:00000000       __guard_eh_cont_count      0000000000000000     <absolute>
 0000:00000000       __guard_longjmp_count      0000000000000000     <absolute>
 0001:00000000       InternalMemSetMem          00000000000002c0     BaseMemoryLibRepStr:SetMem.obj
 0001:00000020       InternalMemCopyMem         00000000000002e0     BaseMemoryLibRepStr:CopyMem.obj
 0001:00000060       InternalMemZeroMem         0000000000000320     BaseMemoryLibRepStr:ZeroMem.obj
 0001:00000080       InternalMemSetMem64        0000000000000340     BaseMemoryLibRepStr:SetMem64.obj
 0001:000000a0       InternalMemSetMem32        0000000000000360     BaseMemoryLibRepStr:SetMem32.obj
 0001:000000b4       _ModuleEntryPoint          0000000000000374 f   UefiDriverEntryPoint:DriverEntryPoint.obj
 0001:0000011c       ProcessLibraryConstructorList 00000000000003dc f   DevicePathDxe:AutoGen.obj
 0001:000002d4       DebugPrint                 0000000000000594 f   BaseDebugLibSerialPort:DebugLib.obj
 0001:000002f8       DebugPrintMarker           00000000000005b8 f   BaseDebugLibSerialPort:DebugLib.obj
 0001:00000390       DebugAssert                0000000000000650 f   BaseDebugLibSerialPort:DebugLib.obj
 0001:00000410       GetDevicePathSize          00000000000006d0 f   UefiDevicePathLib:UefiDevicePathLib.obj
 0001:00000470       DuplicateDevicePath        0000000000000730 f   UefiDevicePathLib:UefiDevicePathLib.obj
 0001:00000498       AppendDevicePath           0000000000000758 f   UefiDevicePathLib:UefiDevicePathLib.obj
 0001:00000560       AppendDevicePathNode       0000000000000820 f   UefiDevicePathLib:UefiDevicePathLib.obj
 0001:0000063c       AppendDevicePathInstance   00000000000008fc f   UefiDevicePathLib:UefiDevicePathLib.obj
 0001:00000710       GetNextDevicePathInstance  00000000000009d0 f   UefiDevicePathLib:UefiDevicePathLib.obj
 0001:00000848       CreateDeviceNode           0000000000000b08 f   UefiDevicePathLib:UefiDevicePathLib.obj
 0001:000008cc       IsDevicePathMultiInstance  0000000000000b8c f   UefiDevicePathLib:UefiDevicePathLib.obj
 0001:000009ac       ConvertDeviceNodeToText    0000000000000c6c f   UefiDevicePathLib:UefiDevicePathLib.obj
 0001:00000a84       ConvertDevicePathToText    0000000000000d44 f   UefiDevicePathLib:UefiDevicePathLib.obj
 0001:00000c08       ConvertTextToDeviceNode    0000000000000ec8 f   UefiDevicePathLib:UefiDevicePathLib.obj
 0001:00000c10       ConvertTextToDevicePath    0000000000000ed0 f   UefiDevicePathLib:UefiDevicePathLib.obj
 0001:00000c18       IsDevicePathValid          0000000000000ed8 f   UefiDevicePathLib:DevicePathUtilities.obj
 0001:00000ce0       DevicePathNodeLength       0000000000000fa0 f   UefiDevicePathLib:DevicePathUtilities.obj
 0001:00000d44       NextDevicePathNode         0000000000001004 f   UefiDevicePathLib:DevicePathUtilities.obj
 0001:00000d88       IsDevicePathEnd            0000000000001048 f   UefiDevicePathLib:DevicePathUtilities.obj
 0001:00000e34       SetDevicePathNodeLength    00000000000010f4 f   UefiDevicePathLib:DevicePathUtilities.obj
 0001:00000ed4       GetNextParamStr            0000000000001194 f   UefiDevicePathLib:DevicePathFromText.obj
 0001:00000f08       IsHexStr                   00000000000011c8 f   UefiDevicePathLib:DevicePathFromText.obj
 0001:00000f5c       Strtoi                     000000000000121c f   UefiDevicePathLib:DevicePathFromText.obj
 0001:00000f8c       Strtoi64                   000000000000124c f   UefiDevicePathLib:DevicePathFromText.obj
 0001:00000fbc       DevPathFromTextGenericPath 000000000000127c f   UefiDevicePathLib:DevicePathFromText.obj
 0001:0000104c       DevPathFromTextPath        000000000000130c f   UefiDevicePathLib:DevicePathFromText.obj
 0001:00001078       DevPathFromTextHardwarePath 0000000000001338 f   UefiDevicePathLib:DevicePathFromText.obj
 0001:00001084       DevPathFromTextPci         0000000000001344 f   UefiDevicePathLib:DevicePathFromText.obj
 0001:000010ec       DevPathFromTextPcCard      00000000000013ac f   UefiDevicePathLib:DevicePathFromText.obj
 0001:00001134       DevPathFromTextMemoryMapped 00000000000013f4 f   UefiDevicePathLib:DevicePathFromText.obj
 0001:000011c0       ConvertFromTextVendor      0000000000001480 f   UefiDevicePathLib:DevicePathFromText.obj
 0001:0000124c       DevPathFromTextVenHw       000000000000150c f   UefiDevicePathLib:DevicePathFromText.obj
 0001:00001258       DevPathFromTextCtrl        0000000000001518 f   UefiDevicePathLib:DevicePathFromText.obj
 0001:000012a0       DevPathFromTextBmc         0000000000001560 f   UefiDevicePathLib:DevicePathFromText.obj
 0001:00001338       DevPathFromTextAcpiPath    00000000000015f8 f   UefiDevicePathLib:DevicePathFromText.obj
 0001:00001344       EisaIdFromText             0000000000001604 f   UefiDevicePathLib:DevicePathFromText.obj
 0001:0000138c       DevPathFromTextAcpi        000000000000164c f   UefiDevicePathLib:DevicePathFromText.obj
 0001:000013f4       ConvertFromTextAcpi        00000000000016b4 f   UefiDevicePathLib:DevicePathFromText.obj
 0001:00001454       DevPathFromTextPciRoot     0000000000001714 f   UefiDevicePathLib:DevicePathFromText.obj
 0001:00001460       DevPathFromTextPcieRoot    0000000000001720 f   UefiDevicePathLib:DevicePathFromText.obj
 0001:0000146c       DevPathFromTextFloppy      000000000000172c f   UefiDevicePathLib:DevicePathFromText.obj
 0001:00001478       DevPathFromTextKeyboard    0000000000001738 f   UefiDevicePathLib:DevicePathFromText.obj
 0001:00001484       DevPathFromTextSerial      0000000000001744 f   UefiDevicePathLib:DevicePathFromText.obj
 0001:00001490       DevPathFromTextParallelPort 0000000000001750 f   UefiDevicePathLib:DevicePathFromText.obj
 0001:0000149c       DevPathFromTextAcpiEx      000000000000175c f   UefiDevicePathLib:DevicePathFromText.obj
 0001:000015d0       DevPathFromTextAcpiExp     0000000000001890 f   UefiDevicePathLib:DevicePathFromText.obj
 0001:00001688       DevPathFromTextAcpiAdr     0000000000001948 f   UefiDevicePathLib:DevicePathFromText.obj
 0001:00001770       DevPathFromTextMsg         0000000000001a30 f   UefiDevicePathLib:DevicePathFromText.obj
 0001:0000177c       DevPathFromTextAta         0000000000001a3c f   UefiDevicePathLib:DevicePathFromText.obj
 0001:00001864       DevPathFromTextScsi        0000000000001b24 f   UefiDevicePathLib:DevicePathFromText.obj
 0001:000018d0       DevPathFromTextFibre       0000000000001b90 f   UefiDevicePathLib:DevicePathFromText.obj
 0001:00001940       DevPathFromTextFibreEx     0000000000001c00 f   UefiDevicePathLib:DevicePathFromText.obj
 0001:00001a58       DevPathFromText1394        0000000000001d18 f   UefiDevicePathLib:DevicePathFromText.obj
 0001:00001aa4       DevPathFromTextUsb         0000000000001d64 f   UefiDevicePathLib:DevicePathFromText.obj
 0001:00001b0c       DevPathFromTextI2O         0000000000001dcc f   UefiDevicePathLib:DevicePathFromText.obj
 0001:00001b54       DevPathFromTextInfiniband  0000000000001e14 f   UefiDevicePathLib:DevicePathFromText.obj
 0001:00001c1c       DevPathFromTextVenMsg      0000000000001edc f   UefiDevicePathLib:DevicePathFromText.obj
 0001:00001c28       DevPathFromTextVenPcAnsi   0000000000001ee8 f   UefiDevicePathLib:DevicePathFromText.obj
 0001:00001c5c       DevPathFromTextVenVt100    0000000000001f1c f   UefiDevicePathLib:DevicePathFromText.obj
 0001:00001c90       DevPathFromTextVenVt100Plus 0000000000001f50 f   UefiDevicePathLib:DevicePathFromText.obj
 0001:00001cc4       DevPathFromTextVenUtf8     0000000000001f84 f   UefiDevicePathLib:DevicePathFromText.obj
 0001:00001cf8       DevPathFromTextUartFlowCtrl 0000000000001fb8 f   UefiDevicePathLib:DevicePathFromText.obj
 0001:00001d88       DevPathFromTextSAS         0000000000002048 f   UefiDevicePathLib:DevicePathFromText.obj
 0001:00001f98       DevPathFromTextSasEx       0000000000002258 f   UefiDevicePathLib:DevicePathFromText.obj
 0001:0000226c       DevPathFromTextNVMe        000000000000252c f   UefiDevicePathLib:DevicePathFromText.obj
 0001:0000230c       DevPathFromTextUfs         00000000000025cc f   UefiDevicePathLib:DevicePathFromText.obj
 0001:00002374       DevPathFromTextSd          0000000000002634 f   UefiDevicePathLib:DevicePathFromText.obj
 0001:000023bc       DevPathFromTextEmmc        000000000000267c f   UefiDevicePathLib:DevicePathFromText.obj
 0001:00002404       DevPathFromTextDebugPort   00000000000026c4 f   UefiDevicePathLib:DevicePathFromText.obj
 0001:00002438       DevPathFromTextMAC         00000000000026f8 f   UefiDevicePathLib:DevicePathFromText.obj
 0001:000024b4       NetworkProtocolFromText    0000000000002774 f   UefiDevicePathLib:DevicePathFromText.obj
 0001:00002508       DevPathFromTextIPv4        00000000000027c8 f   UefiDevicePathLib:DevicePathFromText.obj
 0001:00002624       DevPathFromTextIPv6        00000000000028e4 f   UefiDevicePathLib:DevicePathFromText.obj
 0001:0000274c       DevPathFromTextUart        0000000000002a0c f   UefiDevicePathLib:DevicePathFromText.obj
 0001:000028c8       ConvertFromTextUsbClass    0000000000002b88 f   UefiDevicePathLib:DevicePathFromText.obj
 0001:000029e0       DevPathFromTextUsbClass    0000000000002ca0 f   UefiDevicePathLib:DevicePathFromText.obj
 0001:00002a00       DevPathFromTextUsbAudio    0000000000002cc0 f   UefiDevicePathLib:DevicePathFromText.obj
 0001:00002a20       DevPathFromTextUsbCDCControl 0000000000002ce0 f   UefiDevicePathLib:DevicePathFromText.obj
 0001:00002a40       DevPathFromTextUsbHID      0000000000002d00 f   UefiDevicePathLib:DevicePathFromText.obj
 0001:00002a60       DevPathFromTextUsbImage    0000000000002d20 f   UefiDevicePathLib:DevicePathFromText.obj
 0001:00002a80       DevPathFromTextUsbPrinter  0000000000002d40 f   UefiDevicePathLib:DevicePathFromText.obj
 0001:00002aa0       DevPathFromTextUsbMassStorage 0000000000002d60 f   UefiDevicePathLib:DevicePathFromText.obj
 0001:00002ac0       DevPathFromTextUsbHub      0000000000002d80 f   UefiDevicePathLib:DevicePathFromText.obj
 0001:00002ae0       DevPathFromTextUsbCDCData  0000000000002da0 f   UefiDevicePathLib:DevicePathFromText.obj
 0001:00002b00       DevPathFromTextUsbSmartCard 0000000000002dc0 f   UefiDevicePathLib:DevicePathFromText.obj
 0001:00002b20       DevPathFromTextUsbVideo    0000000000002de0 f   UefiDevicePathLib:DevicePathFromText.obj
 0001:00002b40       DevPathFromTextUsbDiagnostic 0000000000002e00 f   UefiDevicePathLib:DevicePathFromText.obj
 0001:00002b60       DevPathFromTextUsbWireless 0000000000002e20 f   UefiDevicePathLib:DevicePathFromText.obj
 0001:00002b80       DevPathFromTextUsbDeviceFirmwareUpdate 0000000000002e40 f   UefiDevicePathLib:DevicePathFromText.obj
 0001:00002b9c       DevPathFromTextUsbIrdaBridge 0000000000002e5c f   UefiDevicePathLib:DevicePathFromText.obj
 0001:00002bb8       DevPathFromTextUsbTestAndMeasurement 0000000000002e78 f   UefiDevicePathLib:DevicePathFromText.obj
 0001:00002bd4       DevPathFromTextUsbWwid     0000000000002e94 f   UefiDevicePathLib:DevicePathFromText.obj
 0001:00002cb8       DevPathFromTextUnit        0000000000002f78 f   UefiDevicePathLib:DevicePathFromText.obj
 0001:00002d00       DevPathFromTextiSCSI       0000000000002fc0 f   UefiDevicePathLib:DevicePathFromText.obj
 0001:00002eec       DevPathFromTextVlan        00000000000031ac f   UefiDevicePathLib:DevicePathFromText.obj
 0001:00002f34       DevPathFromTextBluetooth   00000000000031f4 f   UefiDevicePathLib:DevicePathFromText.obj
 0001:00002f88       DevPathFromTextWiFi        0000000000003248 f   UefiDevicePathLib:DevicePathFromText.obj
 0001:0000301c       DevPathFromTextBluetoothLE 00000000000032dc f   UefiDevicePathLib:DevicePathFromText.obj
 0001:00003090       DevPathFromTextDns         0000000000003350 f   UefiDevicePathLib:DevicePathFromText.obj
 0001:00003180       DevPathFromTextUri         0000000000003440 f   UefiDevicePathLib:DevicePathFromText.obj
 0001:000031d8       DevPathFromTextMediaPath   0000000000003498 f   UefiDevicePathLib:DevicePathFromText.obj
 0001:000031e4       DevPathFromTextHD          00000000000034a4 f   UefiDevicePathLib:DevicePathFromText.obj
 0001:00003308       DevPathFromTextCDROM       00000000000035c8 f   UefiDevicePathLib:DevicePathFromText.obj
 0001:00003394       DevPathFromTextVenMedia    0000000000003654 f   UefiDevicePathLib:DevicePathFromText.obj
 0001:000033a0       DevPathFromTextFilePath    0000000000003660 f   UefiDevicePathLib:DevicePathFromText.obj
 0001:000035f0       DevPathFromTextMedia       00000000000038b0 f   UefiDevicePathLib:DevicePathFromText.obj
 0001:00003638       DevPathFromTextFv          00000000000038f8 f   UefiDevicePathLib:DevicePathFromText.obj
 0001:00003680       DevPathFromTextFvFile      0000000000003940 f   UefiDevicePathLib:DevicePathFromText.obj
 0001:000036c8       DevPathFromTextRelativeOffsetRange 0000000000003988 f   UefiDevicePathLib:DevicePathFromText.obj
 0001:00003734       DevPathFromTextRamDisk     00000000000039f4 f   UefiDevicePathLib:DevicePathFromText.obj
 0001:00003830       DevPathFromTextVirtualDisk 0000000000003af0 f   UefiDevicePathLib:DevicePathFromText.obj
 0001:00003928       DevPathFromTextVirtualCd   0000000000003be8 f   UefiDevicePathLib:DevicePathFromText.obj
 0001:00003a20       DevPathFromTextPersistentVirtualDisk 0000000000003ce0 f   UefiDevicePathLib:DevicePathFromText.obj
 0001:00003b18       DevPathFromTextPersistentVirtualCd 0000000000003dd8 f   UefiDevicePathLib:DevicePathFromText.obj
 0001:00003c10       DevPathFromTextBbsPath     0000000000003ed0 f   UefiDevicePathLib:DevicePathFromText.obj
 0001:00003c1c       DevPathFromTextBBS         0000000000003edc f   UefiDevicePathLib:DevicePathFromText.obj
 0001:00003d70       DevPathFromTextSata        0000000000004030 f   UefiDevicePathLib:DevicePathFromText.obj
 0001:00003e0c       UefiDevicePathLibConvertTextToDeviceNode 00000000000040cc f   UefiDevicePathLib:DevicePathFromText.obj
 0001:00004040       UefiDevicePathLibConvertTextToDevicePath 0000000000004300 f   UefiDevicePathLib:DevicePathFromText.obj
 0001:000042a0       UefiDevicePathLibCatPrint  0000000000004560 f   UefiDevicePathLib:DevicePathToText.obj
 0001:00004398       DevPathToTextPci           0000000000004658 f   UefiDevicePathLib:DevicePathToText.obj
 0001:000043b0       DevPathToTextPccard        0000000000004670 f   UefiDevicePathLib:DevicePathToText.obj
 0001:000043c4       DevPathToTextMemMap        0000000000004684 f   UefiDevicePathLib:DevicePathToText.obj
 0001:000043ec       DevPathToTextVendor        00000000000046ac f   UefiDevicePathLib:DevicePathToText.obj
 0001:00004718       DevPathToTextController    00000000000049d8 f   UefiDevicePathLib:DevicePathToText.obj
 0001:00004728       DevPathToTextBmc           00000000000049e8 f   UefiDevicePathLib:DevicePathToText.obj
 0001:00004790       DevPathToTextAcpi          0000000000004a50 f   UefiDevicePathLib:DevicePathToText.obj
 0001:00004820       DevPathToTextAcpiEx        0000000000004ae0 f   UefiDevicePathLib:DevicePathToText.obj
 0001:00004a84       DevPathToTextAcpiAdr       0000000000004d44 f   UefiDevicePathLib:DevicePathToText.obj
 0001:00004b0c       DevPathToTextAtapi         0000000000004dcc f   UefiDevicePathLib:DevicePathToText.obj
 0001:00004b70       DevPathToTextScsi          0000000000004e30 f   UefiDevicePathLib:DevicePathToText.obj
 0001:00004b88       DevPathToTextFibre         0000000000004e48 f   UefiDevicePathLib:DevicePathToText.obj
 0001:00004b9c       DevPathToTextFibreEx       0000000000004e5c f   UefiDevicePathLib:DevicePathToText.obj
 0001:00004c34       DevPathToTextSasEx         0000000000004ef4 f   UefiDevicePathLib:DevicePathToText.obj
 0001:00004da4       DevPathToTextNVMe          0000000000005064 f   UefiDevicePathLib:DevicePathToText.obj
 0001:00004e18       DevPathToTextUfs           00000000000050d8 f   UefiDevicePathLib:DevicePathToText.obj
 0001:00004e30       DevPathToTextSd            00000000000050f0 f   UefiDevicePathLib:DevicePathToText.obj
 0001:00004e44       DevPathToTextEmmc          0000000000005104 f   UefiDevicePathLib:DevicePathToText.obj
 0001:00004e58       DevPathToText1394          0000000000005118 f   UefiDevicePathLib:DevicePathToText.obj
 0001:00004e68       DevPathToTextUsb           0000000000005128 f   UefiDevicePathLib:DevicePathToText.obj
 0001:00004e80       DevPathToTextUsbWWID       0000000000005140 f   UefiDevicePathLib:DevicePathToText.obj
 0001:00004f48       DevPathToTextLogicalUnit   0000000000005208 f   UefiDevicePathLib:DevicePathToText.obj
 0001:00004f5c       DevPathToTextUsbClass      000000000000521c f   UefiDevicePathLib:DevicePathToText.obj
 0001:00005108       DevPathToTextSata          00000000000053c8 f   UefiDevicePathLib:DevicePathToText.obj
 0001:00005130       DevPathToTextI2O           00000000000053f0 f   UefiDevicePathLib:DevicePathToText.obj
 0001:00005140       DevPathToTextMacAddr       0000000000005400 f   UefiDevicePathLib:DevicePathToText.obj
 0001:000051bc       CatIPv6Address             000000000000547c f   UefiDevicePathLib:DevicePathToText.obj
 0001:000052a8       DevPathToTextIPv4          0000000000005568 f   UefiDevicePathLib:DevicePathToText.obj
 0001:0000542c       DevPathToTextIPv6          00000000000056ec f   UefiDevicePathLib:DevicePathToText.obj
 0001:00005534       DevPathToTextInfiniBand    00000000000057f4 f   UefiDevicePathLib:DevicePathToText.obj
 0001:0000556c       DevPathToTextUart          000000000000582c f   UefiDevicePathLib:DevicePathToText.obj
 0001:00005690       DevPathToTextiSCSI         0000000000005950 f   UefiDevicePathLib:DevicePathToText.obj
 0001:0000579c       DevPathToTextVlan          0000000000005a5c f   UefiDevicePathLib:DevicePathToText.obj
 0001:000057b0       DevPathToTextBluetooth     0000000000005a70 f   UefiDevicePathLib:DevicePathToText.obj
 0001:000057f8       DevPathToTextWiFi          0000000000005ab8 f   UefiDevicePathLib:DevicePathToText.obj
 0001:00005834       DevPathToTextBluetoothLE   0000000000005af4 f   UefiDevicePathLib:DevicePathToText.obj
 0001:0000588c       DevPathToTextDns           0000000000005b4c f   UefiDevicePathLib:DevicePathToText.obj
 0001:00005960       DevPathToTextUri           0000000000005c20 f   UefiDevicePathLib:DevicePathToText.obj
 0001:00005a00       DevPathToTextHardDrive     0000000000005cc0 f   UefiDevicePathLib:DevicePathToText.obj
 0001:00005a88       DevPathToTextCDROM         0000000000005d48 f   UefiDevicePathLib:DevicePathToText.obj
 0001:00005ac4       DevPathToTextFilePath      0000000000005d84 f   UefiDevicePathLib:DevicePathToText.obj
 0001:00005ad4       DevPathToTextMediaProtocol 0000000000005d94 f   UefiDevicePathLib:DevicePathToText.obj
 0001:00005ae4       DevPathToTextFv            0000000000005da4 f   UefiDevicePathLib:DevicePathToText.obj
 0001:00005af4       DevPathToTextFvFile        0000000000005db4 f   UefiDevicePathLib:DevicePathToText.obj
 0001:00005b04       DevPathRelativeOffsetRange 0000000000005dc4 f   UefiDevicePathLib:DevicePathToText.obj
 0001:00005b18       DevPathToTextRamDisk       0000000000005dd8 f   UefiDevicePathLib:DevicePathToText.obj
 0001:00005c70       DevPathToTextBBS           0000000000005f30 f   UefiDevicePathLib:DevicePathToText.obj
 0001:00005d44       DevPathToTextEndInstance   0000000000006004 f   UefiDevicePathLib:DevicePathToText.obj
 0001:00005d50       DevPathToTextNodeGeneric   0000000000006010 f   UefiDevicePathLib:DevicePathToText.obj
 0001:00005ec4       GetHobList                 0000000000006184 f   DxeHobLib:HobLib.obj
 0001:00005fdc       GetNextHob                 000000000000629c f   DxeHobLib:HobLib.obj
 0001:00006034       PlatformHookSerialPortInitialize 00000000000062f4 f   PlatformHookLib:PlatformHookLib.obj
 0001:00006108       CopyMem                    00000000000063c8 f   BaseMemoryLibRepStr:CopyMemWrapper.obj
 0001:000061b0       CopyGuid                   0000000000006470 f   BaseMemoryLibRepStr:MemLibGuid.obj
 0001:00006288       CompareGuid                0000000000006548 f   BaseMemoryLibRepStr:MemLibGuid.obj
 0001:00006380       ZeroMem                    0000000000006640 f   BaseMemoryLibRepStr:ZeroMemWrapper.obj
 0001:00006404       StrLen                     00000000000066c4 f   BaseLib:String.obj
 0001:000064b8       StrCmp                     0000000000006778 f   BaseLib:String.obj
 0001:00006578       InternalHexCharToUintn     0000000000006838 f   BaseLib:String.obj
 0001:000065a8       StrDecimalToUint64         0000000000006868 f   BaseLib:String.obj
 0001:000066f0       StrHexToUint64             00000000000069b0 f   BaseLib:String.obj
 0001:00006874       AsciiStrLen                0000000000006b34 f   BaseLib:String.obj
 0001:000068f4       StrnLenS                   0000000000006bb4 f   BaseLib:SafeString.obj
 0001:00006964       StrDecimalToUintnS         0000000000006c24 f   BaseLib:SafeString.obj
 0001:00006b10       StrHexToUintnS             0000000000006dd0 f   BaseLib:SafeString.obj
 0001:00006cf8       StrToIpv6Address           0000000000006fb8 f   BaseLib:SafeString.obj
 0001:00006fb8       StrToIpv4Address           0000000000007278 f   BaseLib:SafeString.obj
 0001:0000712c       StrToGuid                  00000000000073ec f   BaseLib:SafeString.obj
 0001:000072fc       StrHexToBytes              00000000000075bc f   BaseLib:SafeString.obj
 0001:00007514       UnicodeStrToAsciiStrS      00000000000077d4 f   BaseLib:SafeString.obj
 0001:000076dc       UnicodeVSPrint             000000000000799c f   BasePrintLib:PrintLib.obj
 0001:00007784       UnicodeSPrint              0000000000007a44 f   BasePrintLib:PrintLib.obj
 0001:000077a4       AsciiSPrint                0000000000007a64 f   BasePrintLib:PrintLib.obj
 0001:000077d0       BasePrintLibFillBuffer     0000000000007a90 f   BasePrintLib:PrintLibInternal.obj
 0001:00007804       BasePrintLibValueToString  0000000000007ac4 f   BasePrintLib:PrintLibInternal.obj
 0001:00007878       BasePrintLibSPrintMarker   0000000000007b38 f   BasePrintLib:PrintLibInternal.obj
 0001:00008884       BasePrintLibSPrint         0000000000008b44 f   BasePrintLib:PrintLibInternal.obj
 0001:000088a8       SerialPortReadRegister     0000000000008b68 f   BaseSerialPortLib16550:BaseSerialPortLib16550.obj
 0001:000088dc       SerialPortWriteRegister    0000000000008b9c f   BaseSerialPortLib16550:BaseSerialPortLib16550.obj
 0001:00008918       SerialPortInitialize       0000000000008bd8 f   BaseSerialPortLib16550:BaseSerialPortLib16550.obj
 0001:00008adc       SerialPortWrite            0000000000008d9c f   BaseSerialPortLib16550:BaseSerialPortLib16550.obj
 0001:00008c2c       InternalAllocatePool       0000000000008eec f   UefiMemoryAllocationLib:MemoryAllocationLib.obj
 0001:00008c5c       InternalAllocateCopyPool   0000000000008f1c f   UefiMemoryAllocationLib:MemoryAllocationLib.obj
 0001:00008ce8       InternalReallocatePool     0000000000008fa8 f   UefiMemoryAllocationLib:MemoryAllocationLib.obj
 0001:00008d64       FreePool                   0000000000009024 f   UefiMemoryAllocationLib:MemoryAllocationLib.obj
 0001:00008dc0       GetGuidHobDataFromSbl      0000000000009080 f   SblParseLib:SblParseLib.obj
 0001:00008e8c       MmioRead32                 000000000000914c f   BaseIoLibIntrinsic:IoLib.obj
 0001:00008ec4       PciExpressRead32           0000000000009184 f   BasePciExpressLib:PciExpressLib.obj
 0001:00008f14       GetPcdProtocol             00000000000091d4 f   DxePcdLib:DxePcdLib.obj
 0002:00000000       ??_C@_0CB@DMEJJJHA@?6ASSERT_EFI_ERROR?5?$CIStatus?5?$DN?5?$CFr?$CJ@ 00000000000092a0     UefiDriverEntryPoint:DriverEntryPoint.obj
 0002:00000028       ??_C@_0BE@DCHLEIGN@?$CBEFI_ERROR?5?$CIStatus?$CJ@ 00000000000092c8     UefiDriverEntryPoint:DriverEntryPoint.obj
 0002:00000040       ??_C@_0O@LOEPMOAC@DevicePathDxe@ 00000000000092e0     DevicePathDxe:AutoGen.obj
 0002:00000050       ??_C@_0CE@IBFOBMLB@?6ASSERT_RETURN_ERROR?5?$CIStatus?5?$DN?5@ 00000000000092f0     DevicePathDxe:AutoGen.obj
 0002:00000078       ??_C@_0BH@BACADMEC@?$CBRETURN_ERROR?5?$CIStatus?$CJ@ 0000000000009318     DevicePathDxe:AutoGen.obj
 0002:00000090       ??_C@_0JD@JCHMHDKD@e?3?2code?2adl_n100_code?2uefipldpl@ 0000000000009330     DevicePathDxe:AutoGen.obj
 0002:00000128       mDevicePathToText          00000000000093c8     DevicePathDxe:DevicePath.obj
 0002:00000140       mDevicePathUtilities       00000000000093e0     DevicePathDxe:DevicePath.obj
 0002:00000180       mDevicePathFromText        0000000000009420     DevicePathDxe:DevicePath.obj
 0002:00000190       ??_C@_0BH@LKMBFCBF@Format?5?$CB?$DN?5?$CI?$CIvoid?5?$CK?$CJ?50?$CJ@ 0000000000009430     BaseDebugLibSerialPort:DebugLib.obj
 0002:000001b0       ??_C@_0GA@HBBJHLGK@e?3?2code?2adl_n100_code?2uefipldpl@ 0000000000009450     BaseDebugLibSerialPort:DebugLib.obj
 0002:00000210       ??_C@_0BI@NOCKJDBJ@ASSERT?5?$FL?$CFa?$FN?5?$CFa?$CI?$CFd?$CJ?3?5?$CFa?6@ 00000000000094b0     BaseDebugLibSerialPort:DebugLib.obj
 0002:00000228       ??_C@_0BH@IACGKAP@Buffer?5?$CB?$DN?5?$CI?$CIvoid?5?$CK?$CJ?50?$CJ@ 00000000000094c8     BaseDebugLibSerialPort:DebugLib.obj
 0002:00000240       ??_C@_0BE@OBDFIHND@gRT?5?$CB?$DN?5?$CI?$CIvoid?5?$CK?$CJ?50?$CJ@ 00000000000094e0     UefiRuntimeServicesTableLib:UefiRuntimeServicesTableLib.obj
 0002:00000260       ??_C@_0HI@DCCKLNND@e?3?2code?2adl_n100_code?2uefipldpl@ 0000000000009500     UefiRuntimeServicesTableLib:UefiRuntimeServicesTableLib.obj
 0002:000002d8       ??_C@_0BN@COECPDCC@gImageHandle?5?$CB?$DN?5?$CI?$CIvoid?5?$CK?$CJ?50?$CJ@ 0000000000009578     UefiBootServicesTableLib:UefiBootServicesTableLib.obj
 0002:00000300       ??_C@_0HC@EIFDGPFB@e?3?2code?2adl_n100_code?2uefipldpl@ 00000000000095a0     UefiBootServicesTableLib:UefiBootServicesTableLib.obj
 0002:00000378       ??_C@_0BE@DGNHAHIL@gST?5?$CB?$DN?5?$CI?$CIvoid?5?$CK?$CJ?50?$CJ@ 0000000000009618     UefiBootServicesTableLib:UefiBootServicesTableLib.obj
 0002:00000390       ??_C@_0BE@BDFJLGLN@gBS?5?$CB?$DN?5?$CI?$CIvoid?5?$CK?$CJ?50?$CJ@ 0000000000009630     UefiBootServicesTableLib:UefiBootServicesTableLib.obj
 0002:000003a8       ??_C@_0BF@CBLMFKOC@Node?5?$CB?$DN?5?$CI?$CIvoid?5?$CK?$CJ?50?$CJ@ 0000000000009648     UefiDevicePathLib:DevicePathUtilities.obj
 0002:000003c0       ??_C@_0GG@DADIGNFF@e?3?2code?2adl_n100_code?2uefipldpl@ 0000000000009660     UefiDevicePathLib:DevicePathUtilities.obj
 0002:00000430       ??_C@_0EH@ENCEEKKL@?$CILength?5?$DO?$DN?5sizeof?5?$CIEFI_DEVICE_P@ 00000000000096d0     UefiDevicePathLib:DevicePathUtilities.obj
 0002:00000478       ??_C@_0BF@MBJFHGBE@Size?5?$CB?$DN?5?$CI?$CIvoid?5?$CK?$CJ?50?$CJ@ 0000000000009718     UefiDevicePathLib:DevicePathUtilities.obj
 0002:00000490       mUefiDevicePathLibEndDevicePath 0000000000009730     UefiDevicePathLib:DevicePathUtilities.obj
 0002:00000498       ??_C@_0BI@MMMKPDJL@AcpiAdr?5?$CB?$DN?5?$CI?$CIvoid?5?$CK?$CJ?50?$CJ@ 0000000000009738     UefiDevicePathLib:DevicePathFromText.obj
 0002:000004b0       ??_C@_0GF@EJDLDAFL@e?3?2code?2adl_n100_code?2uefipldpl@ 0000000000009750     UefiDevicePathLib:DevicePathFromText.obj
 0002:00000520       ??_C@_1BA@NGCDBIG@?$AAP?$AAr?$AAi?$AAm?$AAa?$AAr?$AAy@ 00000000000097c0     UefiDevicePathLib:DevicePathFromText.obj
 0002:00000530       ??_C@_1BE@BGLPHBHD@?$AAS?$AAe?$AAc?$AAo?$AAn?$AAd?$AAa?$AAr?$AAy@ 00000000000097d0     UefiDevicePathLib:DevicePathFromText.obj
 0002:00000548       ??_C@_1O@MHJLHGPK@?$AAM?$AAa?$AAs?$AAt?$AAe?$AAr@ 00000000000097e8     UefiDevicePathLib:DevicePathFromText.obj
 0002:00000558       ??_C@_1M@MJNGBMFK@?$AAS?$AAl?$AAa?$AAv?$AAe@ 00000000000097f8     UefiDevicePathLib:DevicePathFromText.obj
 0002:00000570       ??_C@_1BA@NAMMFHHL@?$AAX?$AAo?$AAn?$AAX?$AAo?$AAf?$AAf@ 0000000000009810     UefiDevicePathLib:DevicePathFromText.obj
 0002:00000580       ??_C@_1BC@MAICEHGI@?$AAH?$AAa?$AAr?$AAd?$AAw?$AAa?$AAr?$AAe@ 0000000000009820     UefiDevicePathLib:DevicePathFromText.obj
 0002:000005a0       ??_C@_1BG@FMODEGIG@?$AAN?$AAo?$AAT?$AAo?$AAp?$AAo?$AAl?$AAo?$AAg?$AAy@ 0000000000009840     UefiDevicePathLib:DevicePathFromText.obj
 0002:000005b8       ??_C@_19BPNGBNAI@?$AAS?$AAA?$AAT?$AAA@ 0000000000009858     UefiDevicePathLib:DevicePathFromText.obj
 0002:000005c8       ??_C@_17FMMIKNDG@?$AAS?$AAA?$AAS@ 0000000000009868     UefiDevicePathLib:DevicePathFromText.obj
 0002:000005d0       ??_C@_1BC@KMFBFJEN@?$AAE?$AAx?$AAt?$AAe?$AAr?$AAn?$AAa?$AAl@ 0000000000009870     UefiDevicePathLib:DevicePathFromText.obj
 0002:000005f0       ??_C@_1BC@FBOHHDN@?$AAI?$AAn?$AAt?$AAe?$AAr?$AAn?$AAa?$AAl@ 0000000000009890     UefiDevicePathLib:DevicePathFromText.obj
 0002:00000610       ??_C@_1BC@EEIMPKHO@?$AAE?$AAx?$AAp?$AAa?$AAn?$AAd?$AAe?$AAd@ 00000000000098b0     UefiDevicePathLib:DevicePathFromText.obj
 0002:00000628       ??_C@_1O@MDCABJAO@?$AAD?$AAi?$AAr?$AAe?$AAc?$AAt@ 00000000000098c8     UefiDevicePathLib:DevicePathFromText.obj
 0002:00000638       ??_C@_17NINPJKOM@?$AAU?$AAD?$AAP@ 00000000000098d8     UefiDevicePathLib:DevicePathFromText.obj
 0002:00000640       ??_C@_17JHAKKMK@?$AAT?$AAC?$AAP@ 00000000000098e0     UefiDevicePathLib:DevicePathFromText.obj
 0002:00000648       ??_C@_1O@ECDFCEKO@?$AAS?$AAt?$AAa?$AAt?$AAi?$AAc@ 00000000000098e8     UefiDevicePathLib:DevicePathFromText.obj
 0002:00000660       ??_C@_1CO@IJAKNKHD@?$AAS?$AAt?$AAa?$AAt?$AAe?$AAl?$AAe?$AAs?$AAs?$AAA?$AAu?$AAt?$AAo?$AAC?$AAo@ 0000000000009900     UefiDevicePathLib:DevicePathFromText.obj
 0002:00000690       ??_C@_1BA@KDAEEGIF@?$AAD?$AAE?$AAF?$AAA?$AAU?$AAL?$AAT@ 0000000000009930     UefiDevicePathLib:DevicePathFromText.obj
 0002:000006a0       ??_C@_13MKMNOPIJ@?$AAD@    0000000000009940     UefiDevicePathLib:DevicePathFromText.obj
 0002:000006a4       ??_C@_13JGCMLPCH@?$AA1@    0000000000009944     UefiDevicePathLib:DevicePathFromText.obj
 0002:000006a8       ??_C@_17CJOJBPKA@?$AA1?$AA?4?$AA5@ 0000000000009948     UefiDevicePathLib:DevicePathFromText.obj
 0002:000006b0       ??_C@_13IEJJBAMJ@?$AA2@    0000000000009950     UefiDevicePathLib:DevicePathFromText.obj
 0002:000006b8       ??_C@_1O@HNAACJMJ@?$AAC?$AAR?$AAC?$AA3?$AA2?$AAC@ 0000000000009958     UefiDevicePathLib:DevicePathFromText.obj
 0002:000006c8       ??_C@_19KLMLHLJG@?$AAN?$AAo?$AAn?$AAe@ 0000000000009968     UefiDevicePathLib:DevicePathFromText.obj
 0002:000006e0       ??_C@_1BC@PDNIOEEC@?$AAC?$AAH?$AAA?$AAP?$AA_?$AAU?$AAN?$AAI@ 0000000000009980     UefiDevicePathLib:DevicePathFromText.obj
 0002:000006f8       ??_C@_17LNBJLOE@?$AAM?$AAB?$AAR@ 0000000000009998     UefiDevicePathLib:DevicePathFromText.obj
 0002:00000700       ??_C@_17PBGEHLGA@?$AAG?$AAP?$AAT@ 00000000000099a0     UefiDevicePathLib:DevicePathFromText.obj
 0002:00000708       ??_C@_1O@CLMODHEM@?$AAF?$AAl?$AAo?$AAp?$AAp?$AAy@ 00000000000099a8     UefiDevicePathLib:DevicePathFromText.obj
 0002:00000718       ??_C@_15LJEABJDH@?$AAH?$AAD@ 00000000000099b8     UefiDevicePathLib:DevicePathFromText.obj
 0002:00000720       ??_C@_1M@NEPFDHKI@?$AAC?$AAD?$AAR?$AAO?$AAM@ 00000000000099c0     UefiDevicePathLib:DevicePathFromText.obj
 0002:00000730       ??_C@_1O@IJBLAFEH@?$AAP?$AAC?$AAM?$AAC?$AAI?$AAA@ 00000000000099d0     UefiDevicePathLib:DevicePathFromText.obj
 0002:00000740       ??_C@_17DMBMDHNL@?$AAU?$AAS?$AAB@ 00000000000099e0     UefiDevicePathLib:DevicePathFromText.obj
 0002:00000750       ??_C@_1BA@IFBJBPAK@?$AAN?$AAe?$AAt?$AAw?$AAo?$AAr?$AAk@ 00000000000099f0     UefiDevicePathLib:DevicePathFromText.obj
 0002:00000760       ??_C@_19NHABCBNP@?$AAP?$AAa?$AAt?$AAh@ 0000000000009a00     UefiDevicePathLib:DevicePathFromText.obj
 0002:00000770       ??_C@_1BK@PDLLBLKH@?$AAH?$AAa?$AAr?$AAd?$AAw?$AAa?$AAr?$AAe?$AAP?$AAa?$AAt?$AAh@ 0000000000009a10     UefiDevicePathLib:DevicePathFromText.obj
 0002:00000790       ??_C@_17HLFBGCN@?$AAP?$AAc?$AAi@ 0000000000009a30     UefiDevicePathLib:DevicePathFromText.obj
 0002:00000798       ??_C@_1O@MNOBCDEF@?$AAP?$AAc?$AAC?$AAa?$AAr?$AAd@ 0000000000009a38     UefiDevicePathLib:DevicePathFromText.obj
 0002:000007a8       ??_C@_1BK@OCLBCLCA@?$AAM?$AAe?$AAm?$AAo?$AAr?$AAy?$AAM?$AAa?$AAp?$AAp?$AAe?$AAd@ 0000000000009a48     UefiDevicePathLib:DevicePathFromText.obj
 0002:000007c8       ??_C@_1M@LACAKLOF@?$AAV?$AAe?$AAn?$AAH?$AAw@ 0000000000009a68     UefiDevicePathLib:DevicePathFromText.obj
 0002:000007d8       ??_C@_19HGPIFADB@?$AAC?$AAt?$AAr?$AAl@ 0000000000009a78     UefiDevicePathLib:DevicePathFromText.obj
 0002:000007e8       ??_C@_17MLACALGH@?$AAB?$AAM?$AAC@ 0000000000009a88     UefiDevicePathLib:DevicePathFromText.obj
 0002:000007f0       ??_C@_1BC@EJFCJMMM@?$AAA?$AAc?$AAp?$AAi?$AAP?$AAa?$AAt?$AAh@ 0000000000009a90     UefiDevicePathLib:DevicePathFromText.obj
 0002:00000808       ??_C@_19HOGFOJAH@?$AAA?$AAc?$AAp?$AAi@ 0000000000009aa8     UefiDevicePathLib:DevicePathFromText.obj
 0002:00000818       ??_C@_1BA@DHIPOOID@?$AAP?$AAc?$AAi?$AAR?$AAo?$AAo?$AAt@ 0000000000009ab8     UefiDevicePathLib:DevicePathFromText.obj
 0002:00000828       ??_C@_1BC@CHOMCAOI@?$AAP?$AAc?$AAi?$AAe?$AAR?$AAo?$AAo?$AAt@ 0000000000009ac8     UefiDevicePathLib:DevicePathFromText.obj
 0002:00000840       ??_C@_1BC@NCPFOOPJ@?$AAK?$AAe?$AAy?$AAb?$AAo?$AAa?$AAr?$AAd@ 0000000000009ae0     UefiDevicePathLib:DevicePathFromText.obj
 0002:00000858       ??_C@_1O@EKJPAJBH@?$AAS?$AAe?$AAr?$AAi?$AAa?$AAl@ 0000000000009af8     UefiDevicePathLib:DevicePathFromText.obj
 0002:00000868       ??_C@_1BK@LKLOGFGG@?$AAP?$AAa?$AAr?$AAa?$AAl?$AAl?$AAe?$AAl?$AAP?$AAo?$AAr?$AAt@ 0000000000009b08     UefiDevicePathLib:DevicePathFromText.obj
 0002:00000888       ??_C@_1O@GFMNADOD@?$AAA?$AAc?$AAp?$AAi?$AAE?$AAx@ 0000000000009b28     UefiDevicePathLib:DevicePathFromText.obj
 0002:00000898       ??_C@_1BA@IHGFDEME@?$AAA?$AAc?$AAp?$AAi?$AAE?$AAx?$AAp@ 0000000000009b38     UefiDevicePathLib:DevicePathFromText.obj
 0002:000008a8       ??_C@_1BA@NNDCDAFF@?$AAA?$AAc?$AAp?$AAi?$AAA?$AAd?$AAr@ 0000000000009b48     UefiDevicePathLib:DevicePathFromText.obj
 0002:000008b8       ??_C@_17DACEHHP@?$AAM?$AAs?$AAg@ 0000000000009b58     UefiDevicePathLib:DevicePathFromText.obj
 0002:000008c0       ??_C@_17GMMDDNFE@?$AAA?$AAt?$AAa@ 0000000000009b60     UefiDevicePathLib:DevicePathFromText.obj
 0002:000008c8       ??_C@_19NLKKMKHM@?$AAS?$AAc?$AAs?$AAi@ 0000000000009b68     UefiDevicePathLib:DevicePathFromText.obj
 0002:000008d8       ??_C@_1M@KOFKAIAH@?$AAF?$AAi?$AAb?$AAr?$AAe@ 0000000000009b78     UefiDevicePathLib:DevicePathFromText.obj
 0002:000008e8       ??_C@_1BA@BDOAEBJM@?$AAF?$AAi?$AAb?$AAr?$AAe?$AAE?$AAx@ 0000000000009b88     UefiDevicePathLib:DevicePathFromText.obj
 0002:000008f8       ??_C@_1M@PJKPDAPK@?$AAI?$AA1?$AA3?$AA9?$AA4@ 0000000000009b98     UefiDevicePathLib:DevicePathFromText.obj
 0002:00000908       ??_C@_17CGMKBHJN@?$AAI?$AA2?$AAO@ 0000000000009ba8     UefiDevicePathLib:DevicePathFromText.obj
 0002:00000910       ??_C@_1BG@LFNGJFMI@?$AAI?$AAn?$AAf?$AAi?$AAn?$AAi?$AAb?$AAa?$AAn?$AAd@ 0000000000009bb0     UefiDevicePathLib:DevicePathFromText.obj
 0002:00000928       ??_C@_1O@BHINEOCB@?$AAV?$AAe?$AAn?$AAM?$AAs?$AAg@ 0000000000009bc8     UefiDevicePathLib:DevicePathFromText.obj
 0002:00000938       ??_C@_1BE@LMIDEMJL@?$AAV?$AAe?$AAn?$AAP?$AAc?$AAA?$AAn?$AAs?$AAi@ 0000000000009bd8     UefiDevicePathLib:DevicePathFromText.obj
 0002:00000950       ??_C@_1BC@JHDKFMJG@?$AAV?$AAe?$AAn?$AAV?$AAt?$AA1?$AA0?$AA0@ 0000000000009bf0     UefiDevicePathLib:DevicePathFromText.obj
 0002:00000968       ??_C@_1BK@NHGIEBMC@?$AAV?$AAe?$AAn?$AAV?$AAt?$AA1?$AA0?$AA0?$AAP?$AAl?$AAu?$AAs@ 0000000000009c08     UefiDevicePathLib:DevicePathFromText.obj
 0002:00000988       ??_C@_1BA@NNIEKFBH@?$AAV?$AAe?$AAn?$AAU?$AAt?$AAf?$AA8@ 0000000000009c28     UefiDevicePathLib:DevicePathFromText.obj
 0002:00000998       ??_C@_1BK@CEOAKICF@?$AAU?$AAa?$AAr?$AAt?$AAF?$AAl?$AAo?$AAw?$AAC?$AAt?$AAr?$AAl@ 0000000000009c38     UefiDevicePathLib:DevicePathFromText.obj
 0002:000009b8       ??_C@_1M@CCCLFLPN@?$AAS?$AAa?$AAs?$AAE?$AAx@ 0000000000009c58     UefiDevicePathLib:DevicePathFromText.obj
 0002:000009c8       ??_C@_19LAHBEEFI@?$AAN?$AAV?$AAM?$AAe@ 0000000000009c68     UefiDevicePathLib:DevicePathFromText.obj
 0002:000009d8       ??_C@_17IHKCJEAJ@?$AAU?$AAF?$AAS@ 0000000000009c78     UefiDevicePathLib:DevicePathFromText.obj
 0002:000009e0       ??_C@_15NAFBOLGP@?$AAS?$AAD@ 0000000000009c80     UefiDevicePathLib:DevicePathFromText.obj
 0002:000009e8       ??_C@_19KDEEGBOA@?$AAe?$AAM?$AAM?$AAC@ 0000000000009c88     UefiDevicePathLib:DevicePathFromText.obj
 0002:000009f8       ??_C@_1BE@BGIBNJJP@?$AAD?$AAe?$AAb?$AAu?$AAg?$AAP?$AAo?$AAr?$AAt@ 0000000000009c98     UefiDevicePathLib:DevicePathFromText.obj
 0002:00000a10       ??_C@_17GFOANJLA@?$AAM?$AAA?$AAC@ 0000000000009cb0     UefiDevicePathLib:DevicePathFromText.obj
 0002:00000a18       ??_C@_19IJMOMJAP@?$AAI?$AAP?$AAv?$AA4@ 0000000000009cb8     UefiDevicePathLib:DevicePathFromText.obj
 0002:00000a28       ??_C@_19CDMHABIE@?$AAI?$AAP?$AAv?$AA6@ 0000000000009cc8     UefiDevicePathLib:DevicePathFromText.obj
 0002:00000a38       ??_C@_19PNLOOBKB@?$AAU?$AAa?$AAr?$AAt@ 0000000000009cd8     UefiDevicePathLib:DevicePathFromText.obj
 0002:00000a48       ??_C@_1BC@BHHGGAIE@?$AAU?$AAs?$AAb?$AAC?$AAl?$AAa?$AAs?$AAs@ 0000000000009ce8     UefiDevicePathLib:DevicePathFromText.obj
 0002:00000a60       ??_C@_1BC@NAJEJDIH@?$AAU?$AAs?$AAb?$AAA?$AAu?$AAd?$AAi?$AAo@ 0000000000009d00     UefiDevicePathLib:DevicePathFromText.obj
 0002:00000a78       ??_C@_1BM@EBMHFGAN@?$AAU?$AAs?$AAb?$AAC?$AAD?$AAC?$AAC?$AAo?$AAn?$AAt?$AAr?$AAo?$AAl@ 0000000000009d18     UefiDevicePathLib:DevicePathFromText.obj
 0002:00000a98       ??_C@_1O@MNHDOJBH@?$AAU?$AAs?$AAb?$AAH?$AAI?$AAD@ 0000000000009d38     UefiDevicePathLib:DevicePathFromText.obj
 0002:00000aa8       ??_C@_1BC@PPLGKLBF@?$AAU?$AAs?$AAb?$AAI?$AAm?$AAa?$AAg?$AAe@ 0000000000009d48     UefiDevicePathLib:DevicePathFromText.obj
 0002:00000ac0       ??_C@_1BG@PFAKNBDK@?$AAU?$AAs?$AAb?$AAP?$AAr?$AAi?$AAn?$AAt?$AAe?$AAr@ 0000000000009d60     UefiDevicePathLib:DevicePathFromText.obj
 0002:00000ad8       ??_C@_1BO@PDNPADEO@?$AAU?$AAs?$AAb?$AAM?$AAa?$AAs?$AAs?$AAS?$AAt?$AAo?$AAr?$AAa?$AAg?$AAe@ 0000000000009d78     UefiDevicePathLib:DevicePathFromText.obj
 0002:00000af8       ??_C@_1O@DLJCNOCD@?$AAU?$AAs?$AAb?$AAH?$AAu?$AAb@ 0000000000009d98     UefiDevicePathLib:DevicePathFromText.obj
 0002:00000b08       ??_C@_1BG@HNPFOCNE@?$AAU?$AAs?$AAb?$AAC?$AAD?$AAC?$AAD?$AAa?$AAt?$AAa@ 0000000000009da8     UefiDevicePathLib:DevicePathFromText.obj
 0002:00000b20       ??_C@_1BK@COBNKHKO@?$AAU?$AAs?$AAb?$AAS?$AAm?$AAa?$AAr?$AAt?$AAC?$AAa?$AAr?$AAd@ 0000000000009dc0     UefiDevicePathLib:DevicePathFromText.obj
 0002:00000b40       ??_C@_1BC@OCEEDGOJ@?$AAU?$AAs?$AAb?$AAV?$AAi?$AAd?$AAe?$AAo@ 0000000000009de0     UefiDevicePathLib:DevicePathFromText.obj
 0002:00000b58       ??_C@_1BM@LPAMJGAO@?$AAU?$AAs?$AAb?$AAD?$AAi?$AAa?$AAg?$AAn?$AAo?$AAs?$AAt?$AAi?$AAc@ 0000000000009df8     UefiDevicePathLib:DevicePathFromText.obj
 0002:00000b78       ??_C@_1BI@FHBIGIDC@?$AAU?$AAs?$AAb?$AAW?$AAi?$AAr?$AAe?$AAl?$AAe?$AAs?$AAs@ 0000000000009e18     UefiDevicePathLib:DevicePathFromText.obj
 0002:00000b90       ??_C@_1DA@MALGIHBH@?$AAU?$AAs?$AAb?$AAD?$AAe?$AAv?$AAi?$AAc?$AAe?$AAF?$AAi?$AAr?$AAm?$AAw?$AAa@ 0000000000009e30     UefiDevicePathLib:DevicePathFromText.obj
 0002:00000bc0       ??_C@_1BM@OGJGENB@?$AAU?$AAs?$AAb?$AAI?$AAr?$AAd?$AAa?$AAB?$AAr?$AAi?$AAd?$AAg?$AAe@ 0000000000009e60     UefiDevicePathLib:DevicePathFromText.obj
 0002:00000be0       ??_C@_1CM@FCDMDMMH@?$AAU?$AAs?$AAb?$AAT?$AAe?$AAs?$AAt?$AAA?$AAn?$AAd?$AAM?$AAe?$AAa?$AAs?$AAu@ 0000000000009e80     UefiDevicePathLib:DevicePathFromText.obj
 0002:00000c10       ??_C@_1BA@JFMBPOKP@?$AAU?$AAs?$AAb?$AAW?$AAw?$AAi?$AAd@ 0000000000009eb0     UefiDevicePathLib:DevicePathFromText.obj
 0002:00000c20       ??_C@_19ENIPABFF@?$AAU?$AAn?$AAi?$AAt@ 0000000000009ec0     UefiDevicePathLib:DevicePathFromText.obj
 0002:00000c30       ??_C@_1M@KIOGPKKC@?$AAi?$AAS?$AAC?$AAS?$AAI@ 0000000000009ed0     UefiDevicePathLib:DevicePathFromText.obj
 0002:00000c40       ??_C@_19DHGKIILN@?$AAV?$AAl?$AAa?$AAn@ 0000000000009ee0     UefiDevicePathLib:DevicePathFromText.obj
 0002:00000c50       ??_C@_17HMHOINNJ@?$AAD?$AAn?$AAs@ 0000000000009ef0     UefiDevicePathLib:DevicePathFromText.obj
 0002:00000c58       ??_C@_17IHNPMJHH@?$AAU?$AAr?$AAi@ 0000000000009ef8     UefiDevicePathLib:DevicePathFromText.obj
 0002:00000c60       ??_C@_1BE@DJCFELKD@?$AAB?$AAl?$AAu?$AAe?$AAt?$AAo?$AAo?$AAt?$AAh@ 0000000000009f00     UefiDevicePathLib:DevicePathFromText.obj
 0002:00000c78       ??_C@_1M@BMGHIDNG@?$AAW?$AAi?$AA?9?$AAF?$AAi@ 0000000000009f18     UefiDevicePathLib:DevicePathFromText.obj
 0002:00000c88       ??_C@_1BI@EALHOODN@?$AAB?$AAl?$AAu?$AAe?$AAt?$AAo?$AAo?$AAt?$AAh?$AAL?$AAE@ 0000000000009f28     UefiDevicePathLib:DevicePathFromText.obj
 0002:00000ca0       ??_C@_1BE@MHMKEMCG@?$AAM?$AAe?$AAd?$AAi?$AAa?$AAP?$AAa?$AAt?$AAh@ 0000000000009f40     UefiDevicePathLib:DevicePathFromText.obj
 0002:00000cb8       ??_C@_1BC@GHCKDDOI@?$AAV?$AAe?$AAn?$AAM?$AAe?$AAd?$AAi?$AAa@ 0000000000009f58     UefiDevicePathLib:DevicePathFromText.obj
 0002:00000cd0       ??_C@_1M@OFOICAAP@?$AAM?$AAe?$AAd?$AAi?$AAa@ 0000000000009f70     UefiDevicePathLib:DevicePathFromText.obj
 0002:00000cdc       ??_C@_15NJGIEIGN@?$AAF?$AAv@ 0000000000009f7c     UefiDevicePathLib:DevicePathFromText.obj
 0002:00000ce8       ??_C@_1O@HDIGBKAM@?$AAF?$AAv?$AAF?$AAi?$AAl?$AAe@ 0000000000009f88     UefiDevicePathLib:DevicePathFromText.obj
 0002:00000cf8       ??_C@_1O@LMEEEHLB@?$AAO?$AAf?$AAf?$AAs?$AAe?$AAt@ 0000000000009f98     UefiDevicePathLib:DevicePathFromText.obj
 0002:00000d08       ??_C@_1BA@MCPGEJDD@?$AAR?$AAa?$AAm?$AAD?$AAi?$AAs?$AAk@ 0000000000009fa8     UefiDevicePathLib:DevicePathFromText.obj
 0002:00000d18       ??_C@_1BI@DOBDENMH@?$AAV?$AAi?$AAr?$AAt?$AAu?$AAa?$AAl?$AAD?$AAi?$AAs?$AAk@ 0000000000009fb8     UefiDevicePathLib:DevicePathFromText.obj
 0002:00000d30       ??_C@_1BE@INMIBDPL@?$AAV?$AAi?$AAr?$AAt?$AAu?$AAa?$AAl?$AAC?$AAD@ 0000000000009fd0     UefiDevicePathLib:DevicePathFromText.obj
 0002:00000d48       ??_C@_1CM@HJNDDJNG@?$AAP?$AAe?$AAr?$AAs?$AAi?$AAs?$AAt?$AAe?$AAn?$AAt?$AAV?$AAi?$AAr?$AAt?$AAu@ 0000000000009fe8     UefiDevicePathLib:DevicePathFromText.obj
 0002:00000d78       ??_C@_1CI@NFGDEDCN@?$AAP?$AAe?$AAr?$AAs?$AAi?$AAs?$AAt?$AAe?$AAn?$AAt?$AAV?$AAi?$AAr?$AAt?$AAu@ 000000000000a018     UefiDevicePathLib:DevicePathFromText.obj
 0002:00000da0       ??_C@_1BA@EPIJMJOF@?$AAB?$AAb?$AAs?$AAP?$AAa?$AAt?$AAh@ 000000000000a040     UefiDevicePathLib:DevicePathFromText.obj
 0002:00000db0       ??_C@_17GKENOOCN@?$AAB?$AAB?$AAS@ 000000000000a050     UefiDevicePathLib:DevicePathFromText.obj
 0002:00000db8       ??_C@_19EBDONFFG@?$AAS?$AAa?$AAt?$AAa@ 000000000000a058     UefiDevicePathLib:DevicePathFromText.obj
 0002:00000dc8       ??_C@_0BO@BBJIABON@DeviceNodeStr?5?$CB?$DN?5?$CI?$CIvoid?5?$CK?$CJ?50?$CJ@ 000000000000a068     UefiDevicePathLib:DevicePathFromText.obj
 0002:00000de8       ??_C@_0BL@JFODOCGB@DevicePath?5?$CB?$DN?5?$CI?$CIvoid?5?$CK?$CJ?50?$CJ@ 000000000000a088     UefiDevicePathLib:DevicePathFromText.obj
 0002:00000e08       ??_C@_0BL@PENJEDLL@DeviceNode?5?$CB?$DN?5?$CI?$CIvoid?5?$CK?$CJ?50?$CJ@ 000000000000a0a8     UefiDevicePathLib:DevicePathFromText.obj
 0002:00000e28       ??_C@_0BJ@NNFHKMPH@Str?9?$DOStr?5?$CB?$DN?5?$CI?$CIvoid?5?$CK?$CJ?50?$CJ@ 000000000000a0c8     UefiDevicePathLib:DevicePathToText.obj
 0002:00000e50       ??_C@_0GD@GBLLMELM@e?3?2code?2adl_n100_code?2uefipldpl@ 000000000000a0f0     UefiDevicePathLib:DevicePathToText.obj
 0002:00000eb8       ??_C@_1BO@OAGLMPIF@?$AAP?$AAc?$AAi?$AA?$CI?$AA0?$AAx?$AA?$CF?$AAx?$AA?0?$AA0?$AAx?$AA?$CF?$AAx?$AA?$CJ@ 000000000000a158     UefiDevicePathLib:DevicePathToText.obj
 0002:00000ed8       ??_C@_1BK@KCEBDNMK@?$AAP?$AAc?$AAC?$AAa?$AAr?$AAd?$AA?$CI?$AA0?$AAx?$AA?$CF?$AAx?$AA?$CJ@ 000000000000a178     UefiDevicePathLib:DevicePathToText.obj
 0002:00000ef8       ??_C@_1DO@IFCJNKPC@?$AAM?$AAe?$AAm?$AAo?$AAr?$AAy?$AAM?$AAa?$AAp?$AAp?$AAe?$AAd?$AA?$CI?$AA0?$AAx@ 000000000000a198     UefiDevicePathLib:DevicePathToText.obj
 0002:00000f38       ??_C@_15FLNOEOHI@?$AAH?$AAw@ 000000000000a1d8     UefiDevicePathLib:DevicePathToText.obj
 0002:00000f40       ??_C@_1BI@PHHNEBMB@?$AAV?$AAe?$AAn?$AAP?$AAc?$AAA?$AAn?$AAs?$AAi?$AA?$CI?$AA?$CJ@ 000000000000a1e0     UefiDevicePathLib:DevicePathToText.obj
 0002:00000f58       ??_C@_1BG@IAIKNGNN@?$AAV?$AAe?$AAn?$AAV?$AAt?$AA1?$AA0?$AA0?$AA?$CI?$AA?$CJ@ 000000000000a1f8     UefiDevicePathLib:DevicePathToText.obj
 0002:00000f70       ??_C@_1BO@COEKAAEN@?$AAV?$AAe?$AAn?$AAV?$AAt?$AA1?$AA0?$AA0?$AAP?$AAl?$AAu?$AAs?$AA?$CI?$AA?$CJ@ 000000000000a210     UefiDevicePathLib:DevicePathToText.obj
 0002:00000f90       ??_C@_1BE@IDDFGEGE@?$AAV?$AAe?$AAn?$AAU?$AAt?$AAf?$AA8?$AA?$CI?$AA?$CJ@ 000000000000a230     UefiDevicePathLib:DevicePathToText.obj
 0002:00000fa8       ??_C@_1CC@FKEHNDLA@?$AAU?$AAa?$AAr?$AAt?$AAF?$AAl?$AAo?$AAw?$AAC?$AAt?$AAr?$AAl?$AA?$CI?$AA?$CF?$AAs@ 000000000000a248     UefiDevicePathLib:DevicePathToText.obj
 0002:00000fd0       ??_C@_1CM@MBOKCKGI@?$AAS?$AAA?$AAS?$AA?$CI?$AA0?$AAx?$AA?$CF?$AAl?$AAx?$AA?0?$AA0?$AAx?$AA?$CF?$AAl?$AAx@ 000000000000a270     UefiDevicePathLib:DevicePathToText.obj
 0002:00001000       ??_C@_1CE@FDCOMKL@?$AAN?$AAo?$AAT?$AAo?$AAp?$AAo?$AAl?$AAo?$AAg?$AAy?$AA?0?$AA0?$AA?0?$AA0?$AA?0@ 000000000000a2a0     UefiDevicePathLib:DevicePathToText.obj
 0002:00001028       ??_C@_1BE@MLBJKAMN@?$AA?$CF?$AAs?$AA?0?$AA?$CF?$AAs?$AA?0?$AA?$CF?$AAs?$AA?0@ 000000000000a2c8     UefiDevicePathLib:DevicePathToText.obj
 0002:0000103c       ??_C@_15KAKDEJHH@?$AA0?$AA?0@ 000000000000a2dc     UefiDevicePathLib:DevicePathToText.obj
 0002:00001048       ??_C@_1M@MJJODJOA@?$AA0?$AAx?$AA?$CF?$AAx?$AA?0@ 000000000000a2e8     UefiDevicePathLib:DevicePathToText.obj
 0002:00001058       ??_C@_1BI@EOONELPP@?$AA0?$AAx?$AA?$CF?$AAx?$AA?0?$AA0?$AA?0?$AA0?$AA?0?$AA0?$AA?0@ 000000000000a2f8     UefiDevicePathLib:DevicePathToText.obj
 0002:00001070       ??_C@_1M@POEAMJNC@?$AA0?$AAx?$AA?$CF?$AAx?$AA?$CJ@ 000000000000a310     UefiDevicePathLib:DevicePathToText.obj
 0002:00001080       ??_C@_1BI@IHPCIEPJ@?$AAD?$AAe?$AAb?$AAu?$AAg?$AAP?$AAo?$AAr?$AAt?$AA?$CI?$AA?$CJ@ 000000000000a320     UefiDevicePathLib:DevicePathToText.obj
 0002:00001098       ??_C@_13HGPDMIBE@?$AA?$DP@ 000000000000a338     UefiDevicePathLib:DevicePathToText.obj
 0002:000010a0       ??_C@_1BC@EAAHJKNI@?$AAV?$AAe?$AAn?$AA?$CF?$AAs?$AA?$CI?$AA?$CF?$AAg@ 000000000000a340     UefiDevicePathLib:DevicePathToText.obj
 0002:000010b4       ??_C@_13DEFPDAGF@?$AA?0@   000000000000a354     UefiDevicePathLib:DevicePathToText.obj
 0002:000010b8       ??_C@_19NHPFCCLF@?$AA?$CF?$AA0?$AA2?$AAx@ 000000000000a358     UefiDevicePathLib:DevicePathToText.obj
 0002:000010c4       ??_C@_13DIBMAFH@?$AA?$CJ@  000000000000a364     UefiDevicePathLib:DevicePathToText.obj
 0002:000010c8       ??_C@_1BG@PDEHEHNB@?$AAC?$AAt?$AAr?$AAl?$AA?$CI?$AA0?$AAx?$AA?$CF?$AAx?$AA?$CJ@ 000000000000a368     UefiDevicePathLib:DevicePathToText.obj
 0002:000010e0       ??_C@_1CA@OCDNKJMI@?$AAB?$AAM?$AAC?$AA?$CI?$AA0?$AAx?$AA?$CF?$AAx?$AA?0?$AA0?$AAx?$AA?$CF?$AAl?$AAx?$AA?$CJ@ 000000000000a380     UefiDevicePathLib:DevicePathToText.obj
 0002:00001100       ??_C@_1BM@LLBDFMIK@?$AAP?$AAc?$AAi?$AAR?$AAo?$AAo?$AAt?$AA?$CI?$AA0?$AAx?$AA?$CF?$AAx?$AA?$CJ@ 000000000000a3a0     UefiDevicePathLib:DevicePathToText.obj
 0002:00001120       ??_C@_1BO@IHBMGOPI@?$AAP?$AAc?$AAi?$AAe?$AAR?$AAo?$AAo?$AAt?$AA?$CI?$AA0?$AAx?$AA?$CF?$AAx?$AA?$CJ@ 000000000000a3c0     UefiDevicePathLib:DevicePathToText.obj
 0002:00001140       ??_C@_1BK@NGLNBACO@?$AAF?$AAl?$AAo?$AAp?$AAp?$AAy?$AA?$CI?$AA0?$AAx?$AA?$CF?$AAx?$AA?$CJ@ 000000000000a3e0     UefiDevicePathLib:DevicePathToText.obj
 0002:00001160       ??_C@_1BO@OEKEOEOK@?$AAK?$AAe?$AAy?$AAb?$AAo?$AAa?$AAr?$AAd?$AA?$CI?$AA0?$AAx?$AA?$CF?$AAx?$AA?$CJ@ 000000000000a400     UefiDevicePathLib:DevicePathToText.obj
 0002:00001180       ??_C@_1BK@PMIGPGKH@?$AAS?$AAe?$AAr?$AAi?$AAa?$AAl?$AA?$CI?$AA0?$AAx?$AA?$CF?$AAx?$AA?$CJ@ 000000000000a420     UefiDevicePathLib:DevicePathToText.obj
 0002:000011a0       ??_C@_1CG@CPMOJELH@?$AAP?$AAa?$AAr?$AAa?$AAl?$AAl?$AAe?$AAl?$AAP?$AAo?$AAr?$AAt?$AA?$CI?$AA0?$AAx@ 000000000000a440     UefiDevicePathLib:DevicePathToText.obj
 0002:000011c8       ??_C@_1CG@JCMCADBM@?$AAA?$AAc?$AAp?$AAi?$AA?$CI?$AAP?$AAN?$AAP?$AA?$CF?$AA0?$AA4?$AAx?$AA?0?$AA0?$AAx@ 000000000000a468     UefiDevicePathLib:DevicePathToText.obj
 0002:000011f0       ??_C@_1CE@CLIAMHCD@?$AAA?$AAc?$AAp?$AAi?$AA?$CI?$AA0?$AAx?$AA?$CF?$AA0?$AA8?$AAx?$AA?0?$AA0?$AAx?$AA?$CF@ 000000000000a490     UefiDevicePathLib:DevicePathToText.obj
 0002:00001218       ??_C@_1BI@IBECIOLF@?$AAP?$AAc?$AAi?$AAR?$AAo?$AAo?$AAt?$AA?$CI?$AA?$CF?$AAa?$AA?$CJ@ 000000000000a4b8     UefiDevicePathLib:DevicePathToText.obj
 0002:00001230       ??_C@_1BK@HOGBDMPI@?$AAP?$AAc?$AAi?$AAe?$AAR?$AAo?$AAo?$AAt?$AA?$CI?$AA?$CF?$AAa?$AA?$CJ@ 000000000000a4d0     UefiDevicePathLib:DevicePathToText.obj
 0002:00001250       ??_C@_1BG@BGLICHDL@?$AA?$CF?$AAc?$AA?$CF?$AAc?$AA?$CF?$AAc?$AA?$CF?$AA0?$AA4?$AAX@ 000000000000a4f0     UefiDevicePathLib:DevicePathToText.obj
 0002:00001268       ??_C@_1CC@CMCFGMM@?$AAA?$AAc?$AAp?$AAi?$AAE?$AAx?$AAp?$AA?$CI?$AA?$CF?$AAs?$AA?0?$AA0?$AA?0?$AA?$CF?$AAa@ 000000000000a508     UefiDevicePathLib:DevicePathToText.obj
 0002:00001290       ??_C@_1CE@CGEKHGFF@?$AAA?$AAc?$AAp?$AAi?$AAE?$AAx?$AAp?$AA?$CI?$AA?$CF?$AAs?$AA?0?$AA?$CF?$AAs?$AA?0?$AA?$CF@ 000000000000a530     UefiDevicePathLib:DevicePathToText.obj
 0002:000012b8       ??_C@_1BG@EEDCOCH@?$AAA?$AAc?$AAp?$AAi?$AAE?$AAx?$AA?$CI?$AA?$CF?$AAa?$AA?0@ 000000000000a558     UefiDevicePathLib:DevicePathToText.obj
 0002:000012d0       ??_C@_1BG@EKFNINLH@?$AAA?$AAc?$AAp?$AAi?$AAE?$AAx?$AA?$CI?$AA?$CF?$AAs?$AA?0@ 000000000000a570     UefiDevicePathLib:DevicePathToText.obj
 0002:000012e8       ??_C@_17CAHIANN@?$AA?$CF?$AAa?$AA?0@ 000000000000a588     UefiDevicePathLib:DevicePathToText.obj
 0002:000012f0       ??_C@_17EMBJCDEN@?$AA?$CF?$AAs?$AA?0@ 000000000000a590     UefiDevicePathLib:DevicePathToText.obj
 0002:000012f8       ??_C@_17DFNJHAOP@?$AA?$CF?$AAa?$AA?$CJ@ 000000000000a598     UefiDevicePathLib:DevicePathToText.obj
 0002:00001300       ??_C@_1DI@HGKBPPFE@?$AAA?$AAc?$AAp?$AAi?$AAE?$AAx?$AA?$CI?$AA?$CF?$AAs?$AA?0?$AA?$CF?$AAs?$AA?0?$AA0?$AAx@ 000000000000a5a0     UefiDevicePathLib:DevicePathToText.obj
 0002:00001338       ??_C@_1BK@IMGBACLG@?$AAA?$AAc?$AAp?$AAi?$AAA?$AAd?$AAr?$AA?$CI?$AA0?$AAx?$AA?$CF?$AAx@ 000000000000a5d8     UefiDevicePathLib:DevicePathToText.obj
 0002:00001358       ??_C@_1M@HHLNLLAC@?$AA?0?$AA0?$AAx?$AA?$CF?$AAx@ 000000000000a5f8     UefiDevicePathLib:DevicePathToText.obj
 0002:00001368       ??_C@_1BE@HBALDGNG@?$AAA?$AAt?$AAa?$AA?$CI?$AA0?$AAx?$AA?$CF?$AAx?$AA?$CJ@ 000000000000a608     UefiDevicePathLib:DevicePathToText.obj
 0002:00001380       ??_C@_1CA@EFDNFHKP@?$AAA?$AAt?$AAa?$AA?$CI?$AA?$CF?$AAs?$AA?0?$AA?$CF?$AAs?$AA?0?$AA0?$AAx?$AA?$CF?$AAx?$AA?$CJ@ 000000000000a620     UefiDevicePathLib:DevicePathToText.obj
 0002:000013a0       ??_C@_1CA@JGIMMJKB@?$AAS?$AAc?$AAs?$AAi?$AA?$CI?$AA0?$AAx?$AA?$CF?$AAx?$AA?0?$AA0?$AAx?$AA?$CF?$AAx?$AA?$CJ@ 000000000000a640     UefiDevicePathLib:DevicePathToText.obj
 0002:000013c0       ??_C@_1CG@OFFLOOAD@?$AAF?$AAi?$AAb?$AAr?$AAe?$AA?$CI?$AA0?$AAx?$AA?$CF?$AAl?$AAx?$AA?0?$AA0?$AAx?$AA?$CF@ 000000000000a660     UefiDevicePathLib:DevicePathToText.obj
 0002:000013e8       ??_C@_1BG@EHEKANON@?$AAF?$AAi?$AAb?$AAr?$AAe?$AAE?$AAx?$AA?$CI?$AA0?$AAx@ 000000000000a688     UefiDevicePathLib:DevicePathToText.obj
 0002:00001400       ??_C@_17JOPFNIFB@?$AA?0?$AA0?$AAx@ 000000000000a6a0     UefiDevicePathLib:DevicePathToText.obj
 0002:00001408       ??_C@_1BC@CKFHLIJB@?$AAS?$AAa?$AAs?$AAE?$AAx?$AA?$CI?$AA0?$AAx@ 000000000000a6a8     UefiDevicePathLib:DevicePathToText.obj
 0002:00001420       ??_C@_1O@IEGBGPLN@?$AA?0?$AA0?$AAx?$AA?$CF?$AAx?$AA?0@ 000000000000a6c0     UefiDevicePathLib:DevicePathToText.obj
 0002:00001430       ??_C@_1CC@FKOFEPIC@?$AAN?$AAo?$AAT?$AAo?$AAp?$AAo?$AAl?$AAo?$AAg?$AAy?$AA?0?$AA0?$AA?0?$AA0?$AA?0@ 000000000000a6d0     UefiDevicePathLib:DevicePathToText.obj
 0002:00001454       ??_C@_13COJANIEC@?$AA0@    000000000000a6f4     UefiDevicePathLib:DevicePathToText.obj
 0002:00001458       ??_C@_19PCNJIDGC@?$AA0?$AAx?$AA?$CF?$AAx@ 000000000000a6f8     UefiDevicePathLib:DevicePathToText.obj
 0002:00001468       ??_C@_1BG@JCDPLMKI@?$AA0?$AAx?$AA?$CF?$AAx?$AA?0?$AA0?$AA?0?$AA0?$AA?0?$AA0@ 000000000000a708     UefiDevicePathLib:DevicePathToText.obj
 0002:00001480       ??_C@_1GG@KPIKGINP@?$AAN?$AAV?$AAM?$AAe?$AA?$CI?$AA0?$AAx?$AA?$CF?$AAx?$AA?0?$AA?$CF?$AA0?$AA2?$AAx?$AA?9@ 000000000000a720     UefiDevicePathLib:DevicePathToText.obj
 0002:000014e8       ??_C@_1BO@HJLBIHHO@?$AAU?$AAF?$AAS?$AA?$CI?$AA0?$AAx?$AA?$CF?$AAx?$AA?0?$AA0?$AAx?$AA?$CF?$AAx?$AA?$CJ@ 000000000000a788     UefiDevicePathLib:DevicePathToText.obj
 0002:00001508       ??_C@_1BC@JIFEONHJ@?$AAS?$AAD?$AA?$CI?$AA0?$AAx?$AA?$CF?$AAx?$AA?$CJ@ 000000000000a7a8     UefiDevicePathLib:DevicePathToText.obj
 0002:00001520       ??_C@_1BG@BHOAMFEP@?$AAe?$AAM?$AAM?$AAC?$AA?$CI?$AA0?$AAx?$AA?$CF?$AAx?$AA?$CJ@ 000000000000a7c0     UefiDevicePathLib:DevicePathToText.obj
 0002:00001538       ??_C@_1BM@OFMOJDLM@?$AAI?$AA1?$AA3?$AA9?$AA4?$AA?$CI?$AA?$CF?$AA0?$AA1?$AA6?$AAl?$AAx?$AA?$CJ@ 000000000000a7d8     UefiDevicePathLib:DevicePathToText.obj
 0002:00001558       ??_C@_1BO@CIMDKCCI@?$AAU?$AAS?$AAB?$AA?$CI?$AA0?$AAx?$AA?$CF?$AAx?$AA?0?$AA0?$AAx?$AA?$CF?$AAx?$AA?$CJ@ 000000000000a7f8     UefiDevicePathLib:DevicePathToText.obj
 0002:00001578       ??_C@_0BH@GADOMDOK@NewStr?5?$CB?$DN?5?$CI?$CIvoid?5?$CK?$CJ?50?$CJ@ 000000000000a818     UefiDevicePathLib:DevicePathToText.obj
 0002:00001590       ??_C@_1DK@IPDOPIPA@?$AAU?$AAs?$AAb?$AAW?$AAw?$AAi?$AAd?$AA?$CI?$AA0?$AAx?$AA?$CF?$AAx?$AA?0?$AA0?$AAx@ 000000000000a830     UefiDevicePathLib:DevicePathToText.obj
 0002:000015d0       ??_C@_1BG@NJNCNCKM@?$AAU?$AAn?$AAi?$AAt?$AA?$CI?$AA0?$AAx?$AA?$CF?$AAx?$AA?$CJ@ 000000000000a870     UefiDevicePathLib:DevicePathToText.obj
 0002:000015e8       ??_C@_1CM@JDEAFCK@?$AA?$CI?$AA0?$AAx?$AA?$CF?$AAx?$AA?0?$AA0?$AAx?$AA?$CF?$AAx?$AA?0?$AA0?$AAx?$AA?$CF?$AAx@ 000000000000a888     UefiDevicePathLib:DevicePathToText.obj
 0002:00001620       ??_C@_1FA@DIDNHLOK@?$AAU?$AAs?$AAb?$AAD?$AAe?$AAv?$AAi?$AAc?$AAe?$AAF?$AAi?$AAr?$AAm?$AAw?$AAa@ 000000000000a8c0     UefiDevicePathLib:DevicePathToText.obj
 0002:00001670       ??_C@_1DM@JLMEALMP@?$AAU?$AAs?$AAb?$AAI?$AAr?$AAd?$AAa?$AAB?$AAr?$AAi?$AAd?$AAg?$AAe?$AA?$CI?$AA0@ 000000000000a910     UefiDevicePathLib:DevicePathToText.obj
 0002:000016b0       ??_C@_1EM@PFIODAIB@?$AAU?$AAs?$AAb?$AAT?$AAe?$AAs?$AAt?$AAA?$AAn?$AAd?$AAM?$AAe?$AAa?$AAs?$AAu@ 000000000000a950     UefiDevicePathLib:DevicePathToText.obj
 0002:00001700       ??_C@_1EG@NMOJJABI@?$AAU?$AAs?$AAb?$AAC?$AAl?$AAa?$AAs?$AAs?$AA?$CI?$AA0?$AAx?$AA?$CF?$AAx?$AA?0?$AA0@ 000000000000a9a0     UefiDevicePathLib:DevicePathToText.obj
 0002:00001748       ??_C@_1CK@MHLLPHIN@?$AAS?$AAa?$AAt?$AAa?$AA?$CI?$AA0?$AAx?$AA?$CF?$AAx?$AA?0?$AA0?$AAx?$AA?$CF?$AAx?$AA?0@ 000000000000a9e8     UefiDevicePathLib:DevicePathToText.obj
 0002:00001778       ??_C@_1BE@GPJMKBFH@?$AAI?$AA2?$AAO?$AA?$CI?$AA0?$AAx?$AA?$CF?$AAx?$AA?$CJ@ 000000000000aa18     UefiDevicePathLib:DevicePathToText.obj
 0002:00001790       ??_C@_19HOEMCGPJ@?$AAM?$AAA?$AAC?$AA?$CI@ 000000000000aa30     UefiDevicePathLib:DevicePathToText.obj
 0002:000017a0       ??_C@_1O@LDLPJPIP@?$AA?0?$AA0?$AAx?$AA?$CF?$AAx?$AA?$CJ@ 000000000000aa40     UefiDevicePathLib:DevicePathToText.obj
 0002:000017b0       ??_C@_1BI@FCMLLAGN@?$AA?$CF?$AAd?$AA?4?$AA?$CF?$AAd?$AA?4?$AA?$CF?$AAd?$AA?4?$AA?$CF?$AAd@ 000000000000aa50     UefiDevicePathLib:DevicePathToText.obj
 0002:000017d0       ??_C@_1JA@HKGNNMMG@?$AA?$CF?$AA0?$AA2?$AAx?$AA?$CF?$AA0?$AA2?$AAx?$AA?3?$AA?$CF?$AA0?$AA2?$AAx?$AA?$CF?$AA0@ 000000000000aa70     UefiDevicePathLib:DevicePathToText.obj
 0002:00001860       ??_C@_1M@KGGIME@?$AAI?$AAP?$AAv?$AA4?$AA?$CI@ 000000000000ab00     UefiDevicePathLib:DevicePathToText.obj
 0002:00001870       ??_C@_19DDJNJOGL@?$AAD?$AAH?$AAC?$AAP@ 000000000000ab10     UefiDevicePathLib:DevicePathToText.obj
 0002:00001880       ??_C@_19JPNAHHAM@?$AA?0?$AA?$CF?$AAs?$AA?0@ 000000000000ab20     UefiDevicePathLib:DevicePathToText.obj
 0002:00001890       ??_C@_1M@ENGOMJMP@?$AAI?$AAP?$AAv?$AA6?$AA?$CI@ 000000000000ab30     UefiDevicePathLib:DevicePathToText.obj
 0002:000018a0       ??_C@_1BC@CMHMGCCH@?$AA?0?$AAS?$AAt?$AAa?$AAt?$AAi?$AAc?$AA?0@ 000000000000ab40     UefiDevicePathLib:DevicePathToText.obj
 0002:000018b8       ??_C@_1DC@LOFPJEEL@?$AA?0?$AAS?$AAt?$AAa?$AAt?$AAe?$AAl?$AAe?$AAs?$AAs?$AAA?$AAu?$AAt?$AAo?$AAC@ 000000000000ab58     UefiDevicePathLib:DevicePathToText.obj
 0002:000018f0       ??_C@_1DA@HMGEOIF@?$AA?0?$AAS?$AAt?$AAa?$AAt?$AAe?$AAf?$AAu?$AAl?$AAA?$AAu?$AAt?$AAo?$AAC?$AAo@ 000000000000ab90     UefiDevicePathLib:DevicePathToText.obj
 0002:00001920       ??_C@_1EM@IPHLFBGI@?$AAI?$AAn?$AAf?$AAi?$AAn?$AAi?$AAb?$AAa?$AAn?$AAd?$AA?$CI?$AA0?$AAx?$AA?$CF?$AAx@ 000000000000abc0     UefiDevicePathLib:DevicePathToText.obj
 0002:00001970       ??_C@_1BM@EHGODEHA@?$AAU?$AAa?$AAr?$AAt?$AA?$CI?$AAD?$AAE?$AAF?$AAA?$AAU?$AAL?$AAT?$AA?0@ 000000000000ac10     UefiDevicePathLib:DevicePathToText.obj
 0002:00001990       ??_C@_1BE@OEIOOGGH@?$AAU?$AAa?$AAr?$AAt?$AA?$CI?$AA?$CF?$AAl?$AAd?$AA?0@ 000000000000ac30     UefiDevicePathLib:DevicePathToText.obj
 0002:000019a8       ??_C@_1BC@DDKPDLCJ@?$AAD?$AAE?$AAF?$AAA?$AAU?$AAL?$AAT?$AA?0@ 000000000000ac48     UefiDevicePathLib:DevicePathToText.obj
 0002:000019c0       ??_C@_17FCMKBBGO@?$AA?$CF?$AAd?$AA?0@ 000000000000ac60     UefiDevicePathLib:DevicePathToText.obj
 0002:000019c8       ??_C@_17EPMPCBNG@?$AA?$CF?$AAc?$AA?0@ 000000000000ac68     UefiDevicePathLib:DevicePathToText.obj
 0002:000019d0       ??_C@_15HMOPGJC@?$AAD?$AA?$CJ@ 000000000000ac70     UefiDevicePathLib:DevicePathToText.obj
 0002:000019d8       ??_C@_15FMCBGKOA@?$AA1?$AA?$CJ@ 000000000000ac78     UefiDevicePathLib:DevicePathToText.obj
 0002:000019e0       ??_C@_19PODFHIEB@?$AA1?$AA?4?$AA5?$AA?$CJ@ 000000000000ac80     UefiDevicePathLib:DevicePathToText.obj
 0002:000019ec       ??_C@_15NKLFBIEO@?$AA2?$AA?$CJ@ 000000000000ac8c     UefiDevicePathLib:DevicePathToText.obj
 0002:000019f4       ??_C@_15HEHGDBEE@?$AAx?$AA?$CJ@ 000000000000ac94     UefiDevicePathLib:DevicePathToText.obj
 0002:00001a00       ??_C@_1CC@OKJDLPLB@?$AAi?$AAS?$AAC?$AAS?$AAI?$AA?$CI?$AA?$CF?$AAa?$AA?0?$AA0?$AAx?$AA?$CF?$AAx?$AA?0?$AA0@ 000000000000aca0     UefiDevicePathLib:DevicePathToText.obj
 0002:00001a28       ??_C@_1BA@FMEKDPAI@?$AAC?$AAH?$AAA?$AAP?$AA_?$AAB?$AAI@ 000000000000acc8     UefiDevicePathLib:DevicePathToText.obj
 0002:00001a38       ??_C@_1BC@EFEBCBGB@?$AAr?$AAe?$AAs?$AAe?$AAr?$AAv?$AAe?$AAd@ 000000000000acd8     UefiDevicePathLib:DevicePathToText.obj
 0002:00001a50       ??_C@_17HLMHNDHP@?$AA?$CF?$AAs?$AA?$CJ@ 000000000000acf0     UefiDevicePathLib:DevicePathToText.obj
 0002:00001a58       ??_C@_1BC@OPCHKNKH@?$AAV?$AAl?$AAa?$AAn?$AA?$CI?$AA?$CF?$AAd?$AA?$CJ@ 000000000000acf8     UefiDevicePathLib:DevicePathToText.obj
 0002:00001a70       ??_C@_1EI@EPMFLBAJ@?$AAB?$AAl?$AAu?$AAe?$AAt?$AAo?$AAo?$AAt?$AAh?$AA?$CI?$AA?$CF?$AA0?$AA2?$AAx?$AA?$CF@ 000000000000ad10     UefiDevicePathLib:DevicePathToText.obj
 0002:00001ab8       ??_C@_1BE@DKODNJMI@?$AAW?$AAi?$AA?9?$AAF?$AAi?$AA?$CI?$AA?$CF?$AAa?$AA?$CJ@ 000000000000ad58     UefiDevicePathLib:DevicePathToText.obj
 0002:00001ad0       ??_C@_1FK@LABBEHKJ@?$AAB?$AAl?$AAu?$AAe?$AAt?$AAo?$AAo?$AAt?$AAh?$AAL?$AAE?$AA?$CI?$AA?$CF?$AA0?$AA2@ 000000000000ad70     UefiDevicePathLib:DevicePathToText.obj
 0002:00001b30       ??_C@_19KGHFHKGE@?$AAD?$AAn?$AAs?$AA?$CI@ 000000000000add0     UefiDevicePathLib:DevicePathToText.obj
 0002:00001b40       ??_C@_0BH@EDBFFFOA@UriStr?5?$CB?$DN?5?$CI?$CIvoid?5?$CK?$CJ?50?$CJ@ 000000000000ade0     UefiDevicePathLib:DevicePathToText.obj
 0002:00001b58       ??_C@_1BA@OMDAJDPE@?$AAU?$AAr?$AAi?$AA?$CI?$AA?$CF?$AAa?$AA?$CJ@ 000000000000adf8     UefiDevicePathLib:DevicePathToText.obj
 0002:00001b68       ??_C@_1CC@GGNPKJFE@?$AAH?$AAD?$AA?$CI?$AA?$CF?$AAd?$AA?0?$AA?$CF?$AAs?$AA?0?$AA0?$AAx?$AA?$CF?$AA0?$AA8?$AAx@ 000000000000ae08     UefiDevicePathLib:DevicePathToText.obj
 0002:00001b90       ??_C@_1BK@NDBPAJDF@?$AAH?$AAD?$AA?$CI?$AA?$CF?$AAd?$AA?0?$AA?$CF?$AAs?$AA?0?$AA?$CF?$AAg?$AA?0@ 000000000000ae30     UefiDevicePathLib:DevicePathToText.obj
 0002:00001bb0       ??_C@_1BI@BCKDFMFI@?$AAH?$AAD?$AA?$CI?$AA?$CF?$AAd?$AA?0?$AA?$CF?$AAd?$AA?0?$AA0?$AA?0@ 000000000000ae50     UefiDevicePathLib:DevicePathToText.obj
 0002:00001bc8       ??_C@_1BK@MMBDHGIK@?$AA0?$AAx?$AA?$CF?$AAl?$AAx?$AA?0?$AA0?$AAx?$AA?$CF?$AAl?$AAx?$AA?$CJ@ 000000000000ae68     UefiDevicePathLib:DevicePathToText.obj
 0002:00001be8       ??_C@_1BI@EEHCFNDN@?$AAC?$AAD?$AAR?$AAO?$AAM?$AA?$CI?$AA0?$AAx?$AA?$CF?$AAx?$AA?$CJ@ 000000000000ae88     UefiDevicePathLib:DevicePathToText.obj
 0002:00001c00       ??_C@_1DA@JMLBJEDN@?$AAC?$AAD?$AAR?$AAO?$AAM?$AA?$CI?$AA0?$AAx?$AA?$CF?$AAx?$AA?0?$AA0?$AAx?$AA?$CF?$AAl@ 000000000000aea0     UefiDevicePathLib:DevicePathToText.obj
 0002:00001c30       ??_C@_15GANGMFKL@?$AA?$CF?$AAs@ 000000000000aed0     UefiDevicePathLib:DevicePathToText.obj
 0002:00001c38       ??_C@_1BE@CJGJAKDA@?$AAM?$AAe?$AAd?$AAi?$AAa?$AA?$CI?$AA?$CF?$AAg?$AA?$CJ@ 000000000000aed8     UefiDevicePathLib:DevicePathToText.obj
 0002:00001c50       ??_C@_1O@HJJPOOCL@?$AAF?$AAv?$AA?$CI?$AA?$CF?$AAg?$AA?$CJ@ 000000000000aef0     UefiDevicePathLib:DevicePathToText.obj
 0002:00001c60       ??_C@_1BG@MHENELFF@?$AAF?$AAv?$AAF?$AAi?$AAl?$AAe?$AA?$CI?$AA?$CF?$AAg?$AA?$CJ@ 000000000000af00     UefiDevicePathLib:DevicePathToText.obj
 0002:00001c78       ??_C@_1CI@FAOKAOM@?$AAO?$AAf?$AAf?$AAs?$AAe?$AAt?$AA?$CI?$AA0?$AAx?$AA?$CF?$AAl?$AAx?$AA?0?$AA0?$AAx@ 000000000000af18     UefiDevicePathLib:DevicePathToText.obj
 0002:00001ca0       ??_C@_1DI@GJAGNPCG@?$AAV?$AAi?$AAr?$AAt?$AAu?$AAa?$AAl?$AAD?$AAi?$AAs?$AAk?$AA?$CI?$AA0?$AAx?$AA?$CF@ 000000000000af40     UefiDevicePathLib:DevicePathToText.obj
 0002:00001cd8       ??_C@_1DE@FBEBFJJD@?$AAV?$AAi?$AAr?$AAt?$AAu?$AAa?$AAl?$AAC?$AAD?$AA?$CI?$AA0?$AAx?$AA?$CF?$AAl?$AAx@ 000000000000af78     UefiDevicePathLib:DevicePathToText.obj
 0002:00001d10       ??_C@_1EM@PFGFJDCD@?$AAP?$AAe?$AAr?$AAs?$AAi?$AAs?$AAt?$AAe?$AAn?$AAt?$AAV?$AAi?$AAr?$AAt?$AAu@ 000000000000afb0     UefiDevicePathLib:DevicePathToText.obj
 0002:00001d60       ??_C@_1EI@IJLGIAIE@?$AAP?$AAe?$AAr?$AAs?$AAi?$AAs?$AAt?$AAe?$AAn?$AAt?$AAV?$AAi?$AAr?$AAt?$AAu@ 000000000000b000     UefiDevicePathLib:DevicePathToText.obj
 0002:00001da8       ??_C@_1DG@IFGHOPEL@?$AAR?$AAa?$AAm?$AAD?$AAi?$AAs?$AAk?$AA?$CI?$AA0?$AAx?$AA?$CF?$AAl?$AAx?$AA?0?$AA0@ 000000000000b048     UefiDevicePathLib:DevicePathToText.obj
 0002:00001de0       ??_C@_1BE@EICHFCPK@?$AAB?$AAB?$AAS?$AA?$CI?$AA?$CF?$AAs?$AA?0?$AA?$CF?$AAa@ 000000000000b080     UefiDevicePathLib:DevicePathToText.obj
 0002:00001df8       ??_C@_1BI@EAEHELAJ@?$AAB?$AAB?$AAS?$AA?$CI?$AA0?$AAx?$AA?$CF?$AAx?$AA?0?$AA?$CF?$AAa@ 000000000000b098     UefiDevicePathLib:DevicePathToText.obj
 0002:00001e10       ??_C@_1BG@BNMBFAIA@?$AAP?$AAa?$AAt?$AAh?$AA?$CI?$AA?$CF?$AAd?$AA?0?$AA?$CF?$AAd@ 000000000000b0b0     UefiDevicePathLib:DevicePathToText.obj
 0002:00001e28       ??_C@_1M@NAHACGNB@?$AA?$CF?$AAs?$AA?$CI?$AA?$CF?$AAd@ 000000000000b0c8     UefiDevicePathLib:DevicePathToText.obj
 0002:00001e38       ??_C@_0BI@JHENLKMB@Str?4Str?5?$CB?$DN?5?$CI?$CIvoid?5?$CK?$CJ?50?$CJ@ 000000000000b0d8     UefiDevicePathLib:DevicePathToText.obj
 0002:00001e50       ??_C@_13CGOKJPIL@?$AA?1@   000000000000b0f0     UefiDevicePathLib:DevicePathToText.obj
 0002:00001e60       mUefiDevicePathLibToTextTableGeneric 000000000000b100     UefiDevicePathLib:DevicePathToText.obj
 0002:00001ec0       mUefiDevicePathLibToTextTable 000000000000b160     UefiDevicePathLib:DevicePathToText.obj
 0002:000021e0       ??_C@_0FB@KBFNGELC@e?3?2code?2adl_n100_code?2uefipldpl@ 000000000000b480     DxeHobLib:HobLib.obj
 0002:00002238       ??_C@_0BJ@OBFMLLDO@mHobList?5?$CB?$DN?5?$CI?$CIvoid?5?$CK?$CJ?50?$CJ@ 000000000000b4d8     DxeHobLib:HobLib.obj
 0002:00002258       ??_C@_0BJ@NOLLDKJB@HobStart?5?$CB?$DN?5?$CI?$CIvoid?5?$CK?$CJ?50?$CJ@ 000000000000b4f8     DxeHobLib:HobLib.obj
 0002:00002278       ??_C@_0BC@FEDIJHFF@?$CI?$CIBOOLEAN?$CJ?$CI0?$DN?$DN1?$CJ?$CJ@ 000000000000b518     DxeHobLib:HobLib.obj
 0002:00002290       ??_C@_0ED@MKGCMJG@?$CILength?5?9?51?$CJ?5?$DM?$DN?5?$CI0xFFFFFFFFFFFF@ 000000000000b530     BaseMemoryLibRepStr:CopyMemWrapper.obj
 0002:000022e0       ??_C@_0GD@KEIKLFBO@e?3?2code?2adl_n100_code?2uefipldpl@ 000000000000b580     BaseMemoryLibRepStr:CopyMemWrapper.obj
 0002:00002348       ??_C@_0DO@MAOBOFEG@?$CILength?5?9?51?$CJ?5?$DM?$DN?5?$CI0xFFFFFFFFFFFF@ 000000000000b5e8     BaseMemoryLibRepStr:CopyMemWrapper.obj
 0002:00002388       ??_C@_0DG@EEENIGGL@Length?5?$DM?$DN?5?$CI0xFFFFFFFFFFFFFFFFUL@ 000000000000b628     BaseMemoryLibRepStr:MemLibGuid.obj
 0002:000023c0       ??_C@_0GD@BACINENJ@e?3?2code?2adl_n100_code?2uefipldpl@ 000000000000b660     BaseMemoryLibRepStr:ZeroMemWrapper.obj
 0002:00002430       ??_C@_0EP@EKIACOFF@e?3?2code?2adl_n100_code?2uefipldpl@ 000000000000b6d0     BaseLib:String.obj
 0002:00002480       ??_C@_0CI@LLKACKFD@?$CI?$CIUINTN?$CJ?5Destination?5?$CG?50x000000@ 000000000000b720     BaseLib:String.obj
 0002:000024a8       ??_C@_0DL@LFIMEMJP@Length?5?$DM?$DN?5_gPcd_FixedAtBuild_Pc@ 000000000000b748     BaseLib:String.obj
 0002:000024e8       ??_C@_0BH@MAAHKCPC@String?5?$CB?$DN?5?$CI?$CIvoid?5?$CK?$CJ?50?$CJ@ 000000000000b788     BaseLib:String.obj
 0002:00002500       ??_C@_0CD@BDCLIGHD@?$CI?$CIUINTN?$CJ?5String?5?$CG?50x00000001?$CJ?5?$DN@ 000000000000b7a0     BaseLib:String.obj
 0002:00002528       ??_C@_0DK@EOJCOAME@Length?5?$DM?5_gPcd_FixedAtBuild_Pcd@ 000000000000b7c8     BaseLib:String.obj
 0002:00002568       ??_C@_0BL@JAAMOCAJ@StrSize?5?$CIFirstString?$CJ?5?$CB?$DN?50@ 000000000000b808     BaseLib:String.obj
 0002:00002588       ??_C@_0BM@DALBOILC@StrSize?5?$CISecondString?$CJ?5?$CB?$DN?50@ 000000000000b828     BaseLib:String.obj
 0002:000025a8       ??_C@_0BA@MFHLDCJH@?$CKSource?5?$DM?50x100@ 000000000000b848     BaseLib:String.obj
 0002:000025b8       ??_C@_0DI@MDIKFADO@Length?5?$DM?5_gPcd_FixedAtBuild_Pcd@ 000000000000b858     BaseLib:String.obj
 0002:000025f0       ??_C@_0FC@OLDIOFBJ@e?3?2code?2adl_n100_code?2uefipldpl@ 000000000000b890     BaseLib:Unaligned.obj
 0002:00002650       ??_C@_0FD@GHHGINGE@e?3?2code?2adl_n100_code?2uefipldpl@ 000000000000b8f0     BaseLib:SafeString.obj
 0002:000026a8       ??_C@_0CD@COCJPGE@?$CI?$CIUINTN?$CJ?5Source?5?$CG?50x00000001?$CJ?5?$DN@ 000000000000b948     BaseLib:SafeString.obj
 0002:000026d0       ??_C@_0BG@GNFHKOHD@?$CIDestination?5?$CB?$DN?5NULL?$CJ@ 000000000000b970     BaseLib:SafeString.obj
 0002:000026e8       ??_C@_07KBGDFDAM@StrCpyS@  000000000000b988     BaseLib:SafeString.obj
 0002:000026f0       ??_C@_0EA@PDPDJJNN@?$CFa?$CI?$CFd?$CJ?5?$CFa?3?5SAFE_STRING_CONSTRAI@ 000000000000b990     BaseLib:SafeString.obj
 0002:00002730       ??_C@_0BB@OBKINEMG@?$CISource?5?$CB?$DN?5NULL?$CJ@ 000000000000b9d0     BaseLib:SafeString.obj
 0002:00002748       ??_C@_0BH@MMFGGDJF@?$CIDestMax?5?$DM?$DN?5RSIZE_MAX?$CJ@ 000000000000b9e8     BaseLib:SafeString.obj
 0002:00002760       ??_C@_0P@PMIMLIHM@?$CIDestMax?5?$CB?$DN?50?$CJ@ 000000000000ba00     BaseLib:SafeString.obj
 0002:00002770       ??_C@_0BG@EEGIIOKH@?$CIDestMax?5?$DO?5SourceLen?$CJ@ 000000000000ba10     BaseLib:SafeString.obj
 0002:00002790       ??_C@_0FH@PPBLBDBJ@InternalSafeStringNoStrOverlap?5@ 000000000000ba30     BaseLib:SafeString.obj
 0002:000027e8       ??_C@_0BG@NOPJDCOF@?$CILength?5?$DM?$DN?5RSIZE_MAX?$CJ@ 000000000000ba88     BaseLib:SafeString.obj
 0002:00002800       ??_C@_0BB@ILPOOGOB@?$CIString?5?$CB?$DN?5NULL?$CJ@ 000000000000baa0     BaseLib:SafeString.obj
 0002:00002818       ??_C@_0BD@NNBAKNOF@StrDecimalToUintnS@ 000000000000bab8     BaseLib:SafeString.obj
 0002:00002830       ??_C@_0P@HAABELCO@?$CIData?5?$CB?$DN?5NULL?$CJ@ 000000000000bad0     BaseLib:SafeString.obj
 0002:00002840       ??_C@_0DA@NJKHGHPM@?$CIStrnLenS?5?$CIString?0?5RSIZE_MAX?5?$CL?5@ 000000000000bae0     BaseLib:SafeString.obj
 0002:00002870       ??_C@_0BE@CAKPCCF@StrDecimalToUint64S@ 000000000000bb10     BaseLib:SafeString.obj
 0002:00002888       ??_C@_0P@FDCJFGP@StrHexToUintnS@ 000000000000bb28     BaseLib:SafeString.obj
 0002:00002898       ??_C@_0BA@PLPLKCD@StrHexToUint64S@ 000000000000bb38     BaseLib:SafeString.obj
 0002:000028a8       ??_C@_0BB@LMEEEKHP@StrToIpv6Address@ 000000000000bb48     BaseLib:SafeString.obj
 0002:000028c0       ??_C@_0BC@CDOPNNIH@?$CIAddress?5?$CB?$DN?5NULL?$CJ@ 000000000000bb60     BaseLib:SafeString.obj
 0002:000028e0       ??_C@_0EK@OFPBBCEA@AddressIndex?5?$CL?51?5?$DM?5?$CIsizeof?5?$CIAdd@ 000000000000bb80     BaseLib:SafeString.obj
 0002:00002930       ??_C@_0BB@JCLCGCPJ@StrToIpv4Address@ 000000000000bbd0     BaseLib:SafeString.obj
 0002:00002948       ??_C@_09NDPBFECG@StrToGuid@ 000000000000bbe8     BaseLib:SafeString.obj
 0002:00002958       ??_C@_0P@JLDOOCOJ@?$CIGuid?5?$CB?$DN?5NULL?$CJ@ 000000000000bbf8     BaseLib:SafeString.obj
 0002:00002968       ??_C@_0O@GDLPMLII@StrHexToBytes@ 000000000000bc08     BaseLib:SafeString.obj
 0002:00002978       ??_C@_0BB@IMBHDIMD@?$CIBuffer?5?$CB?$DN?5NULL?$CJ@ 000000000000bc18     BaseLib:SafeString.obj
 0002:00002990       ??_C@_0BH@DEABKGBC@?$CI?$CILength?5?$CG?5BIT0?$CJ?5?$DN?$DN?50?$CJ@ 000000000000bc30     BaseLib:SafeString.obj
 0002:000029a8       ??_C@_0BO@HHMNFJIK@?$CIMaxBufferSize?5?$DO?$DN?5Length?5?1?52?$CJ@ 000000000000bc48     BaseLib:SafeString.obj
 0002:000029c8       ??_C@_0BG@ECBHNCII@UnicodeStrToAsciiStrS@ 000000000000bc68     BaseLib:SafeString.obj
 0002:000029e0       ??_C@_0GG@LFLPCMEL@?$CBInternalSafeStringIsOverlap?5?$CID@ 000000000000bc80     BaseLib:SafeString.obj
 0002:00002a48       ??_C@_0N@KGHEHMDL@Divisor?5?$CB?$DN?50@ 000000000000bce8     BaseLib:DivU64x32.obj
 0002:00002a58       ??_C@_0CI@BGLNHBLM@?$CI?$CI?$CIUINTN?$CJ?5?$CIStartOfBuffer?$CJ?$CJ?5?$CG?50x@ 000000000000bcf8     BasePrintLib:PrintLib.obj
 0002:00002a80       ??_C@_0FG@KHGEGNOH@e?3?2code?2adl_n100_code?2uefipldpl@ 000000000000bd20     BasePrintLib:PrintLib.obj
 0002:00002ad8       ??_C@_0CH@KJLBGOBB@?$CI?$CI?$CIUINTN?$CJ?5?$CIFormatString?$CJ?$CJ?5?$CG?50x0@ 000000000000bd78     BasePrintLib:PrintLib.obj
 0002:00002b00       ??_C@_0FO@GLOLNBHK@e?3?2code?2adl_n100_code?2uefipldpl@ 000000000000bda0     BasePrintLib:PrintLibInternal.obj
 0002:00002b60       ??_C@_0BJ@CNKJJNE@?$CIBuffer?5?$CB?$DN?5?$CI?$CIvoid?5?$CK?$CJ?50?$CJ?$CJ@ 000000000000be00     BasePrintLib:PrintLibInternal.obj
 0002:00002b80       ??_C@_0EB@HDGIDCIO@?$CIBufferSize?5?$DM?$DN?5?$CI_gPcd_FixedAtBu@ 000000000000be20     BasePrintLib:PrintLibInternal.obj
 0002:00002bc8       ??_C@_0BJ@PPAKKDJG@?$CIFormat?5?$CB?$DN?5?$CI?$CIvoid?5?$CK?$CJ?50?$CJ?$CJ@ 000000000000be68     BasePrintLib:PrintLibInternal.obj
 0002:00002bf0       ??_C@_0ED@LPDDCECB@?$CIBufferSize?5?$DM?$DN?5?$CI_gPcd_FixedAtBu@ 000000000000be90     BasePrintLib:PrintLibInternal.obj
 0002:00002c40       ??_C@_0IM@BFJJFLGB@?$CIStrnLenS?5?$CI?$CICHAR16?5?$CK?$CJFormat?0?5?$CI_@ 000000000000bee0     BasePrintLib:PrintLibInternal.obj
 0002:00002cd0       ??_C@_0ID@PLGJGION@?$CIAsciiStrnLenS?5?$CIFormat?0?5?$CI_gPcd_@ 000000000000bf70     BasePrintLib:PrintLibInternal.obj
 0002:00002d58       ??_C@_0O@MLOLIMFM@?$DMnull?5string?$DO@ 000000000000bff8     BasePrintLib:PrintLibInternal.obj
 0002:00002d68       ??_C@_0M@BJJDNPHK@?$DMnull?5guid?$DO@ 000000000000c008     BasePrintLib:PrintLibInternal.obj
 0002:00002d78       ??_C@_0DB@PMLHLBMO@?$CF08x?9?$CF04x?9?$CF04x?9?$CF02x?$CF02x?9?$CF02x?$CF02@ 000000000000c018     BasePrintLib:PrintLibInternal.obj
 0002:00002db0       ??_C@_0M@LHGBCIKM@?$DMnull?5time?$DO@ 000000000000c050     BasePrintLib:PrintLibInternal.obj
 0002:00002dc0       ??_C@_0BK@FCPKCIDD@?$CF02d?1?$CF02d?1?$CF04d?5?5?$CF02d?3?$CF02d@ 000000000000c060     BasePrintLib:PrintLibInternal.obj
 0002:00002ddc       ??_C@_04JIMNDDED@?$CF08X@  000000000000c07c     BasePrintLib:PrintLibInternal.obj
 0002:00002de4       ??_C@_02PCIJFNDE@?$AN?6@   000000000000c084     BasePrintLib:PrintLibInternal.obj
 0002:00002de8       ??_C@_01LIIJDEN@?$AN@      000000000000c088     BasePrintLib:PrintLibInternal.obj
 0002:00002df0       mWarningString             000000000000c090     BasePrintLib:PrintLibInternal.obj
 0002:00002e90       mErrorString               000000000000c130     BasePrintLib:PrintLibInternal.obj
 0002:00003150       mHexStr                    000000000000c3f0     BasePrintLib:PrintLibInternal.obj
 0002:00003160       ??_C@_0GM@CBJAAOLO@e?3?2code?2adl_n100_code?2uefipldpl@ 000000000000c400     UefiMemoryAllocationLib:MemoryAllocationLib.obj
 0002:000031d0       ??_C@_0DP@CGKEPFGH@AllocationSize?5?$DM?$DN?5?$CI0xFFFFFFFFFF@ 000000000000c470     UefiMemoryAllocationLib:MemoryAllocationLib.obj
 0002:00003210       ??_C@_0HM@INGECGBC@e?3?2code?2adl_n100_code?2uefipldpl@ 000000000000c4b0     SblParseLib:SblParseLib.obj
 0002:00003290       ??_C@_0BF@GKGPMHBK@HandoffTable?5?$DN?50x?$CFp?6@ 000000000000c530     SblParseLib:SblParseLib.obj
 0002:000032a8       ??_C@_0BO@JGHCOEDD@?6?6ERROR?5?5the?5hob?5check?5fail?4?6@ 000000000000c548     SblParseLib:SblParseLib.obj
 0002:000032c8       ??_C@_0BI@NCGMODPG@HobList?5?$CB?$DN?5?$CI?$CIvoid?5?$CK?$CJ?50?$CJ@ 000000000000c568     SblParseLib:SblParseLib.obj
 0002:000032e0       ??_C@_0FL@HLNNCKBP@e?3?2code?2adl_n100_code?2uefipldpl@ 000000000000c580     BaseLib:DivU64x32Remainder.obj
 0002:00003340       ??_C@_0FJ@GBGHCPBH@e?3?2code?2adl_n100_code?2uefipldpl@ 000000000000c5e0     BaseIoLibIntrinsic:IoLib.obj
 0002:000033a0       ??_C@_0BD@OMMAJMCK@?$CIAddress?5?$CG?53?$CJ?5?$DN?$DN?50@ 000000000000c640     BaseIoLibIntrinsic:IoLib.obj
 0002:000033b8       ??_C@_0BO@BAKALPJK@?$CI?$CIAddress?$CJ?5?$CG?5?$HO0xfffffff?$CJ?5?$DN?$DN?50@ 000000000000c658     BasePciExpressLib:PciExpressLib.obj
 0002:000033e0       ??_C@_0GA@NDAEIBGJ@e?3?2code?2adl_n100_code?2uefipldpl@ 000000000000c680     BasePciExpressLib:PciExpressLib.obj
 0002:00003440       ??_C@_0FE@EJOAIEGJ@e?3?2code?2adl_n100_code?2uefipldpl@ 000000000000c6e0     DxePcdLib:DxePcdLib.obj
 0002:00003498       ??_C@_0BF@OOKDELHM@mPcd?5?$CB?$DN?5?$CI?$CIvoid?5?$CK?$CJ?50?$CJ@ 000000000000c738     DxePcdLib:DxePcdLib.obj
 0002:00003504       __volatile_metadata        000000000000c7a4     <linker-defined>
 0003:00000000       gEfiVirtualCdGuid          000000000000cca0     DevicePathDxe:AutoGen.obj
 0003:00000010       gUefiSerialPortInfoGuid    000000000000ccb0     DevicePathDxe:AutoGen.obj
 0003:00000020       gEfiPersistentVirtualDiskGuid 000000000000ccc0     DevicePathDxe:AutoGen.obj
 0003:00000030       gPcdProtocolGuid           000000000000ccd0     DevicePathDxe:AutoGen.obj
 0003:00000040       _gPcd_BinaryPatch_PcdPciSerialParameters 000000000000cce0     DevicePathDxe:AutoGen.obj
 0003:00000060       gEfiVTUTF8Guid             000000000000cd00     DevicePathDxe:AutoGen.obj
 0003:00000070       gEfiUartDevicePathGuid     000000000000cd10     DevicePathDxe:AutoGen.obj
 0003:00000080       gEfiVT100Guid              000000000000cd20     DevicePathDxe:AutoGen.obj
 0003:00000090       _gPcd_BinaryPatch_PcdSerialLineControl 000000000000cd30     DevicePathDxe:AutoGen.obj
 0003:00000098       gEfiDevicePathToTextProtocolGuid 000000000000cd38     DevicePathDxe:AutoGen.obj
 0003:000000a8       gEfiDevicePathUtilitiesProtocolGuid 000000000000cd48     DevicePathDxe:AutoGen.obj
 0003:000000b8       _gPcd_BinaryPatch_PcdSerialUseMmio 000000000000cd58     DevicePathDxe:AutoGen.obj
 0003:000000c0       gEfiDevicePathFromTextProtocolGuid 000000000000cd60     DevicePathDxe:AutoGen.obj
 0003:000000d0       _gPcd_BinaryPatch_PcdDebugPrintErrorLevel 000000000000cd70     DevicePathDxe:AutoGen.obj
 0003:000000d8       gEfiVT100PlusGuid          000000000000cd78     DevicePathDxe:AutoGen.obj
 0003:000000e8       _gPcd_BinaryPatch_PcdDebugPropertyMask 000000000000cd88     DevicePathDxe:AutoGen.obj
 0003:000000f0       gEfiHobListGuid            000000000000cd90     DevicePathDxe:AutoGen.obj
 0003:00000100       gEfiDebugPortProtocolGuid  000000000000cda0     DevicePathDxe:AutoGen.obj
 0003:00000110       gEfiVirtualDiskGuid        000000000000cdb0     DevicePathDxe:AutoGen.obj
 0003:00000120       _gPcd_BinaryPatch_PcdSerialFifoControl 000000000000cdc0     DevicePathDxe:AutoGen.obj
 0003:00000128       gEfiSasDevicePathGuid      000000000000cdc8     DevicePathDxe:AutoGen.obj
 0003:00000138       gEfiPersistentVirtualCdGuid 000000000000cdd8     DevicePathDxe:AutoGen.obj
 0003:00000148       gEfiPcAnsiGuid             000000000000cde8     DevicePathDxe:AutoGen.obj
 0003:00000158       _gPcd_BinaryPatch_PcdSerialExtendedTxFifoSize 000000000000cdf8     DevicePathDxe:AutoGen.obj
[...]
 0003:000006ec       _gPcd_BinaryPatch_PcdSerialBaudRate 000000000000d38c     DevicePathDxe:AutoGen.obj
 0003:000006f0       gRT                        000000000000d390     UefiRuntimeServicesTableLib:UefiRuntimeServicesTableLib.obj
 0003:000006f8       gST                        000000000000d398     UefiBootServicesTableLib:UefiBootServicesTableLib.obj
 0003:00000700       gBS                        000000000000d3a0     UefiBootServicesTableLib:UefiBootServicesTableLib.obj
 0003:00000708       gImageHandle               000000000000d3a8     UefiBootServicesTableLib:UefiBootServicesTableLib.obj
 0003:00000710       mHobList                   000000000000d3b0     DxeHobLib:HobLib.obj
 0003:00000718       mPcd                       000000000000d3b8     DxePcdLib:DxePcdLib.obj

 entry point at        0001:000000b4

 Static symbols

 0001:0000003a       InternalMemCopyMem.0       00000000000002fa     BaseMemoryLibRepStr:CopyMem.obj
 0001:0000004a       @CopyBackward              000000000000030a     BaseMemoryLibRepStr:CopyMem.obj
 0001:00000053       @CopyBytes                 0000000000000313     BaseMemoryLibRepStr:CopyMem.obj
 0005:00000000       $unwind$DevPathToTextInfiniBand 000000000000dbc0     UefiDevicePathLib:DevicePathToText.obj
 0005:00000000       $unwind$_ModuleEntryPoint  000000000000dbc0     UefiDriverEntryPoint:DriverEntryPoint.obj
 0005:00000000       $unwind$PlatformHookSerialPortInitialize 000000000000dbc0     PlatformHookLib:PlatformHookLib.obj
 0005:00000008       $unwind$ProcessLibraryConstructorList 000000000000dbc8     DevicePathDxe:AutoGen.obj
 0005:00000018       $unwind$DebugPrint         000000000000dbd8     BaseDebugLibSerialPort:DebugLib.obj
 0005:00000020       $unwind$DebugPrintMarker   000000000000dbe0     BaseDebugLibSerialPort:DebugLib.obj
 0005:00000034       $unwind$DebugAssert        000000000000dbf4     BaseDebugLibSerialPort:DebugLib.obj
 0005:0000003c       $unwind$StrCmp             000000000000dbfc     BaseLib:String.obj
 0005:0000003c       $unwind$StrLen             000000000000dbfc     BaseLib:String.obj
 0005:0000003c       $unwind$CopyMem            000000000000dbfc     BaseMemoryLibRepStr:CopyMemWrapper.obj
 0005:0000003c       $unwind$CopyGuid           000000000000dbfc     BaseMemoryLibRepStr:MemLibGuid.obj
 0005:0000003c       $unwind$BasePrintLibValueToString 000000000000dbfc     BasePrintLib:PrintLibInternal.obj
 0005:0000003c       $unwind$GetHobList         000000000000dbfc     DxeHobLib:HobLib.obj
 0005:0000003c       $unwind$DevPathToTextAcpiAdr 000000000000dbfc     UefiDevicePathLib:DevicePathToText.obj
 0005:0000003c       $unwind$DevPathToTextBBS   000000000000dbfc     UefiDevicePathLib:DevicePathToText.obj
 0005:0000003c       $unwind$DevPathToTextBmc   000000000000dbfc     UefiDevicePathLib:DevicePathToText.obj
 0005:0000003c       $unwind$DevPathToTextIPv6  000000000000dbfc     UefiDevicePathLib:DevicePathToText.obj
 0005:0000003c       $unwind$DevPathToTextUart  000000000000dbfc     UefiDevicePathLib:DevicePathToText.obj
 0005:0000003c       $unwind$GetDevicePathSize  000000000000dbfc     UefiDevicePathLib:UefiDevicePathLib.obj
 0005:0000004c       $unwind$MmioRead32         000000000000dc0c     BaseIoLibIntrinsic:IoLib.obj
 0005:0000004c       $unwind$PciExpressRead32   000000000000dc0c     BasePciExpressLib:PciExpressLib.obj
 0005:0000004c       $unwind$GetNextHob         000000000000dc0c     DxeHobLib:HobLib.obj
 0005:0000004c       $unwind$DevPathFromTextDebugPort 000000000000dc0c     UefiDevicePathLib:DevicePathFromText.obj
 0005:0000004c       $unwind$DevPathFromTextVenPcAnsi 000000000000dc0c     UefiDevicePathLib:DevicePathFromText.obj
 0005:0000004c       $unwind$DevPathFromTextVenUtf8 000000000000dc0c     UefiDevicePathLib:DevicePathFromText.obj
 0005:0000004c       $unwind$DevPathFromTextVenVt100 000000000000dc0c     UefiDevicePathLib:DevicePathFromText.obj
 0005:0000004c       $unwind$DevPathFromTextVenVt100Plus 000000000000dc0c     UefiDevicePathLib:DevicePathFromText.obj
 0005:0000004c       $unwind$EisaIdFromText     000000000000dc0c     UefiDevicePathLib:DevicePathFromText.obj
 0005:0000004c       $unwind$NetworkProtocolFromText 000000000000dc0c     UefiDevicePathLib:DevicePathFromText.obj
 0005:0000004c       $unwind$Strtoi64           000000000000dc0c     UefiDevicePathLib:DevicePathFromText.obj
 0005:0000004c       $unwind$DevicePathNodeLength 000000000000dc0c     UefiDevicePathLib:DevicePathUtilities.obj
 0005:0000004c       $unwind$NextDevicePathNode 000000000000dc0c     UefiDevicePathLib:DevicePathUtilities.obj
 0005:0000004c       $unwind$DuplicateDevicePath 000000000000dc0c     UefiDevicePathLib:UefiDevicePathLib.obj
 0005:00000054       $unwind$SerialPortInitialize 000000000000dc14     BaseSerialPortLib16550:BaseSerialPortLib16550.obj
 0005:00000054       $unwind$AppendDevicePath   000000000000dc14     UefiDevicePathLib:UefiDevicePathLib.obj
 0005:00000054       $unwind$CreateDeviceNode   000000000000dc14     UefiDevicePathLib:UefiDevicePathLib.obj
 0005:00000054       $unwind$GetNextDevicePathInstance 000000000000dc14     UefiDevicePathLib:UefiDevicePathLib.obj
 0005:0000006c       $unwind$DevPathToTextFibreEx 000000000000dc2c     UefiDevicePathLib:DevicePathToText.obj
 0005:0000006c       $unwind$DevPathToTextMacAddr 000000000000dc2c     UefiDevicePathLib:DevicePathToText.obj
 0005:0000006c       $unwind$DevPathToTextUri   000000000000dc2c     UefiDevicePathLib:DevicePathToText.obj
 0005:0000006c       $unwind$IsDevicePathValid  000000000000dc2c     UefiDevicePathLib:DevicePathUtilities.obj
 0005:0000006c       $unwind$AppendDevicePathNode 000000000000dc2c     UefiDevicePathLib:UefiDevicePathLib.obj
 0005:0000006c       $unwind$InternalReallocatePool 000000000000dc2c     UefiMemoryAllocationLib:MemoryAllocationLib.obj
 0005:00000080       $unwind$DevPathToTextiSCSI 000000000000dc40     UefiDevicePathLib:DevicePathToText.obj
 0005:00000080       $unwind$AppendDevicePathInstance 000000000000dc40     UefiDevicePathLib:UefiDevicePathLib.obj
 0005:00000098       $unwind$StrnLenS           000000000000dc58     BaseLib:SafeString.obj
 0005:00000098       $unwind$AsciiStrLen        000000000000dc58     BaseLib:String.obj
 0005:00000098       $unwind$ZeroMem            000000000000dc58     BaseMemoryLibRepStr:ZeroMemWrapper.obj
 0005:00000098       $unwind$IsDevicePathEnd    000000000000dc58     UefiDevicePathLib:DevicePathUtilities.obj
 0005:00000098       $unwind$SetDevicePathNodeLength 000000000000dc58     UefiDevicePathLib:DevicePathUtilities.obj
 0005:00000098       $unwind$IsDevicePathMultiInstance 000000000000dc58     UefiDevicePathLib:UefiDevicePathLib.obj
 0005:00000098       $unwind$InternalAllocateCopyPool 000000000000dc58     UefiMemoryAllocationLib:MemoryAllocationLib.obj
 0005:00000098       $unwind$GetGuidHobDataFromSbl 000000000000dc58     SblParseLib:SblParseLib.obj
 0005:000000a4       $unwind$StrDecimalToUintnS 000000000000dc64     BaseLib:SafeString.obj
 0005:000000a4       $unwind$StrHexToUintnS     000000000000dc64     BaseLib:SafeString.obj
 0005:000000a4       $unwind$ConvertDeviceNodeToText 000000000000dc64     UefiDevicePathLib:UefiDevicePathLib.obj
 0005:000000b8       $unwind$ConvertDevicePathToText 000000000000dc78     UefiDevicePathLib:UefiDevicePathLib.obj
 0005:000000d4       $unwind$GetPcdProtocol     000000000000dc94     DxePcdLib:DxePcdLib.obj
 0005:000000d4       $unwind$DevPathFromTextUsbAudio 000000000000dc94     UefiDevicePathLib:DevicePathFromText.obj
 0005:000000d4       $unwind$DevPathFromTextUsbCDCControl 000000000000dc94     UefiDevicePathLib:DevicePathFromText.obj
 0005:000000d4       $unwind$DevPathFromTextUsbCDCData 000000000000dc94     UefiDevicePathLib:DevicePathFromText.obj
 0005:000000d4       $unwind$DevPathFromTextUsbClass 000000000000dc94     UefiDevicePathLib:DevicePathFromText.obj
 0005:000000d4       $unwind$DevPathFromTextUsbDeviceFirmwareUpdate 000000000000dc94     UefiDevicePathLib:DevicePathFromText.obj
 0005:000000d4       $unwind$DevPathFromTextUsbDiagnostic 000000000000dc94     UefiDevicePathLib:DevicePathFromText.obj
 0005:000000d4       $unwind$DevPathFromTextUsbHID 000000000000dc94     UefiDevicePathLib:DevicePathFromText.obj
 0005:000000d4       $unwind$DevPathFromTextUsbHub 000000000000dc94     UefiDevicePathLib:DevicePathFromText.obj
 0005:000000d4       $unwind$DevPathFromTextUsbImage 000000000000dc94     UefiDevicePathLib:DevicePathFromText.obj
 0005:000000d4       $unwind$DevPathFromTextUsbIrdaBridge 000000000000dc94     UefiDevicePathLib:DevicePathFromText.obj
 0005:000000d4       $unwind$DevPathFromTextUsbMassStorage 000000000000dc94     UefiDevicePathLib:DevicePathFromText.obj
 0005:000000d4       $unwind$DevPathFromTextUsbPrinter 000000000000dc94     UefiDevicePathLib:DevicePathFromText.obj
 0005:000000d4       $unwind$DevPathFromTextUsbSmartCard 000000000000dc94     UefiDevicePathLib:DevicePathFromText.obj
 0005:000000d4       $unwind$DevPathFromTextUsbTestAndMeasurement 000000000000dc94     UefiDevicePathLib:DevicePathFromText.obj
 0005:000000d4       $unwind$DevPathFromTextUsbVideo 000000000000dc94     UefiDevicePathLib:DevicePathFromText.obj
 0005:000000d4       $unwind$DevPathFromTextUsbWireless 000000000000dc94     UefiDevicePathLib:DevicePathFromText.obj
 0005:000000d4       $unwind$Strtoi             000000000000dc94     UefiDevicePathLib:DevicePathFromText.obj
 0005:000000d4       $unwind$FreePool           000000000000dc94     UefiMemoryAllocationLib:MemoryAllocationLib.obj
 0005:000000d4       $unwind$InternalAllocatePool 000000000000dc94     UefiMemoryAllocationLib:MemoryAllocationLib.obj
 0005:000000dc       $unwind$DevPathFromTextGenericPath 000000000000dc9c     UefiDevicePathLib:DevicePathFromText.obj
 0005:000000f0       $unwind$DevPathFromTextPath 000000000000dcb0     UefiDevicePathLib:DevicePathFromText.obj
 0005:000000f8       $unwind$ConvertFromTextAcpi 000000000000dcb8     UefiDevicePathLib:DevicePathFromText.obj
 0005:000000f8       $unwind$DevPathFromTextAcpi 000000000000dcb8     UefiDevicePathLib:DevicePathFromText.obj
 0005:000000f8       $unwind$DevPathFromTextBluetoothLE 000000000000dcb8     UefiDevicePathLib:DevicePathFromText.obj
 0005:000000f8       $unwind$DevPathFromTextBmc 000000000000dcb8     UefiDevicePathLib:DevicePathFromText.obj
 0005:000000f8       $unwind$DevPathFromTextFibre 000000000000dcb8     UefiDevicePathLib:DevicePathFromText.obj
 0005:000000f8       $unwind$DevPathFromTextMAC 000000000000dcb8     UefiDevicePathLib:DevicePathFromText.obj
 0005:000000f8       $unwind$DevPathFromTextPci 000000000000dcb8     UefiDevicePathLib:DevicePathFromText.obj
 0005:000000f8       $unwind$DevPathFromTextRelativeOffsetRange 000000000000dcb8     UefiDevicePathLib:DevicePathFromText.obj
 0005:000000f8       $unwind$DevPathFromTextScsi 000000000000dcb8     UefiDevicePathLib:DevicePathFromText.obj
 0005:000000f8       $unwind$DevPathFromTextUartFlowCtrl 000000000000dcb8     UefiDevicePathLib:DevicePathFromText.obj
 0005:000000f8       $unwind$DevPathFromTextUfs 000000000000dcb8     UefiDevicePathLib:DevicePathFromText.obj
 0005:000000f8       $unwind$DevPathFromTextUsb 000000000000dcb8     UefiDevicePathLib:DevicePathFromText.obj
 0005:00000108       $unwind$DevPathFromText1394 000000000000dcc8     UefiDevicePathLib:DevicePathFromText.obj
 0005:00000108       $unwind$DevPathFromTextBluetooth 000000000000dcc8     UefiDevicePathLib:DevicePathFromText.obj
 0005:00000108       $unwind$DevPathFromTextCtrl 000000000000dcc8     UefiDevicePathLib:DevicePathFromText.obj
 0005:00000108       $unwind$DevPathFromTextEmmc 000000000000dcc8     UefiDevicePathLib:DevicePathFromText.obj
 0005:00000108       $unwind$DevPathFromTextFv  000000000000dcc8     UefiDevicePathLib:DevicePathFromText.obj
 0005:00000108       $unwind$DevPathFromTextFvFile 000000000000dcc8     UefiDevicePathLib:DevicePathFromText.obj
 0005:00000108       $unwind$DevPathFromTextI2O 000000000000dcc8     UefiDevicePathLib:DevicePathFromText.obj
 0005:00000108       $unwind$DevPathFromTextMedia 000000000000dcc8     UefiDevicePathLib:DevicePathFromText.obj
 0005:00000108       $unwind$DevPathFromTextPcCard 000000000000dcc8     UefiDevicePathLib:DevicePathFromText.obj
 0005:00000108       $unwind$DevPathFromTextSd  000000000000dcc8     UefiDevicePathLib:DevicePathFromText.obj
 0005:00000108       $unwind$DevPathFromTextUnit 000000000000dcc8     UefiDevicePathLib:DevicePathFromText.obj
 0005:00000108       $unwind$DevPathFromTextUri 000000000000dcc8     UefiDevicePathLib:DevicePathFromText.obj
 0005:00000108       $unwind$DevPathFromTextVlan 000000000000dcc8     UefiDevicePathLib:DevicePathFromText.obj
 0005:00000114       $unwind$DevPathFromTextAcpiExp 000000000000dcd4     UefiDevicePathLib:DevicePathFromText.obj
 0005:00000114       $unwind$DevPathFromTextCDROM 000000000000dcd4     UefiDevicePathLib:DevicePathFromText.obj
 0005:00000114       $unwind$DevPathFromTextFibreEx 000000000000dcd4     UefiDevicePathLib:DevicePathFromText.obj
 0005:00000114       $unwind$DevPathFromTextMemoryMapped 000000000000dcd4     UefiDevicePathLib:DevicePathFromText.obj
 0005:00000114       $unwind$DevPathFromTextSata 000000000000dcd4     UefiDevicePathLib:DevicePathFromText.obj
 0005:00000128       $unwind$ConvertFromTextVendor 000000000000dce8     UefiDevicePathLib:DevicePathFromText.obj
 0005:00000128       $unwind$DevPathFromTextAcpiAdr 000000000000dce8     UefiDevicePathLib:DevicePathFromText.obj
 0005:00000128       $unwind$DevPathFromTextAta 000000000000dce8     UefiDevicePathLib:DevicePathFromText.obj
 0005:0000013c       $unwind$DevPathFromTextAcpiEx 000000000000dcfc     UefiDevicePathLib:DevicePathFromText.obj
 0005:00000158       $unwind$ConvertFromTextUsbClass 000000000000dd18     UefiDevicePathLib:DevicePathFromText.obj
 0005:00000158       $unwind$DevPathFromTextInfiniband 000000000000dd18     UefiDevicePathLib:DevicePathFromText.obj
 0005:00000158       $unwind$DevPathFromTextUsbWwid 000000000000dd18     UefiDevicePathLib:DevicePathFromText.obj
 0005:00000170       $unwind$DevPathFromTextSAS 000000000000dd30     UefiDevicePathLib:DevicePathFromText.obj
 0005:00000188       $unwind$DevPathFromTextSasEx 000000000000dd48     UefiDevicePathLib:DevicePathFromText.obj
 0005:000001a0       $unwind$DevPathFromTextDns 000000000000dd60     UefiDevicePathLib:DevicePathFromText.obj
 0005:000001a0       $unwind$DevPathFromTextNVMe 000000000000dd60     UefiDevicePathLib:DevicePathFromText.obj
 0005:000001b0       $unwind$DevPathFromTextBBS 000000000000dd70     UefiDevicePathLib:DevicePathFromText.obj
 0005:000001b0       $unwind$DevPathFromTextIPv4 000000000000dd70     UefiDevicePathLib:DevicePathFromText.obj
 0005:000001b0       $unwind$DevPathFromTextIPv6 000000000000dd70     UefiDevicePathLib:DevicePathFromText.obj
 0005:000001b0       $unwind$DevPathFromTextUart 000000000000dd70     UefiDevicePathLib:DevicePathFromText.obj
 0005:000001c8       $unwind$DevPathFromTextiSCSI 000000000000dd88     UefiDevicePathLib:DevicePathFromText.obj
 0005:000001e0       $unwind$DevPathFromTextWiFi 000000000000dda0     UefiDevicePathLib:DevicePathFromText.obj
 0005:000001f4       $unwind$DevPathFromTextHD  000000000000ddb4     UefiDevicePathLib:DevicePathFromText.obj
 0005:00000208       $unwind$StrHexToBytes      000000000000ddc8     BaseLib:SafeString.obj
 0005:00000208       $unwind$DevPathFromTextFilePath 000000000000ddc8     UefiDevicePathLib:DevicePathFromText.obj
 0005:00000220       $unwind$DevPathFromTextRamDisk 000000000000dde0     UefiDevicePathLib:DevicePathFromText.obj
 0005:00000230       $unwind$DevPathFromTextPersistentVirtualCd 000000000000ddf0     UefiDevicePathLib:DevicePathFromText.obj
 0005:00000230       $unwind$DevPathFromTextPersistentVirtualDisk 000000000000ddf0     UefiDevicePathLib:DevicePathFromText.obj
 0005:00000230       $unwind$DevPathFromTextVirtualCd 000000000000ddf0     UefiDevicePathLib:DevicePathFromText.obj
 0005:00000230       $unwind$DevPathFromTextVirtualDisk 000000000000ddf0     UefiDevicePathLib:DevicePathFromText.obj
 0005:00000240       $unwind$UefiDevicePathLibConvertTextToDeviceNode 000000000000de00     UefiDevicePathLib:DevicePathFromText.obj
 0005:0000025c       $unwind$UefiDevicePathLibConvertTextToDevicePath 000000000000de1c     UefiDevicePathLib:DevicePathFromText.obj
 0005:00000278       $unwind$UefiDevicePathLibCatPrint 000000000000de38     UefiDevicePathLib:DevicePathToText.obj
 0005:00000284       $unwind$DevPathToTextAtapi 000000000000de44     UefiDevicePathLib:DevicePathToText.obj
 0005:00000284       $unwind$DevPathToTextCDROM 000000000000de44     UefiDevicePathLib:DevicePathToText.obj
 0005:00000284       $unwind$DevPathToTextMemMap 000000000000de44     UefiDevicePathLib:DevicePathToText.obj
 0005:00000284       $unwind$DevPathToTextSata  000000000000de44     UefiDevicePathLib:DevicePathToText.obj
 0005:0000028c       $unwind$DevPathToTextVendor 000000000000de4c     UefiDevicePathLib:DevicePathToText.obj
 0005:000002a8       $unwind$DevPathToTextAcpiEx 000000000000de68     UefiDevicePathLib:DevicePathToText.obj
 0005:000002c0       $unwind$UnicodeVSPrint     000000000000de80     BasePrintLib:PrintLib.obj
 0005:000002c0       $unwind$DevPathToTextSasEx 000000000000de80     UefiDevicePathLib:DevicePathToText.obj
 0005:000002d4       $unwind$DevPathToTextNVMe  000000000000de94     UefiDevicePathLib:DevicePathToText.obj
 0005:000002e4       $unwind$DevPathToTextUsbWWID 000000000000dea4     UefiDevicePathLib:DevicePathToText.obj
 0005:000002fc       $unwind$DevPathToTextUsbClass 000000000000debc     UefiDevicePathLib:DevicePathToText.obj
 0005:00000308       $unwind$CatIPv6Address     000000000000dec8     UefiDevicePathLib:DevicePathToText.obj
 0005:00000324       $unwind$DevPathToTextIPv4  000000000000dee4     UefiDevicePathLib:DevicePathToText.obj
 0005:00000324       $unwind$DevPathToTextRamDisk 000000000000dee4     UefiDevicePathLib:DevicePathToText.obj
 0005:00000334       $unwind$DevPathToTextBluetooth 000000000000def4     UefiDevicePathLib:DevicePathToText.obj
 0005:0000033c       $unwind$DevPathToTextWiFi  000000000000defc     UefiDevicePathLib:DevicePathToText.obj
 0005:00000344       $unwind$DevPathToTextBluetoothLE 000000000000df04     UefiDevicePathLib:DevicePathToText.obj
 0005:00000350       $unwind$DevPathToTextDns   000000000000df10     UefiDevicePathLib:DevicePathToText.obj
 0005:00000368       $unwind$DevPathToTextHardDrive 000000000000df28     UefiDevicePathLib:DevicePathToText.obj
 0005:00000374       $unwind$DevPathToTextNodeGeneric 000000000000df34     UefiDevicePathLib:DevicePathToText.obj
 0005:0000038c       $unwind$CompareGuid        000000000000df4c     BaseMemoryLibRepStr:MemLibGuid.obj
 0005:000003a8       $unwind$StrDecimalToUint64 000000000000df68     BaseLib:String.obj
 0005:000003a8       $unwind$StrHexToUint64     000000000000df68     BaseLib:String.obj
 0005:000003b4       $unwind$StrToIpv6Address   000000000000df74     BaseLib:SafeString.obj
 0005:000003cc       $unwind$StrToIpv4Address   000000000000df8c     BaseLib:SafeString.obj
 0005:000003dc       $unwind$StrToGuid          000000000000df9c     BaseLib:SafeString.obj
 0005:000003f4       $unwind$UnicodeStrToAsciiStrS 000000000000dfb4     BaseLib:SafeString.obj
 0005:0000040c       $unwind$UnicodeSPrint      000000000000dfcc     BasePrintLib:PrintLib.obj
 0005:00000414       $unwind$AsciiSPrint        000000000000dfd4     BasePrintLib:PrintLib.obj
 0005:0000041c       $unwind$BasePrintLibSPrintMarker 000000000000dfdc     BasePrintLib:PrintLibInternal.obj
 0005:00000438       $unwind$BasePrintLibSPrint 000000000000dff8     BasePrintLib:PrintLibInternal.obj
 0005:00000440       $unwind$SerialPortWrite    000000000000e000     BaseSerialPortLib16550:BaseSerialPortLib16550.obj
